Archive member included because of file (symbol)

libcrypto_pic.a(rc5_enc_dummy.pico)
                              (--whole-archive)
libcrypto_pic.a(rc5_skey_dummy.pico)
                              (--whole-archive)
libcrypto_pic.a(mdc2_one.pico)
                              (--whole-archive)
libcrypto_pic.a(x509type.pico)
                              (--whole-archive)
libcrypto_pic.a(x509cset.pico)
                              (--whole-archive)
libcrypto_pic.a(x509spki.pico)
                              (--whole-archive)
libcrypto_pic.a(x509_r2x.pico)
                              (--whole-archive)
libcrypto_pic.a(x509_d2.pico)
                              (--whole-archive)
libcrypto_pic.a(ts_conf.pico)
                              (--whole-archive)
libcrypto_pic.a(ts_verify_ctx.pico)
                              (--whole-archive)
libcrypto_pic.a(ts_rsp_verify.pico)
                              (--whole-archive)
libcrypto_pic.a(ts_rsp_sign.pico)
                              (--whole-archive)
libcrypto_pic.a(ts_rsp_print.pico)
                              (--whole-archive)
libcrypto_pic.a(ts_rsp_utils.pico)
                              (--whole-archive)
libcrypto_pic.a(ts_req_print.pico)
                              (--whole-archive)
libcrypto_pic.a(str_meth.pico)
                              (--whole-archive)
libcrypto_pic.a(str_mem.pico)
                              (--whole-archive)
libcrypto_pic.a(str_lib.pico)
                              (--whole-archive)
libcrypto_pic.a(str_err.pico)
                              (--whole-archive)
libcrypto_pic.a(srp_vfy.pico)
                              (--whole-archive)
libcrypto_pic.a(srp_lib.pico)
                              (--whole-archive)
libcrypto_pic.a(libc-sha256.pico)
                              (--whole-archive)
libcrypto_pic.a(libc-sha512.pico)
                              (--whole-archive)
libcrypto_pic.a(sha1_one.pico)
                              (--whole-archive)
libcrypto_pic.a(sha_one.pico)
                              (--whole-archive)
libcrypto_pic.a(rsa_prn.pico)
                              (--whole-archive)
libcrypto_pic.a(rsa_depr.pico)
                              (--whole-archive)
libcrypto_pic.a(rsa_null.pico)
                              (--whole-archive)
libcrypto_pic.a(rsa_chk.pico)
                              (--whole-archive)
libcrypto_pic.a(rmd_one.pico)
                              (--whole-archive)
libcrypto_pic.a(rand_os2.pico)
                              (--whole-archive)
libcrypto_pic.a(rand_win.pico)
                              (--whole-archive)
libcrypto_pic.a(randfile.pico)
                              (--whole-archive)
libcrypto_pic.a(pqueue.pico)  (--whole-archive)
libcrypto_pic.a(pk7_mime.pico)
                              (--whole-archive)
libcrypto_pic.a(pk7_smime.pico)
                              (--whole-archive)
libcrypto_pic.a(p12_npas.pico)
                              (--whole-archive)
libcrypto_pic.a(p12_kiss.pico)
                              (--whole-archive)
libcrypto_pic.a(p12_crt.pico)
                              (--whole-archive)
libcrypto_pic.a(p12_attr.pico)
                              (--whole-archive)
libcrypto_pic.a(pvkfmt.pico)  (--whole-archive)
libcrypto_pic.a(pem_seal.pico)
                              (--whole-archive)
libcrypto_pic.a(pem_sign.pico)
                              (--whole-archive)
libcrypto_pic.a(ocsp_vfy.pico)
                              (--whole-archive)
libcrypto_pic.a(ocsp_prn.pico)
                              (--whole-archive)
libcrypto_pic.a(ocsp_srv.pico)
                              (--whole-archive)
libcrypto_pic.a(ocsp_cl.pico)
                              (--whole-archive)
libcrypto_pic.a(ocsp_lib.pico)
                              (--whole-archive)
libcrypto_pic.a(ocsp_ht.pico)
                              (--whole-archive)
libcrypto_pic.a(ocsp_ext.pico)
                              (--whole-archive)
libcrypto_pic.a(md5_one.pico)
                              (--whole-archive)
libcrypto_pic.a(md4_one.pico)
                              (--whole-archive)
libcrypto_pic.a(md2_one.pico)
                              (--whole-archive)
libcrypto_pic.a(cmll_ctr.pico)
                              (--whole-archive)
libcrypto_pic.a(cts128.pico)  (--whole-archive)
libcrypto_pic.a(lh_stats.pico)
                              (--whole-archive)
libcrypto_pic.a(krb5_asn.pico)
                              (--whole-archive)
libcrypto_pic.a(evp_fips.pico)
                              (--whole-archive)
libcrypto_pic.a(bio_ok.pico)  (--whole-archive)
libcrypto_pic.a(e_null.pico)  (--whole-archive)
libcrypto_pic.a(p_seal.pico)  (--whole-archive)
libcrypto_pic.a(p_open.pico)  (--whole-archive)
libcrypto_pic.a(m_md2.pico)   (--whole-archive)
libcrypto_pic.a(m_null.pico)  (--whole-archive)
libcrypto_pic.a(evp_acnf.pico)
                              (--whole-archive)
libcrypto_pic.a(err_all.pico)
[...]
Memory Configuration

Name             Origin             Length             Attributes
*default*        0x00000000         0xffffffff

Linker script and memory map

LOAD /usr/lib/crti.o
LOAD /usr/lib/crtbeginS.o
LOAD libcrypto_pic.a
LOAD /usr/src/lib/libcrypt/libcrypt.so
LOAD /usr/lib/libc.so
LOAD /usr/lib/crtendS.o
LOAD /usr/lib/crtn.o
                0x000000f4                . = (0x0 + SIZEOF_HEADERS)

.note.gnu.build-id
 *(.note.gnu.build-id)

.hash           0x000000f4     0x8418
 *(.hash)
 .hash          0x000000f4     0x8418 /usr/lib/crti.o

.gnu.hash
 *(.gnu.hash)

.dynsym         0x0000850c    0x11010
 *(.dynsym)
 .dynsym        0x0000850c    0x11010 /usr/lib/crti.o

.dynstr         0x0001951c    0x1410d
 *(.dynstr)
 .dynstr        0x0001951c    0x1410d /usr/lib/crti.o

.gnu.version    0x0002d62a        0x0
 *(.gnu.version)
 .gnu.version   0x00000000        0x0 /usr/lib/crti.o

.gnu.version_d  0x0002d62c        0x0
 *(.gnu.version_d)
 .gnu.version_d
                0x00000000        0x0 /usr/lib/crti.o

.gnu.version_r  0x0002d62c        0x0
 *(.gnu.version_r)
 .gnu.version_r
                0x00000000        0x0 /usr/lib/crti.o

.rel.dyn        0x0002d62c    0x11828
 *(.rel.init)
 *(.rel.text .rel.text.* .rel.gnu.linkonce.t.*)
 *(.rel.fini)
 *(.rel.rodata .rel.rodata.* .rel.gnu.linkonce.r.*)
 *(.rel.data.rel.ro .rel.data.rel.ro.* .rel.gnu.linkonce.d.rel.ro.*)
 .rel.data.rel.ro.local
                0x0002d62c     0x7aa8 /usr/lib/crti.o
 .rel.data.rel.ro
                0x000350d4     0x34a0 /usr/lib/crti.o
 *(.rel.data .rel.data.* .rel.gnu.linkonce.d.*)
 .rel.data.rel  0x00038574      0x280 /usr/lib/crti.o
 .rel.data.rel.local
                0x000387f4     0x58d8 /usr/lib/crti.o
 *(.rel.tdata .rel.tdata.* .rel.gnu.linkonce.td.*)
 *(.rel.tbss .rel.tbss.* .rel.gnu.linkonce.tb.*)
 *(.rel.ctors)
 *(.rel.dtors)
 *(.rel.got)
 .rel.got       0x0003e0cc      0xd88 /usr/lib/crti.o
 *(.rel.bss .rel.bss.* .rel.gnu.linkonce.b.*)
 *(.rel.ifunc)
 .rel.ifunc     0x00000000        0x0 /usr/lib/crti.o

.rel.plt        0x0003ee54     0x4008
 *(.rel.plt)
 .rel.plt       0x0003ee54     0x4008 /usr/lib/crti.o
 *(.rel.iplt)

.init           0x00042e60       0x1d
 *(SORT(.init))
 .init          0x00042e60        0x3 /usr/lib/crti.o
                0x00042e60                _init
 .init          0x00042e63        0x5 /usr/lib/crtbeginS.o
 .init          0x00042e68       0x13 libcrypto_pic.a(x86cpuid.pico)
 .init          0x00042e7b        0x2 /usr/lib/crtn.o

.plt            0x00042e80     0x8020
 *(.plt)
 .plt           0x00042e80     0x8020 /usr/lib/crti.o
 *(.iplt)

.text           0x0004aec0   0x114424
                0x0004aec0                PROVIDE (__eprol, .)
 *(.text)
 .text          0x0004aec0        0x0 /usr/lib/crti.o
 .text          0x0004aec0       0xef /usr/lib/crtbeginS.o
 *fill*         0x0004afaf        0x1 
 .text          0x0004afb0       0xec libcrypto_pic.a(rc5_enc_dummy.pico)
                0x0004afb0                RC5_32_cbc_encrypt
                0x0004afb0                _RC5_32_cbc_encrypt
                0x0004b000                RC5_32_encrypt
                0x0004b000                _RC5_32_encrypt
                0x0004b050                _RC5_32_decrypt
                0x0004b050                RC5_32_decrypt
 *fill*         0x0004b09c        0x4 
 .text          0x0004b0a0       0x4c libcrypto_pic.a(rc5_skey_dummy.pico)
                0x0004b0a0                RC5_32_set_key
                0x0004b0a0                _RC5_32_set_key
 *fill*         0x0004b0ec        0x4 
 .text          0x0004b0f0       0x75 libcrypto_pic.a(mdc2_one.pico)
                0x0004b0f0                MDC2
 *fill*         0x0004b165        0xb 
 .text          0x0004b170      0x11c libcrypto_pic.a(x509type.pico)
                0x0004b170                X509_certificate_type
 *fill*         0x0004b28c        0x4 
 .text          0x0004b290      0x291 libcrypto_pic.a(x509cset.pico)
                0x0004b290                X509_CRL_set_version
                0x0004b2f0                X509_CRL_set_issuer_name
                0x0004b330                X509_CRL_set_lastUpdate
                0x0004b390                X509_CRL_set_nextUpdate
                0x0004b3f0                X509_CRL_sort
                0x0004b470                X509_REVOKED_set_revocationDate
                0x0004b4d0                X509_REVOKED_set_serialNumber
 *fill*         0x0004b521        0xf 
 .text          0x0004b530      0x25c libcrypto_pic.a(x509spki.pico)
                0x0004b530                NETSCAPE_SPKI_set_pubkey
                0x0004b570                NETSCAPE_SPKI_get_pubkey
                0x0004b5b0                NETSCAPE_SPKI_b64_decode
                0x0004b6b0                NETSCAPE_SPKI_b64_encode
 *fill*         0x0004b78c        0x4 
 .text          0x0004b790      0x165 libcrypto_pic.a(x509_r2x.pico)
                0x0004b790                X509_REQ_to_X509
 *fill*         0x0004b8f5        0xb 
 .text          0x0004b900      0x175 libcrypto_pic.a(x509_d2.pico)
                0x0004b900                X509_STORE_set_default_paths
                0x0004b9b0                X509_STORE_load_locations
 *fill*         0x0004ba75        0xb 
 .text          0x0004ba80     0x1029 libcrypto_pic.a(ts_conf.pico)
                0x0004ba80                TS_CONF_load_cert
                0x0004bb10                TS_CONF_load_certs
                0x0004bc40                TS_CONF_load_key
                0x0004bcd0                TS_CONF_get_tsa_section
                0x0004bd40                TS_CONF_set_serial
                0x0004bdd0                TS_CONF_set_crypto_device
                0x0004be60                TS_CONF_set_default_engine
                0x0004bfb0                TS_CONF_set_signer_cert
                0x0004c0c0                TS_CONF_set_certs
                0x0004c150                TS_CONF_set_signer_key
                0x0004c260                TS_CONF_set_def_policy
                0x0004c320                TS_CONF_set_policies
                0x0004c460                TS_CONF_set_digests
                0x0004c5c0                TS_CONF_set_accuracy
                0x0004c7d0                TS_CONF_set_clock_precision_digits
                0x0004c870                TS_CONF_set_ordering
                0x0004c930                TS_CONF_set_tsa_name
                0x0004c9f0                TS_CONF_set_ess_cert_id_chain
 *fill*         0x0004caa9        0x7 
 .text          0x0004cab0      0x43a libcrypto_pic.a(ts_verify_ctx.pico)
                0x0004cab0                TS_VERIFY_CTX_new
                0x0004cb70                TS_VERIFY_CTX_init
                0x0004cc00                TS_VERIFY_CTX_free
                0x0004cc40                TS_VERIFY_CTX_cleanup
                0x0004cd10                TS_REQ_to_TS_VERIFY_CTX
 *fill*         0x0004ceea        0x6 
 .text          0x0004cef0     0x1073 libcrypto_pic.a(ts_rsp_verify.pico)
                0x0004cef0                TS_RESP_verify_signature
                0x0004d370                TS_RESP_verify_response
                0x0004dbd0                TS_RESP_verify_token
 *fill*         0x0004df63        0xd 
 .text          0x0004df70     0x1c6d libcrypto_pic.a(ts_rsp_sign.pico)
                0x0004df70                TS_RESP_CTX_new
                0x0004e260                TS_RESP_CTX_free
                0x0004e310                TS_RESP_CTX_set_signer_cert
                0x0004e3d0                TS_RESP_CTX_set_signer_key
                0x0004e440                TS_RESP_CTX_set_def_policy
                0x0004e4c0                TS_RESP_CTX_set_certs
                0x0004e5c0                TS_RESP_CTX_add_policy
                0x0004e670                TS_RESP_CTX_add_md
                0x0004e6f0                TS_RESP_CTX_set_accuracy
                0x0004e830                TS_RESP_CTX_add_flags
                0x0004e840                TS_RESP_CTX_set_serial_cb
                0x0004e860                TS_RESP_CTX_set_time_cb
                0x0004e880                TS_RESP_CTX_set_extension_cb
                0x0004e8a0                TS_RESP_CTX_set_status_info
                0x0004e9b0                TS_RESP_CTX_set_status_info_cond
                0x0004ea00                TS_RESP_CTX_add_failure_info
                0x0004ea90                TS_RESP_CTX_get_request
                0x0004eaa0                TS_RESP_CTX_get_tst_info
                0x0004eab0                TS_RESP_CTX_set_clock_precision_digits
                0x0004ead0                TS_RESP_create_response
 *fill*         0x0004fbdd        0x3 
 .text          0x0004fbe0      0x5e7 libcrypto_pic.a(ts_rsp_print.pico)
                0x0004fbe0                TS_RESP_print_bio
                0x0004fc80                TS_STATUS_INFO_print_bio
                0x0004fe50                TS_TST_INFO_print_bio
 *fill*         0x000501c7        0x9 
 .text          0x000501d0      0x9de libcrypto_pic.a(ts_rsp_utils.pico)
                0x000501d0                TS_RESP_set_status_info
                0x00050250                TS_RESP_get_status_info
                0x00050260                TS_RESP_set_tst_info
                0x000502a0                TS_RESP_get_token
                0x000502b0                TS_RESP_get_tst_info
                0x000502c0                TS_TST_INFO_set_version
                0x000502f0                TS_TST_INFO_get_version
                0x00050320                TS_TST_INFO_set_policy_id
                0x000503b0                TS_TST_INFO_get_policy_id
                0x000503c0                TS_TST_INFO_set_msg_imprint
                0x00050450                TS_TST_INFO_get_msg_imprint
                0x00050460                TS_TST_INFO_set_serial
                0x000504f0                TS_TST_INFO_get_serial
                0x00050500                TS_TST_INFO_set_time
                0x00050590                TS_TST_INFO_get_time
                0x000505a0                TS_TST_INFO_set_accuracy
                0x00050630                TS_TST_INFO_get_accuracy
                0x00050640                TS_ACCURACY_set_seconds
                0x000506c0                TS_ACCURACY_get_seconds
                0x000506d0                TS_ACCURACY_set_millis
                0x00050760                TS_ACCURACY_get_millis
                0x00050770                TS_ACCURACY_set_micros
                0x00050800                TS_ACCURACY_get_micros
                0x00050810                TS_TST_INFO_set_ordering
                0x00050830                TS_TST_INFO_get_ordering
                0x00050850                TS_TST_INFO_set_nonce
                0x000508e0                TS_TST_INFO_get_nonce
                0x000508f0                TS_TST_INFO_set_tsa
                0x00050980                TS_TST_INFO_get_tsa
                0x00050990                TS_TST_INFO_get_exts
                0x000509a0                TS_TST_INFO_ext_free
                0x000509e0                TS_TST_INFO_get_ext_count
                0x00050a10                TS_TST_INFO_get_ext_by_NID
                0x00050a50                TS_TST_INFO_get_ext_by_OBJ
                0x00050a90                TS_TST_INFO_get_ext_by_critical
                0x00050ad0                TS_TST_INFO_get_ext
                0x00050b00                TS_TST_INFO_delete_ext
                0x00050b30                TS_TST_INFO_add_ext
                0x00050b70                TS_TST_INFO_get_ext_d2i
 *fill*         0x00050bae        0x2 
 .text          0x00050bb0      0x13e libcrypto_pic.a(ts_req_print.pico)
                0x00050bb0                TS_REQ_print_bio
 *fill*         0x00050cee        0x2 
 .text          0x00050cf0      0x36b libcrypto_pic.a(str_meth.pico)
                0x00050cf0                STORE_create_method
                0x00050d50                STORE_destroy_method
                0x00050d90                STORE_method_set_initialise_function
                0x00050db0                STORE_method_set_cleanup_function
                0x00050dd0                STORE_method_set_generate_function
                0x00050df0                STORE_method_set_get_function
                0x00050e10                STORE_method_set_store_function
                0x00050e30                STORE_method_set_modify_function
                0x00050e50                STORE_method_set_revoke_function
                0x00050e70                STORE_method_set_delete_function
                0x00050e90                STORE_method_set_list_start_function
                0x00050eb0                STORE_method_set_list_next_function
                0x00050ed0                STORE_method_set_list_end_function
                0x00050ef0                STORE_method_set_update_store_function
                0x00050f10                STORE_method_set_lock_store_function
                0x00050f30                STORE_method_set_unlock_store_function
                0x00050f50                STORE_method_set_ctrl_function
                0x00050f70                STORE_method_get_initialise_function
                0x00050f80                STORE_method_get_cleanup_function
                0x00050f90                STORE_method_get_generate_function
                0x00050fa0                STORE_method_get_get_function
                0x00050fb0                STORE_method_get_store_function
                0x00050fc0                STORE_method_get_modify_function
                0x00050fd0                STORE_method_get_revoke_function
                0x00050fe0                STORE_method_get_delete_function
                0x00050ff0                STORE_method_get_list_start_function
                0x00051000                STORE_method_get_list_next_function
                0x00051010                STORE_method_get_list_end_function
                0x00051020                STORE_method_get_update_store_function
                0x00051030                STORE_method_get_lock_store_function
                0x00051040                STORE_method_get_unlock_store_function
                0x00051050                STORE_method_get_ctrl_function
 *fill*         0x0005105b        0x5 
 .text          0x00051060      0x64a libcrypto_pic.a(str_mem.pico)
                0x00051060                STORE_Memory
 *fill*         0x000516aa        0x6 
 .text          0x000516b0     0x4079 libcrypto_pic.a(str_lib.pico)
                0x000516b0                STORE_new_method
                0x000517a0                STORE_free
                0x00051800                STORE_new_engine
                0x000518f0                STORE_ctrl
                0x00051970                STORE_get_ex_new_index
                0x000519c0                STORE_set_ex_data
                0x00051a00                STORE_get_ex_data
                0x00051a30                STORE_get_method
                0x00051a40                STORE_set_method
                0x00051a50                STORE_get_certificate
                0x00051b50                STORE_OBJECT_free
                0x00051bd0                STORE_store_certificate
                0x00051d50                STORE_OBJECT_new
                0x00051da0                STORE_modify_certificate
                0x00051e80                STORE_revoke_certificate
                0x00051f40                STORE_delete_certificate
                0x00052000                STORE_list_certificate_start
                0x000520c0                STORE_list_certificate_next
                0x000521b0                STORE_list_certificate_end
                0x00052260                STORE_list_certificate_endp
                0x00052310                STORE_generate_key
                0x00052410                STORE_get_private_key
                0x00052510                STORE_store_private_key
                0x000526a0                STORE_modify_private_key
                0x00052780                STORE_revoke_private_key
                0x00052840                STORE_delete_private_key
                0x00052900                STORE_list_private_key_start
                0x000529c0                STORE_list_private_key_next
                0x00052ab0                STORE_list_private_key_end
                0x00052b60                STORE_list_private_key_endp
                0x00052c10                STORE_get_public_key
                0x00052d10                STORE_store_public_key
                0x00052ea0                STORE_modify_public_key
                0x00052f80                STORE_revoke_public_key
                0x00053040                STORE_delete_public_key
                0x00053100                STORE_list_public_key_start
                0x000531c0                STORE_list_public_key_next
                0x000532b0                STORE_list_public_key_end
                0x00053360                STORE_list_public_key_endp
                0x00053410                STORE_generate_crl
                0x00053510                STORE_get_crl
                0x00053610                STORE_store_crl
                0x00053770                STORE_modify_crl
                0x00053850                STORE_delete_crl
                0x00053910                STORE_list_crl_start
                0x000539d0                STORE_list_crl_next
                0x00053ac0                STORE_list_crl_end
                0x00053b70                STORE_list_crl_endp
                0x00053c20                STORE_store_number
                0x00053d60                STORE_modify_number
                0x00053e40                STORE_get_number
                0x00053f10                STORE_delete_number
                0x00053fd0                STORE_store_arbitrary
                0x00054110                STORE_modify_arbitrary
                0x000541f0                STORE_get_arbitrary
                0x000542c0                STORE_delete_arbitrary
                0x00054380                STORE_ATTR_INFO_new
                0x000543c0                STORE_ATTR_INFO_free
                0x00054500                STORE_ATTR_INFO_get0_cstr
                0x000545a0                STORE_ATTR_INFO_get0_sha1str
                0x00054640                STORE_ATTR_INFO_get0_dn
                0x000546e0                STORE_ATTR_INFO_get0_number
                0x00054780                STORE_ATTR_INFO_set_cstr
                0x00054850                STORE_ATTR_INFO_set_sha1str
                0x00054920                STORE_ATTR_INFO_set_dn
                0x000549f0                STORE_ATTR_INFO_set_number
                0x00054ac0                STORE_ATTR_INFO_modify_cstr
                0x00054b80                STORE_ATTR_INFO_modify_sha1str
                0x00054c40                STORE_ATTR_INFO_modify_dn
                0x00054d00                STORE_ATTR_INFO_modify_number
                0x00054dc0                STORE_parse_attrs_start
                0x00054e50                STORE_parse_attrs_next
                0x000550b0                STORE_parse_attrs_end
                0x00055120                STORE_parse_attrs_endp
                0x00055190                STORE_ATTR_INFO_compare
                0x000554f0                STORE_ATTR_INFO_in_range
                0x00055560                STORE_ATTR_INFO_in
                0x000555b0                STORE_ATTR_INFO_in_ex
 *fill*         0x00055729        0x7 
 .text          0x00055730       0x57 libcrypto_pic.a(str_err.pico)
                0x00055730                ERR_load_STORE_strings
 *fill*         0x00055787        0x9 
 .text          0x00055790     0x11aa libcrypto_pic.a(srp_vfy.pico)
                0x00055790                SRP_VBASE_new
                0x00055840                SRP_VBASE_free
                0x00055900                SRP_VBASE_init
                0x00055f80                SRP_VBASE_get_by_user
                0x000561d0                SRP_create_verifier
                0x00056650                SRP_create_verifier_BN
 *fill*         0x0005693a        0x6 
 .text          0x00056940      0xdae libcrypto_pic.a(srp_lib.pico)
                0x00056940                SRP_Calc_u
                0x00056ae0                SRP_Calc_server_key
                0x00056bf0                SRP_Calc_B
                0x00056ef0                SRP_Calc_x
                0x000570b0                SRP_Calc_A
                0x00057140                SRP_Calc_client_key
                0x00057380                SRP_Verify_B_mod_N
                0x00057410                SRP_Verify_A_mod_N
                0x00057430                SRP_check_known_gN_param
                0x000575f0                SRP_get_default_gN
 *fill*         0x000576ee        0x2 
 .text          0x000576f0       0xe0 libcrypto_pic.a(libc-sha256.pico)
                0x000576f0                SHA224
                0x00057760                SHA256
 .text          0x000577d0       0xe0 libcrypto_pic.a(libc-sha512.pico)
                0x000577d0                SHA384
                0x00057840                SHA512
 .text          0x000578b0       0x75 libcrypto_pic.a(sha1_one.pico)
                0x000578b0                SHA1
 *fill*         0x00057925        0xb 
 .text          0x00057930       0x75 libcrypto_pic.a(sha_one.pico)
                0x00057930                SHA
 *fill*         0x000579a5        0xb 
 .text          0x000579b0      0x149 libcrypto_pic.a(rsa_prn.pico)
                0x000579b0                RSA_print_fp
                0x00057a90                RSA_print
 *fill*         0x00057af9        0x7 
 .text          0x00057b00       0xcb libcrypto_pic.a(rsa_depr.pico)
                0x00057b00                RSA_generate_key
 *fill*         0x00057bcb        0x5 
 .text          0x00057bd0      0x17a libcrypto_pic.a(rsa_null.pico)
                0x00057bd0                RSA_null_method
 *fill*         0x00057d4a        0x6 
 .text          0x00057d50      0x608 libcrypto_pic.a(rsa_chk.pico)
                0x00057d50                RSA_check_key
 *fill*         0x00058358        0x8 
 .text          0x00058360       0x75 libcrypto_pic.a(rmd_one.pico)
                0x00058360                RIPEMD160
 *fill*         0x000583d5        0x3 
 .text          0x000583d8        0x0 libcrypto_pic.a(rand_os2.pico)
 .text          0x000583d8        0x0 libcrypto_pic.a(rand_win.pico)
 *fill*         0x000583d8        0x8 
 .text          0x000583e0      0x3bc libcrypto_pic.a(randfile.pico)
                0x000583e0                RAND_load_file
                0x00058580                RAND_write_file
                0x000586b0                RAND_file_name
 *fill*         0x0005879c        0x4 
 .text          0x000587a0      0x33a libcrypto_pic.a(pqueue.pico)
                0x000587a0                pitem_new
                0x00058800                pitem_free
                0x00058830                pqueue_new
                0x00058880                pqueue_free
                0x000588b0                pqueue_insert
                0x00058940                pqueue_peek
                0x00058950                pqueue_pop
                0x00058970                pqueue_find
                0x000589f0                pqueue_print
                0x00058a90                pqueue_iterator
                0x00058aa0                pqueue_next
                0x00058ac0                pqueue_size
 *fill*         0x00058ada        0x6 
 .text          0x00058ae0      0x165 libcrypto_pic.a(pk7_mime.pico)
                0x00058ae0                i2d_PKCS7_bio_stream
                0x00058b30                PEM_write_bio_PKCS7_stream
                0x00058b90                SMIME_write_PKCS7
                0x00058c10                SMIME_read_PKCS7
 *fill*         0x00058c45        0xb 
 .text          0x00058c50     0x1392 libcrypto_pic.a(pk7_smime.pico)
                0x00058c50                PKCS7_sign
                0x00058df0                PKCS7_sign_add_signer
                0x000592a0                PKCS7_final
                0x000593a0                PKCS7_verify
                0x00059990                PKCS7_get0_signers
                0x00059b90                PKCS7_encrypt
                0x00059d20                PKCS7_decrypt
 *fill*         0x00059fe2        0xe 
 .text          0x00059ff0      0x4e9 libcrypto_pic.a(p12_npas.pico)
                0x00059ff0                PKCS12_newpass
 *fill*         0x0005a4d9        0x7 
 .text          0x0005a4e0      0x5e4 libcrypto_pic.a(p12_kiss.pico)
                0x0005a4e0                PKCS12_parse
 *fill*         0x0005aac4        0xc 
 .text          0x0005aad0      0x74c libcrypto_pic.a(p12_crt.pico)
                0x0005aad0                PKCS12_create
                0x0005aee0                PKCS12_add_cert
                0x0005afd0                PKCS12_add_safe
                0x0005b0c0                PKCS12_add_key
                0x0005b1c0                PKCS12_add_safes
 *fill*         0x0005b21c        0x4 
 .text          0x0005b220      0x290 libcrypto_pic.a(p12_attr.pico)
                0x0005b220                PKCS12_add_localkeyid
                0x0005b270                PKCS8_add_keyusage
                0x0005b2d0                PKCS12_add_friendlyname_asc
                0x0005b320                PKCS12_add_friendlyname_uni
                0x0005b370                PKCS12_add_CSPName_asc
                0x0005b3c0                PKCS12_get_attr_gen
                0x0005b460                PKCS12_get_friendlyname
 .text          0x0005b4b0     0x2826 libcrypto_pic.a(pvkfmt.pico)
                0x0005b4b0                b2i_PrivateKey
                0x0005b5f0                b2i_PublicKey
                0x0005b620                b2i_PrivateKey_bio
                0x0005b800                b2i_PublicKey_bio
                0x0005b820                i2b_PrivateKey_bio
                0x0005b890                i2b_PublicKey_bio
                0x0005b900                b2i_PVK_bio
                0x0005bed0                i2b_PVK_bio
 *fill*         0x0005dcd6        0xa 
 .text          0x0005dce0      0x496 libcrypto_pic.a(pem_seal.pico)
                0x0005dce0                PEM_SealInit
                0x0005dec0                PEM_SealUpdate
                0x0005dfd0                PEM_SealFinal
 *fill*         0x0005e176        0xa 
 .text          0x0005e180      0x124 libcrypto_pic.a(pem_sign.pico)
                0x0005e180                PEM_SignInit
                0x0005e1c0                PEM_SignUpdate
                0x0005e1e0                PEM_SignFinal
 *fill*         0x0005e2a4        0xc 
 .text          0x0005e2b0      0xb60 libcrypto_pic.a(ocsp_vfy.pico)
                0x0005e2b0                OCSP_basic_verify
                0x0005e8f0                OCSP_request_verify
 .text          0x0005ee10      0xad7 libcrypto_pic.a(ocsp_prn.pico)
                0x0005ee10                OCSP_response_status_str
                0x0005ee80                OCSP_cert_status_str
                0x0005eed0                OCSP_crl_reason_str
                0x0005ef60                OCSP_REQUEST_print
                0x0005f2d0                OCSP_RESPONSE_print
 *fill*         0x0005f8e7        0x9 
 .text          0x0005f8f0      0x5ed libcrypto_pic.a(ocsp_srv.pico)
                0x0005f8f0                OCSP_request_onereq_count
                0x0005f920                OCSP_request_onereq_get0
                0x0005f950                OCSP_onereq_get0_id
                0x0005f960                OCSP_id_get0_info
                0x0005f9b0                OCSP_request_is_signed
                0x0005f9d0                OCSP_response_create
                0x0005fa70                OCSP_basic_add1_status
                0x0005fbe0                OCSP_basic_add1_cert
                0x0005fc60                OCSP_basic_sign
 *fill*         0x0005fedd        0x3 
 .text          0x0005fee0      0x8c1 libcrypto_pic.a(ocsp_cl.pico)
                0x0005fee0                OCSP_request_add0_id
                0x0005ff50                OCSP_request_set1_name
                0x0005ffd0                OCSP_request_add1_cert
                0x00060070                OCSP_request_sign
                0x00060220                OCSP_response_status
                0x00060250                OCSP_response_get1_basic
                0x000602f0                OCSP_resp_count
                0x00060330                OCSP_resp_get0
                0x00060370                OCSP_resp_find
                0x000603f0                OCSP_single_get0_status
                0x00060480                OCSP_resp_find_status
                0x00060590                OCSP_check_validity
 *fill*         0x000607a1        0xf 
 .text          0x000607b0      0x55e libcrypto_pic.a(ocsp_lib.pico)
                0x000607b0                OCSP_cert_to_id
                0x00060830                OCSP_cert_id_new
                0x000609c0                OCSP_id_issuer_cmp
                0x00060a30                OCSP_id_cmp
                0x00060ab0                OCSP_parse_url
                0x00060ce0                OCSP_CERTID_dup
 *fill*         0x00060d0e        0x2 
 .text          0x00060d10      0xa16 libcrypto_pic.a(ocsp_ht.pico)
                0x00060d10                OCSP_REQ_CTX_free
                0x00060d60                OCSP_REQ_CTX_set1_req
                0x00060e10                OCSP_REQ_CTX_add1_header
                0x00060ec0                OCSP_sendreq_new
                0x00061050                OCSP_sendreq_nbio
                0x00061660                OCSP_sendreq_bio
 *fill*         0x00061726        0xa 
 .text          0x00061730      0xe84 libcrypto_pic.a(ocsp_ext.pico)
                0x00061730                OCSP_REQUEST_get_ext_count
                0x00061760                OCSP_REQUEST_get_ext_by_NID
                0x000617a0                OCSP_REQUEST_get_ext_by_OBJ
                0x000617e0                OCSP_REQUEST_get_ext_by_critical
                0x00061820                OCSP_REQUEST_get_ext
                0x00061850                OCSP_REQUEST_delete_ext
                0x00061880                OCSP_REQUEST_get1_ext_d2i
                0x000618c0                OCSP_REQUEST_add1_ext_i2d
                0x00061910                OCSP_REQUEST_add_ext
                0x00061950                OCSP_ONEREQ_get_ext_count
                0x00061980                OCSP_ONEREQ_get_ext_by_NID
                0x000619c0                OCSP_ONEREQ_get_ext_by_OBJ
                0x00061a00                OCSP_ONEREQ_get_ext_by_critical
                0x00061a40                OCSP_ONEREQ_get_ext
                0x00061a70                OCSP_ONEREQ_delete_ext
                0x00061aa0                OCSP_ONEREQ_get1_ext_d2i
                0x00061ae0                OCSP_ONEREQ_add1_ext_i2d
                0x00061b30                OCSP_ONEREQ_add_ext
                0x00061b70                OCSP_BASICRESP_get_ext_count
                0x00061ba0                OCSP_BASICRESP_get_ext_by_NID
                0x00061be0                OCSP_BASICRESP_get_ext_by_OBJ
                0x00061c20                OCSP_BASICRESP_get_ext_by_critical
                0x00061c60                OCSP_BASICRESP_get_ext
                0x00061c90                OCSP_BASICRESP_delete_ext
                0x00061cc0                OCSP_BASICRESP_get1_ext_d2i
                0x00061d00                OCSP_BASICRESP_add1_ext_i2d
                0x00061d50                OCSP_BASICRESP_add_ext
                0x00061d90                OCSP_SINGLERESP_get_ext_count
                0x00061dc0                OCSP_SINGLERESP_get_ext_by_NID
                0x00061e00                OCSP_SINGLERESP_get_ext_by_OBJ
                0x00061e40                OCSP_SINGLERESP_get_ext_by_critical
                0x00061e80                OCSP_SINGLERESP_get_ext
                0x00061eb0                OCSP_SINGLERESP_delete_ext
                0x00061ee0                OCSP_SINGLERESP_get1_ext_d2i
                0x00061f20                OCSP_SINGLERESP_add1_ext_i2d
                0x00061f70                OCSP_SINGLERESP_add_ext
                0x00061fb0                OCSP_request_add1_nonce
                0x00062100                OCSP_basic_add1_nonce
                0x00062130                OCSP_check_nonce
                0x00062200                OCSP_copy_nonce
                0x00062280                OCSP_crlID_new
                0x00062360                OCSP_accept_responses_new
                0x00062400                OCSP_archive_cutoff_new
                0x00062470                OCSP_url_svcloc_new
 *fill*         0x000625b4        0xc 
 .text          0x000625c0       0x75 libcrypto_pic.a(md5_one.pico)
                0x000625c0                MD5
 *fill*         0x00062635        0xb 
 .text          0x00062640       0x75 libcrypto_pic.a(md4_one.pico)
                0x00062640                MD4
 *fill*         0x000626b5        0xb 
 .text          0x000626c0       0x78 libcrypto_pic.a(md2_one.pico)
                0x000626c0                MD2
 *fill*         0x00062738        0x8 
 .text          0x00062740       0x5c libcrypto_pic.a(cmll_ctr.pico)
                0x00062740                Camellia_ctr128_encrypt
 *fill*         0x0006279c        0x4 
 .text          0x000627a0      0x957 libcrypto_pic.a(cts128.pico)
                0x000627a0                CRYPTO_cts128_encrypt_block
                0x00062890                CRYPTO_nistcts128_encrypt_block
                0x00062950                CRYPTO_cts128_encrypt
                0x00062a50                CRYPTO_nistcts128_encrypt
                0x00062b30                CRYPTO_cts128_decrypt_block
                0x00062c80                CRYPTO_nistcts128_decrypt_block
                0x00062e10                CRYPTO_cts128_decrypt
                0x00062f70                CRYPTO_nistcts128_decrypt
 *fill*         0x000630f7        0x9 
 .text          0x00063100      0x4dd libcrypto_pic.a(lh_stats.pico)
                0x00063100                lh_stats
                0x00063170                lh_stats_bio
                0x00063330                lh_node_stats
                0x000633e0                lh_node_stats_bio
                0x00063450                lh_node_usage_stats
                0x000634c0                lh_node_usage_stats_bio
 *fill*         0x000635dd        0x3 
 .text          0x000635e0      0x99e libcrypto_pic.a(krb5_asn.pico)
                0x000635e0                d2i_KRB5_ENCDATA
                0x00063620                i2d_KRB5_ENCDATA
                0x00063660                KRB5_ENCDATA_new
                0x00063690                KRB5_ENCDATA_free
                0x000636c0                d2i_KRB5_PRINCNAME
                0x00063700                i2d_KRB5_PRINCNAME
                0x00063740                KRB5_PRINCNAME_new
                0x00063770                KRB5_PRINCNAME_free
                0x000637a0                d2i_KRB5_TKTBODY
                0x000637e0                i2d_KRB5_TKTBODY
                0x00063820                KRB5_TKTBODY_new
                0x00063850                KRB5_TKTBODY_free
                0x00063880                d2i_KRB5_TICKET
                0x000638c0                i2d_KRB5_TICKET
                0x00063900                KRB5_TICKET_new
                0x00063930                KRB5_TICKET_free
                0x00063960                d2i_KRB5_APREQBODY
                0x000639a0                i2d_KRB5_APREQBODY
                0x000639e0                KRB5_APREQBODY_new
                0x00063a10                KRB5_APREQBODY_free
                0x00063a40                d2i_KRB5_APREQ
                0x00063a80                i2d_KRB5_APREQ
                0x00063ac0                KRB5_APREQ_new
                0x00063af0                KRB5_APREQ_free
                0x00063b20                d2i_KRB5_CHECKSUM
                0x00063b60                i2d_KRB5_CHECKSUM
                0x00063ba0                KRB5_CHECKSUM_new
                0x00063bd0                KRB5_CHECKSUM_free
                0x00063c00                d2i_KRB5_ENCKEY
                0x00063c40                i2d_KRB5_ENCKEY
                0x00063c80                KRB5_ENCKEY_new
                0x00063cb0                KRB5_ENCKEY_free
                0x00063ce0                d2i_KRB5_AUTHDATA
                0x00063d20                i2d_KRB5_AUTHDATA
                0x00063d60                KRB5_AUTHDATA_new
                0x00063d90                KRB5_AUTHDATA_free
                0x00063dc0                d2i_KRB5_AUTHENTBODY
                0x00063e00                i2d_KRB5_AUTHENTBODY
                0x00063e40                KRB5_AUTHENTBODY_new
                0x00063e70                KRB5_AUTHENTBODY_free
                0x00063ea0                d2i_KRB5_AUTHENT
                0x00063ee0                i2d_KRB5_AUTHENT
                0x00063f20                KRB5_AUTHENT_new
                0x00063f50                KRB5_AUTHENT_free
 *fill*         0x00063f7e        0x2 
 .text          0x00063f80        0x0 libcrypto_pic.a(evp_fips.pico)
 .text          0x00063f80      0xba1 libcrypto_pic.a(bio_ok.pico)
                0x00063f80                BIO_f_reliable
 *fill*         0x00064b21        0xf 
 .text          0x00064b30       0x6b libcrypto_pic.a(e_null.pico)
                0x00064b30                EVP_enc_null
 *fill*         0x00064b9b        0x5 
 .text          0x00064ba0      0x1a4 libcrypto_pic.a(p_seal.pico)
                0x00064ba0                EVP_SealInit
                0x00064ce0                EVP_SealFinal
 *fill*         0x00064d44        0xc 
 .text          0x00064d50      0x1e4 libcrypto_pic.a(p_open.pico)
                0x00064d50                EVP_OpenInit
                0x00064ed0                EVP_OpenFinal
 *fill*         0x00064f34        0xc 
 .text          0x00064f40       0xbe libcrypto_pic.a(m_md2.pico)
                0x00064f40                EVP_md2
 *fill*         0x00064ffe        0x2 
 .text          0x00065000       0x4a libcrypto_pic.a(m_null.pico)
                0x00065000                EVP_md_null
 *fill*         0x0006504a        0x6 
 .text          0x00065050       0x28 libcrypto_pic.a(evp_acnf.pico)
                0x00065050                OPENSSL_add_all_algorithms_conf
 *fill*         0x00065078        0x8 
 .text          0x00065080       0xa1 libcrypto_pic.a(err_all.pico)
                0x00065080                ERR_load_crypto_strings
 *fill*         0x00065121        0x3 
 .text          0x00065124        0x0 libcrypto_pic.a(e_ubsec_err.pico)
 .text          0x00065124        0x0 libcrypto_pic.a(e_sureware_err.pico)
 .text          0x00065124        0x0 libcrypto_pic.a(e_nuron_err.pico)
 .text          0x00065124        0x0 libcrypto_pic.a(e_gmp_err.pico)
 .text          0x00065124        0x0 libcrypto_pic.a(e_gmp.pico)
 .text          0x00065124        0x0 libcrypto_pic.a(e_cswift_err.pico)
 .text          0x00065124        0x0 libcrypto_pic.a(e_chil_err.pico)
 .text          0x00065124        0x0 libcrypto_pic.a(e_atalla_err.pico)
 .text          0x00065124        0x0 libcrypto_pic.a(e_aep_err.pico)
 .text          0x00065124        0x0 libcrypto_pic.a(e_4758cca_err.pico)
 *fill*         0x00065124        0xc 
 .text          0x00065130      0x163 libcrypto_pic.a(tb_store.pico)
                0x00065130                ENGINE_unregister_STORE
                0x00065160                ENGINE_register_STORE
                0x000651f0                ENGINE_register_all_STORE
                0x00065270                ENGINE_get_STORE
                0x00065280                ENGINE_set_STORE
 *fill*         0x00065293        0xd 
 .text          0x000652a0        0x5 libcrypto_pic.a(eng_cryptodev.pico)
                0x000652a0                ENGINE_load_cryptodev
 *fill*         0x000652a5        0xb 
 .text          0x000652b0      0x416 libcrypto_pic.a(eng_openssl.pico)
                0x000652b0                ENGINE_load_openssl
 *fill*         0x000656c6        0xa 
 .text          0x000656d0       0x57 libcrypto_pic.a(eng_err.pico)
                0x000656d0                ERR_load_ENGINE_strings
 *fill*         0x00065727        0x9 
 .text          0x00065730       0x57 libcrypto_pic.a(ecs_err.pico)
                0x00065730                ERR_load_ECDSA_strings
 *fill*         0x00065787        0x9 
 .text          0x00065790       0x57 libcrypto_pic.a(ech_err.pico)
                0x00065790                ERR_load_ECDH_strings
 *fill*         0x000657e7        0x9 
 .text          0x000657f0      0x249 libcrypto_pic.a(ec_check.pico)
                0x000657f0                EC_GROUP_check
 *fill*         0x00065a39        0x7 
 .text          0x00065a40       0x57 libcrypto_pic.a(ec_err.pico)
                0x00065a40                ERR_load_EC_strings
 *fill*         0x00065a97        0x9 
 .text          0x00065aa0        0x7 libcrypto_pic.a(dso_vms.pico)
                0x00065aa0                DSO_METHOD_vms
 *fill*         0x00065aa7        0x9 
 .text          0x00065ab0        0x7 libcrypto_pic.a(dso_win32.pico)
                0x00065ab0                DSO_METHOD_win32
 *fill*         0x00065ab7        0x9 
 .text          0x00065ac0       0x17 libcrypto_pic.a(dso_null.pico)
                0x00065ac0                DSO_METHOD_null
 *fill*         0x00065ad7        0x9 
 .text          0x00065ae0       0x57 libcrypto_pic.a(dso_err.pico)
                0x00065ae0                ERR_load_DSO_strings
 *fill*         0x00065b37        0x9 
 .text          0x00065b40        0x7 libcrypto_pic.a(dso_dl.pico)
                0x00065b40                DSO_METHOD_dl
 *fill*         0x00065b47        0x9 
 .text          0x00065b50      0x29a libcrypto_pic.a(dsa_prn.pico)
                0x00065b50                DSA_print_fp
                0x00065c30                DSA_print
                0x00065ca0                DSAparams_print_fp
                0x00065d80                DSAparams_print
 *fill*         0x00065dea        0x6 
 .text          0x00065df0       0x88 libcrypto_pic.a(dsa_depr.pico)
                0x00065df0                DSA_generate_parameters
 *fill*         0x00065e78        0x8 
 .text          0x00065e80       0x57 libcrypto_pic.a(dsa_err.pico)
                0x00065e80                ERR_load_DSA_strings
 *fill*         0x00065ed7        0x9 
 .text          0x00065ee0       0x9c libcrypto_pic.a(dh_prn.pico)
                0x00065ee0                DHparams_print_fp
 *fill*         0x00065f7c        0x4 
 .text          0x00065f80       0x73 libcrypto_pic.a(dh_depr.pico)
                0x00065f80                DH_generate_parameters
 *fill*         0x00065ff3        0xd 
 .text          0x00066000       0x57 libcrypto_pic.a(dh_err.pico)
                0x00066000                ERR_load_DH_strings
 *fill*         0x00066057        0x9 
 .text          0x00066060      0x125 libcrypto_pic.a(read2pwd.pico)
                0x00066060                DES_read_password
                0x000660f0                DES_read_2passwords
 *fill*         0x00066185        0xb 
 .text          0x00066190      0x4d2 libcrypto_pic.a(ede_cbcm_enc.pico)
                0x00066190                DES_ede3_cbcm_encrypt
 *fill*         0x00066662        0xe 
 .text          0x00066670      0x32f libcrypto_pic.a(str2key.pico)
                0x00066670                DES_string_to_key
                0x000667b0                DES_string_to_2keys
 *fill*         0x0006699f        0x1 
 .text          0x000669a0       0x86 libcrypto_pic.a(rpc_enc.pico)
                0x000669a0                _des_crypt
 *fill*         0x00066a26        0xa 
 .text          0x00066a30       0x59 libcrypto_pic.a(rand_key.pico)
                0x00066a30                DES_random_key
 *fill*         0x00066a89        0x7 
 .text          0x00066a90      0x13e libcrypto_pic.a(qud_cksm.pico)
                0x00066a90                DES_quad_cksum
 *fill*         0x00066bce        0x2 
 .text          0x00066bd0      0x333 libcrypto_pic.a(ofb_enc.pico)
                0x00066bd0                DES_ofb_encrypt
 *fill*         0x00066f03        0xd 
 .text          0x00066f10      0x304 libcrypto_pic.a(fcrypt.pico)
                0x00066f10                DES_crypt
                0x00066f50                DES_fcrypt
 *fill*         0x00067214        0xc 
 .text          0x00067220      0x22a libcrypto_pic.a(enc_writ.pico)
                0x00067220                DES_enc_write
 *fill*         0x0006744a        0x6 
 .text          0x00067450      0x3f8 libcrypto_pic.a(enc_read.pico)
                0x00067450                DES_enc_read
 *fill*         0x00067848        0x8 
 .text          0x00067850      0x427 libcrypto_pic.a(cbc_enc.pico)
                0x00067850                DES_cbc_encrypt
 *fill*         0x00067c77        0x9 
 .text          0x00067c80      0x19c libcrypto_pic.a(cbc_cksm.pico)
                0x00067c80                DES_cbc_cksum
 *fill*         0x00067e1c        0x4 
 .text          0x00067e20      0xacb libcrypto_pic.a(crypt586.pico)
                0x00067e20                fcrypt_body
 *fill*         0x000688eb        0x5 
 .text          0x000688f0       0x79 libcrypto_pic.a(o_fips.pico)
                0x000688f0                FIPS_mode
                0x00068910                FIPS_mode_set
 *fill*         0x00068969        0x7 
 .text          0x00068970      0x159 libcrypto_pic.a(o_dir.pico)
                0x00068970                OPENSSL_DIR_read
                0x00068a70                OPENSSL_DIR_end
 *fill*         0x00068ac9        0x7 
 .text          0x00068ad0       0x75 libcrypto_pic.a(o_str.pico)
                0x00068ad0                OPENSSL_strncasecmp
                0x00068af0                OPENSSL_strcasecmp
                0x00068b10                OPENSSL_memcmp
 *fill*         0x00068b45        0xb 
 .text          0x00068b50       0x40 libcrypto_pic.a(uid.pico)
                0x00068b50                OPENSSL_issetugid
 .text          0x00068b90        0x0 libcrypto_pic.a(ebcdic.pico)
 .text          0x00068b90       0x57 libcrypto_pic.a(cpt_err.pico)
                0x00068b90                ERR_load_CRYPTO_strings
 *fill*         0x00068be7        0x9 
 .text          0x00068bf0       0x3a libcrypto_pic.a(cversion.pico)
                0x00068bf0                SSLeay_version
                0x00068c20                SSLeay
 *fill*         0x00068c2a        0x6 
 .text          0x00068c30       0x68 libcrypto_pic.a(conf_sap.pico)
                0x00068c30                OPENSSL_config
                0x00068c80                OPENSSL_no_config
 *fill*         0x00068c98        0x8 
 .text          0x00068ca0       0x24 libcrypto_pic.a(conf_mall.pico)
                0x00068ca0                OPENSSL_load_builtin_modules
 *fill*         0x00068cc4        0xc 
 .text          0x00068cd0       0x57 libcrypto_pic.a(conf_err.pico)
                0x00068cd0                ERR_load_CONF_strings
 *fill*         0x00068d27        0x9 
 .text          0x00068d30       0x25 libcrypto_pic.a(c_zlib.pico)
                0x00068d30                COMP_zlib
                0x00068d50                COMP_zlib_cleanup
 *fill*         0x00068d55        0xb 
 .text          0x00068d60       0xb7 libcrypto_pic.a(c_rle.pico)
                0x00068d60                COMP_rle
 *fill*         0x00068e17        0x9 
 .text          0x00068e20       0x57 libcrypto_pic.a(comp_err.pico)
                0x00068e20                ERR_load_COMP_strings
 *fill*         0x00068e77        0x9 
 .text          0x00068e80      0x199 libcrypto_pic.a(comp_lib.pico)
                0x00068e80                COMP_CTX_new
                0x00068f20                COMP_CTX_free
                0x00068f60                COMP_compress_block
                0x00068fc0                COMP_expand_block
 *fill*         0x00069019        0x3 
 .text          0x0006901c        0x0 libcrypto_pic.a(cms_cd.pico)
 *fill*         0x0006901c        0x4 
 .text          0x00069020       0x57 libcrypto_pic.a(cms_err.pico)
                0x00069020                ERR_load_CMS_strings
 *fill*         0x00069077        0x9 
 .text          0x00069080     0x1989 libcrypto_pic.a(cms_smime.pico)
                0x00069080                CMS_data
                0x00069340                CMS_data_create
                0x000693b0                CMS_final
                0x000694e0                CMS_digest_verify
                0x00069610                CMS_digest_create
                0x000696a0                CMS_EncryptedData_decrypt
                0x000697f0                CMS_EncryptedData_encrypt
                0x000698d0                CMS_verify
                0x00069ed0                CMS_verify_receipt
                0x00069f30                CMS_sign
                0x0006a100                CMS_sign_receipt
                0x0006a2c0                CMS_encrypt
                0x0006a400                CMS_decrypt_set1_pkey
                0x0006a5b0                CMS_decrypt_set1_key
                0x0006a6f0                CMS_decrypt_set1_password
                0x0006a7e0                CMS_decrypt
                0x0006a970                CMS_uncompress
                0x0006a9c0                CMS_compress
 *fill*         0x0006aa09        0x7 
 .text          0x0006aa10       0x57 libcrypto_pic.a(buf_err.pico)
                0x0006aa10                ERR_load_BUF_strings
 *fill*         0x0006aa67        0x9 
 .text          0x0006aa70      0x5fd libcrypto_pic.a(bn_x931p.pico)
                0x0006aa70                BN_X931_derive_prime_ex
                0x0006ae80                BN_X931_generate_Xpq
                0x0006af80                BN_X931_generate_prime_ex
 *fill*         0x0006b06d        0x3 
 .text          0x0006b070      0x1f6 libcrypto_pic.a(bn_const.pico)
                0x0006b070                get_rfc2409_prime_768
                0x0006b0b0                get_rfc2409_prime_1024
                0x0006b0f0                get_rfc3526_prime_1536
                0x0006b130                get_rfc3526_prime_2048
                0x0006b170                get_rfc3526_prime_3072
                0x0006b1b0                get_rfc3526_prime_4096
                0x0006b1f0                get_rfc3526_prime_6144
                0x0006b230                get_rfc3526_prime_8192
 *fill*         0x0006b266        0xa 
 .text          0x0006b270      0x16e libcrypto_pic.a(bn_depr.pico)
                0x0006b270                BN_generate_prime
                0x0006b320                BN_is_prime
                0x0006b380                BN_is_prime_fasttest
 *fill*         0x0006b3de        0x2 
 .text          0x0006b3e0      0x1c0 libcrypto_pic.a(bn_mpi.pico)
                0x0006b3e0                BN_bn2mpi
                0x0006b480                BN_mpi2bn
 .text          0x0006b5a0       0x57 libcrypto_pic.a(bn_err.pico)
                0x0006b5a0                ERR_load_BN_strings
 *fill*         0x0006b5f7        0x9 
 .text          0x0006b600      0xaa4 libcrypto_pic.a(bss_dgram.pico)
                0x0006b600                BIO_s_datagram
                0x0006b620                BIO_new_dgram
                0x0006b680                BIO_dgram_non_fatal_error
 *fill*         0x0006c0a4        0xc 
 .text          0x0006c0b0      0xd2c libcrypto_pic.a(bss_bio.pico)
                0x0006c0b0                BIO_s_bio
                0x0006c0d0                BIO_new_bio_pair
                0x0006c1d0                BIO_ctrl_get_write_guarantee
                0x0006c210                BIO_ctrl_get_read_request
                0x0006c250                BIO_ctrl_reset_read_request
                0x0006c2a0                BIO_nread0
                0x0006c320                BIO_nread
                0x0006c3a0                BIO_nwrite0
                0x0006c420                BIO_nwrite
 *fill*         0x0006cddc        0x4 
 .text          0x0006cde0      0x205 libcrypto_pic.a(bss_log.pico)
                0x0006cde0                BIO_s_log
 *fill*         0x0006cfe5        0xb 
 .text          0x0006cff0      0x3cd libcrypto_pic.a(bf_nbio.pico)
                0x0006cff0                BIO_f_nbio_test
 *fill*         0x0006d3bd        0x3 
 .text          0x0006d3c0      0x81c libcrypto_pic.a(bss_acpt.pico)
                0x0006d3c0                BIO_s_accept
                0x0006d3e0                BIO_new_accept
 *fill*         0x0006dbdc        0x4 
 .text          0x0006dbe0      0x28d libcrypto_pic.a(bf_null.pico)
                0x0006dbe0                BIO_f_null
 *fill*         0x0006de6d        0x3 
 .text          0x0006de70      0xdf9 libcrypto_pic.a(bss_conn.pico)
                0x0006de70                BIO_CONNECT_new
                0x0006df00                BIO_CONNECT_free
                0x0006df50                BIO_s_connect
                0x0006df70                BIO_new_connect
 *fill*         0x0006ec69        0x7 
 .text          0x0006ec70      0x520 libcrypto_pic.a(bss_fd.pico)
                0x0006ec70                BIO_s_fd
                0x0006ec90                BIO_new_fd
                0x0006ecf0                BIO_fd_should_retry
                0x0006ed40                BIO_fd_non_fatal_error
 .text          0x0006f190       0x57 libcrypto_pic.a(bio_err.pico)
                0x0006f190                ERR_load_BIO_strings
 *fill*         0x0006f1e7        0x9 
 .text          0x0006f1f0      0x275 libcrypto_pic.a(bio_cb.pico)
                0x0006f1f0                BIO_debug_callback
 *fill*         0x0006f465        0xb 
 .text          0x0006f470       0xde libcrypto_pic.a(x_nx509.pico)
                0x0006f470                d2i_NETSCAPE_X509
                0x0006f4b0                i2d_NETSCAPE_X509
                0x0006f4f0                NETSCAPE_X509_new
                0x0006f520                NETSCAPE_X509_free
 *fill*         0x0006f54e        0x2 
 .text          0x0006f550      0x268 libcrypto_pic.a(asn_moid.pico)
                0x0006f550                ASN1_add_oid_module
 *fill*         0x0006f7b8        0x8 
 .text          0x0006f7c0       0x57 libcrypto_pic.a(asn1_err.pico)
                0x0006f7c0                ERR_load_ASN1_strings
 *fill*         0x0006f817        0x9 
 .text          0x0006f820      0x4bc libcrypto_pic.a(f_enum.pico)
                0x0006f820                i2a_ASN1_ENUMERATED
                0x0006f940                a2i_ASN1_ENUMERATED
 *fill*         0x0006fcdc        0x4 
 .text          0x0006fce0      0xc4e libcrypto_pic.a(n_pkey.pico)
                0x0006fce0                d2i_NETSCAPE_ENCRYPTED_PKEY
                0x0006fd20                i2d_NETSCAPE_ENCRYPTED_PKEY
                0x0006fd60                NETSCAPE_ENCRYPTED_PKEY_new
                0x0006fd90                NETSCAPE_ENCRYPTED_PKEY_free
                0x0006fdc0                d2i_NETSCAPE_PKEY
                0x0006fe00                i2d_NETSCAPE_PKEY
                0x0006fe40                NETSCAPE_PKEY_new
                0x0006fe70                NETSCAPE_PKEY_free
                0x0006fea0                i2d_Netscape_RSA
                0x0006fee0                i2d_RSA_NET
                0x00070450                d2i_Netscape_RSA
                0x000704a0                d2i_RSA_NET
 *fill*         0x0007092e        0x2 
 .text          0x00070930      0x1e4 libcrypto_pic.a(t_bitst.pico)
                0x00070930                ASN1_BIT_STRING_name_print
                0x000709f0                ASN1_BIT_STRING_set_asc
                0x00070aa0                ASN1_BIT_STRING_num_asc
 *fill*         0x00070b14        0xc 
 .text          0x00070b20      0x1d4 libcrypto_pic.a(t_spki.pico)
                0x00070b20                NETSCAPE_SPKI_print
 *fill*         0x00070cf4        0xc 
 .text          0x00070d00      0x32e libcrypto_pic.a(t_crl.pico)
                0x00070d00                X509_CRL_print_fp
                0x00070da0                X509_CRL_print
 *fill*         0x0007102e        0x2 
 .text          0x00071030      0x7af libcrypto_pic.a(t_req.pico)
                0x00071030                X509_REQ_print_fp
                0x000710e0                X509_REQ_print
                0x00071120                X509_REQ_print_ex
 *fill*         0x000717df        0x1 
 .text          0x000717e0       0x99 libcrypto_pic.a(i2d_pu.pico)
                0x000717e0                i2d_PublicKey
 *fill*         0x00071879        0x7 
 .text          0x00071880      0x1b3 libcrypto_pic.a(d2i_pu.pico)
                0x00071880                d2i_PublicKey
 *fill*         0x00071a33        0xd 
 .text          0x00071a40       0x27 libcrypto_pic.a(aes_ecb.pico)
                0x00071a40                AES_ecb_encrypt
 *fill*         0x00071a67        0x9 
 .text          0x00071a70      0xd50 libcrypto_pic.a(aes_ige.pico)
                0x00071a70                AES_ige_encrypt
                0x00072130                AES_bi_ige_encrypt
 .text          0x000727c0       0x5c libcrypto_pic.a(aes_ctr.pico)
                0x000727c0                AES_ctr128_encrypt
 *fill*         0x0007281c        0x4 
 .text          0x00072820       0x55 libcrypto_pic.a(aes_ofb.pico)
                0x00072820                AES_ofb128_encrypt
 *fill*         0x00072875        0xb 
 .text          0x00072880      0x11c libcrypto_pic.a(aes_cfb.pico)
                0x00072880                AES_cfb128_encrypt
                0x000728e0                AES_cfb1_encrypt
                0x00072940                AES_cfb8_encrypt
 *fill*         0x0007299c        0x4 
 .text          0x000729a0       0x57 libcrypto_pic.a(v3err.pico)
                0x000729a0                ERR_load_X509V3_strings
 *fill*         0x000729f7        0x9 
 .text          0x00072a00      0x97c libcrypto_pic.a(by_dir.pico)
                0x00073090                X509_LOOKUP_hash_dir
 *fill*         0x0007337c        0x4 
 .text          0x00073380      0x6ef libcrypto_pic.a(by_file.pico)
                0x00073450                X509_LOOKUP_file
                0x00073470                X509_load_cert_file
                0x000736c0                X509_load_crl_file
                0x00073910                X509_load_cert_crl_file
 *fill*         0x00073a6f        0x1 
 .text          0x00073a70      0x277 libcrypto_pic.a(x509_txt.pico)
                0x00073a70                X509_verify_cert_error_string
 *fill*         0x00073ce7        0x9 
 .text          0x00073cf0       0x57 libcrypto_pic.a(x509_err.pico)
                0x00073cf0                ERR_load_X509_strings
 *fill*         0x00073d47        0x9 
 .text          0x00073d50      0x25c libcrypto_pic.a(x509_set.pico)
                0x00073d50                X509_set_version
                0x00073db0                X509_set_serialNumber
                0x00073e10                X509_set_issuer_name
                0x00073e50                X509_set_subject_name
                0x00073e90                X509_set_notBefore
                0x00073f00                X509_set_notAfter
                0x00073f70                X509_set_pubkey
 *fill*         0x00073fac        0x4 
 .text          0x00073fb0      0x148 libcrypto_pic.a(ui_util.pico)
                0x00073fb0                UI_UTIL_read_pw_string
                0x00074020                UI_UTIL_read_pw
 *fill*         0x000740f8        0x8 
 .text          0x00074100       0x57 libcrypto_pic.a(ui_err.pico)
                0x00074100                ERR_load_UI_strings
 *fill*         0x00074157        0x9 
 .text          0x00074160      0x35b libcrypto_pic.a(ts_lib.pico)
                0x00074160                TS_ASN1_INTEGER_print_bio
                0x00074210                TS_OBJ_print_bio
                0x00074290                TS_ext_print_bio
                0x000743c0                TS_X509_ALGOR_print_bio
                0x00074420                TS_MSG_IMPRINT_print_bio
 *fill*         0x000744bb        0x5 
 .text          0x000744c0      0x57e libcrypto_pic.a(ts_req_utils.pico)
                0x000744c0                TS_REQ_set_version
                0x000744f0                TS_REQ_get_version
                0x00074520                TS_REQ_set_msg_imprint
                0x000745b0                TS_REQ_get_msg_imprint
                0x000745c0                TS_MSG_IMPRINT_set_algo
                0x00074640                TS_MSG_IMPRINT_get_algo
                0x00074650                TS_MSG_IMPRINT_set_msg
                0x00074690                TS_MSG_IMPRINT_get_msg
                0x000746a0                TS_REQ_set_policy_id
                0x00074730                TS_REQ_get_policy_id
                0x00074740                TS_REQ_set_nonce
                0x000747d0                TS_REQ_get_nonce
                0x000747e0                TS_REQ_set_cert_req
                0x00074800                TS_REQ_get_cert_req
                0x00074820                TS_REQ_get_exts
                0x00074830                TS_REQ_ext_free
                0x00074870                TS_REQ_get_ext_count
                0x000748a0                TS_REQ_get_ext_by_NID
                0x000748e0                TS_REQ_get_ext_by_OBJ
                0x00074920                TS_REQ_get_ext_by_critical
                0x00074960                TS_REQ_get_ext
                0x00074990                TS_REQ_delete_ext
                0x000749c0                TS_REQ_add_ext
                0x00074a00                TS_REQ_get_ext_d2i
 *fill*         0x00074a3e        0x2 
 .text          0x00074a40       0x57 libcrypto_pic.a(ts_err.pico)
                0x00074a40                ERR_load_TS_strings
 *fill*         0x00074a97        0x9 
 .text          0x00074aa0      0x912 libcrypto_pic.a(txt_db.pico)
                0x00074aa0                TXT_DB_read
                0x00074e50                TXT_DB_get_by_index
                0x00074eb0                TXT_DB_create_index
                0x00074fd0                TXT_DB_write
                0x00075150                TXT_DB_insert
                0x00075250                TXT_DB_free
 *fill*         0x000753b2        0xe 
 .text          0x000753c0       0x57 libcrypto_pic.a(rsa_err.pico)
                0x000753c0                ERR_load_RSA_strings
 *fill*         0x00075417        0x9 
 .text          0x00075420       0x57 libcrypto_pic.a(rand_err.pico)
                0x00075420                ERR_load_RAND_strings
 *fill*         0x00075477        0x9 
 .text          0x00075480       0x57 libcrypto_pic.a(pkcs7err.pico)
                0x00075480                ERR_load_PKCS7_strings
 *fill*         0x000754d7        0x9 
 .text          0x000754e0       0x57 libcrypto_pic.a(pk12err.pico)
                0x000754e0                ERR_load_PKCS12_strings
 *fill*         0x00075537        0x9 
 .text          0x00075540      0x566 libcrypto_pic.a(p12_mutl.pico)
                0x00075540                PKCS12_gen_mac
                0x00075730                PKCS12_verify_mac
                0x00075800                PKCS12_set_mac
                0x00075920                PKCS12_setup_mac
 *fill*         0x00075aa6        0xa 
 .text          0x00075ab0       0xf0 libcrypto_pic.a(p12_init.pico)
                0x00075ab0                PKCS12_init
 .text          0x00075ba0      0x2f7 libcrypto_pic.a(pem_xaux.pico)
                0x00075ba0                PEM_read_bio_X509_AUX
                0x00075bf0                PEM_read_X509_AUX
                0x00075c40                PEM_write_bio_X509_AUX
                0x00075cb0                PEM_write_X509_AUX
                0x00075d20                PEM_read_bio_X509_CERT_PAIR
                0x00075d70                PEM_read_X509_CERT_PAIR
                0x00075dc0                PEM_write_bio_X509_CERT_PAIR
                0x00075e30                PEM_write_X509_CERT_PAIR
 *fill*         0x00075e97        0x9 
 .text          0x00075ea0       0x57 libcrypto_pic.a(pem_err.pico)
                0x00075ea0                ERR_load_PEM_strings
 *fill*         0x00075ef7        0x9 
 .text          0x00075f00      0x896 libcrypto_pic.a(pem_info.pico)
                0x00075f00                PEM_X509_INFO_read
                0x00075fb0                PEM_X509_INFO_read_bio
                0x00076570                PEM_X509_INFO_write_bio
 *fill*         0x00076796        0xa 
 .text          0x000767a0       0x57 libcrypto_pic.a(ocsp_err.pico)
                0x000767a0                ERR_load_OCSP_strings
 *fill*         0x000767f7        0x9 
 .text          0x00076800       0x57 libcrypto_pic.a(obj_err.pico)
                0x00076800                ERR_load_OBJ_strings
 *fill*         0x00076857        0x9 
 .text          0x00076860      0x422 libcrypto_pic.a(md2_dgst.pico)
                0x00076860                MD2_options
                0x00076880                MD2_Init
                0x000768c0                MD2_Update
                0x00076b50                MD2_Final
 *fill*         0x00076c82        0xe 
 .text          0x00076c90       0x24 libcrypto_pic.a(c_all.pico)
                0x00076c90                OPENSSL_add_all_algorithms_noconf
 *fill*         0x00076cb4        0xc 
 .text          0x00076cc0       0x57 libcrypto_pic.a(evp_err.pico)
                0x00076cc0                ERR_load_EVP_strings
 *fill*         0x00076d17        0x9 
 .text          0x00076d20      0x1d6 libcrypto_pic.a(evp_cnf.pico)
                0x00076d20                EVP_add_alg_module
 *fill*         0x00076ef6        0xa 
 .text          0x00076f00       0x80 libcrypto_pic.a(p_dec.pico)
                0x00076f00                EVP_PKEY_decrypt_old
 .text          0x00076f80       0x7d libcrypto_pic.a(p_enc.pico)
                0x00076f80                EVP_PKEY_encrypt_old
 *fill*         0x00076ffd        0x3 
 .text          0x00077000      0x648 libcrypto_pic.a(eng_cnf.pico)
                0x00077000                ENGINE_add_conf_module
 *fill*         0x00077648        0x8 
 .text          0x00077650       0x60 libcrypto_pic.a(eng_all.pico)
                0x00077650                ENGINE_load_builtin_engines
 .text          0x000776b0      0x4ca libcrypto_pic.a(eng_fat.pico)
                0x000776b0                ENGINE_set_default
                0x000777d0                ENGINE_set_default_string
                0x00077a80                ENGINE_register_complete
                0x00077af0                ENGINE_register_all_complete
 *fill*         0x00077b7a        0x6 
 .text          0x00077b80      0x2f8 libcrypto_pic.a(pcbc_enc.pico)
                0x00077b80                DES_pcbc_encrypt
 *fill*         0x00077e78        0x8 
 .text          0x00077e80      0xaca libcrypto_pic.a(cms_ess.pico)
                0x00077e80                d2i_CMS_ReceiptRequest
                0x00077ec0                i2d_CMS_ReceiptRequest
                0x00077f00                CMS_ReceiptRequest_new
                0x00077f30                CMS_ReceiptRequest_free
                0x00077f60                CMS_get1_ReceiptRequest
                0x00078000                CMS_ReceiptRequest_create0
                0x00078140                CMS_add1_ReceiptRequest
                0x00078200                CMS_ReceiptRequest_get0_values
                0x00078260                cms_msgSigDigest_add1
                0x00078350                cms_Receipt_verify
                0x00078800                cms_encode_Receipt
 *fill*         0x0007894a        0x6 
 .text          0x00078950     0x106a libcrypto_pic.a(b_sock.pico)
                0x00078950                BIO_get_host_ip
                0x00078b60                BIO_sock_init
                0x00078b70                BIO_gethostbyname
                0x00078b90                BIO_get_port
                0x00078e00                BIO_sock_error
                0x00078e60                BIO_sock_cleanup
                0x00078e70                BIO_socket_ioctl
                0x00078ee0                BIO_get_accept_socket
                0x00079600                BIO_accept
                0x00079930                BIO_set_tcp_ndelay
                0x00079940                BIO_socket_nbio
 *fill*         0x000799ba        0x6 
 .text          0x000799c0      0x475 libcrypto_pic.a(bss_sock.pico)
                0x000799c0                BIO_s_socket
                0x000799e0                BIO_new_socket
                0x00079a40                BIO_sock_should_retry
                0x00079a90                BIO_sock_non_fatal_error
 *fill*         0x00079e35        0xb 
 .text          0x00079e40      0x13c libcrypto_pic.a(x_info.pico)
                0x00079e40                X509_INFO_new
                0x00079ee0                X509_INFO_free
 *fill*         0x00079f7c        0x4 
 .text          0x00079f80      0xfda libcrypto_pic.a(ts_asn1.pico)
                0x00079f80                d2i_TS_MSG_IMPRINT
                0x00079fc0                i2d_TS_MSG_IMPRINT
                0x0007a000                TS_MSG_IMPRINT_new
                0x0007a030                TS_MSG_IMPRINT_free
                0x0007a060                TS_MSG_IMPRINT_dup
                0x0007a090                d2i_TS_MSG_IMPRINT_bio
                0x0007a0d0                i2d_TS_MSG_IMPRINT_bio
                0x0007a110                d2i_TS_MSG_IMPRINT_fp
                0x0007a150                i2d_TS_MSG_IMPRINT_fp
                0x0007a190                d2i_TS_REQ
                0x0007a1d0                i2d_TS_REQ
                0x0007a210                TS_REQ_new
                0x0007a240                TS_REQ_free
                0x0007a270                TS_REQ_dup
                0x0007a2a0                d2i_TS_REQ_bio
                0x0007a2e0                i2d_TS_REQ_bio
                0x0007a320                d2i_TS_REQ_fp
                0x0007a360                i2d_TS_REQ_fp
                0x0007a3a0                d2i_TS_ACCURACY
                0x0007a3e0                i2d_TS_ACCURACY
                0x0007a420                TS_ACCURACY_new
                0x0007a450                TS_ACCURACY_free
                0x0007a480                TS_ACCURACY_dup
                0x0007a4b0                d2i_TS_TST_INFO
                0x0007a4f0                i2d_TS_TST_INFO
                0x0007a530                TS_TST_INFO_new
                0x0007a560                TS_TST_INFO_free
                0x0007a590                TS_TST_INFO_dup
                0x0007a5c0                d2i_TS_TST_INFO_bio
                0x0007a600                i2d_TS_TST_INFO_bio
                0x0007a640                d2i_TS_TST_INFO_fp
                0x0007a680                i2d_TS_TST_INFO_fp
                0x0007a6c0                d2i_TS_STATUS_INFO
                0x0007a700                i2d_TS_STATUS_INFO
                0x0007a740                TS_STATUS_INFO_new
                0x0007a770                TS_STATUS_INFO_free
                0x0007a7a0                TS_STATUS_INFO_dup
                0x0007a7d0                d2i_TS_RESP
                0x0007a810                i2d_TS_RESP
                0x0007a850                TS_RESP_new
                0x0007a880                TS_RESP_free
                0x0007a8b0                TS_RESP_dup
                0x0007a8e0                d2i_TS_RESP_bio
                0x0007a920                i2d_TS_RESP_bio
                0x0007a960                d2i_TS_RESP_fp
                0x0007a9a0                i2d_TS_RESP_fp
                0x0007a9e0                d2i_ESS_ISSUER_SERIAL
                0x0007aa20                i2d_ESS_ISSUER_SERIAL
                0x0007aa60                ESS_ISSUER_SERIAL_new
                0x0007aa90                ESS_ISSUER_SERIAL_free
                0x0007aac0                ESS_ISSUER_SERIAL_dup
                0x0007aaf0                d2i_ESS_CERT_ID
                0x0007ab30                i2d_ESS_CERT_ID
                0x0007ab70                ESS_CERT_ID_new
                0x0007aba0                ESS_CERT_ID_free
                0x0007abd0                ESS_CERT_ID_dup
                0x0007ac00                d2i_ESS_SIGNING_CERT
                0x0007ac40                i2d_ESS_SIGNING_CERT
                0x0007ac80                ESS_SIGNING_CERT_new
                0x0007acb0                ESS_SIGNING_CERT_free
                0x0007ace0                ESS_SIGNING_CERT_dup
                0x0007ad10                PKCS7_to_TS_TST_INFO
 *fill*         0x0007af5a        0x6 
 .text          0x0007af60      0x177 libcrypto_pic.a(pem_x509.pico)
                0x0007af60                PEM_read_bio_X509
                0x0007afb0                PEM_read_X509
                0x0007b000                PEM_write_bio_X509
                0x0007b070                PEM_write_X509
 *fill*         0x0007b0d7        0x9 
 .text          0x0007b0e0     0x1877 libcrypto_pic.a(pem_all.pico)
                0x0007b0e0                PEM_read_bio_X509_REQ
                0x0007b130                PEM_read_X509_REQ
                0x0007b180                PEM_write_bio_X509_REQ
                0x0007b1f0                PEM_write_X509_REQ
                0x0007b260                PEM_write_bio_X509_REQ_NEW
                0x0007b2d0                PEM_write_X509_REQ_NEW
                0x0007b340                PEM_read_bio_X509_CRL
                0x0007b390                PEM_read_X509_CRL
                0x0007b3e0                PEM_write_bio_X509_CRL
                0x0007b450                PEM_write_X509_CRL
                0x0007b4c0                PEM_read_bio_PKCS7
                0x0007b510                PEM_read_PKCS7
                0x0007b560                PEM_write_bio_PKCS7
                0x0007b5d0                PEM_write_PKCS7
                0x0007b640                PEM_read_bio_NETSCAPE_CERT_SEQUENCE
                0x0007b690                PEM_read_NETSCAPE_CERT_SEQUENCE
                0x0007b6e0                PEM_write_bio_NETSCAPE_CERT_SEQUENCE
                0x0007b750                PEM_write_NETSCAPE_CERT_SEQUENCE
                0x0007b7c0                PEM_read_bio_RSAPrivateKey
                0x0007b840                PEM_read_RSAPrivateKey
                0x0007b8c0                PEM_write_bio_RSAPrivateKey
                0x0007b930                PEM_write_RSAPrivateKey
                0x0007b9a0                PEM_read_bio_RSAPublicKey
                0x0007b9f0                PEM_read_RSAPublicKey
                0x0007ba40                PEM_write_bio_RSAPublicKey
                0x0007bab0                PEM_write_RSAPublicKey
                0x0007bb20                PEM_read_bio_RSA_PUBKEY
                0x0007bb70                PEM_read_RSA_PUBKEY
                0x0007bbc0                PEM_write_bio_RSA_PUBKEY
                0x0007bc30                PEM_write_RSA_PUBKEY
                0x0007bca0                PEM_read_bio_DSAPrivateKey
                0x0007bd20                PEM_write_bio_DSAPrivateKey
                0x0007bd90                PEM_write_DSAPrivateKey
                0x0007be00                PEM_read_bio_DSA_PUBKEY
                0x0007be50                PEM_read_DSA_PUBKEY
                0x0007bea0                PEM_write_bio_DSA_PUBKEY
                0x0007bf10                PEM_write_DSA_PUBKEY
                0x0007bf80                PEM_read_DSAPrivateKey
                0x0007c000                PEM_read_bio_DSAparams
                0x0007c050                PEM_read_DSAparams
                0x0007c0a0                PEM_write_bio_DSAparams
                0x0007c110                PEM_write_DSAparams
                0x0007c180                PEM_read_bio_ECPrivateKey
                0x0007c200                PEM_read_bio_ECPKParameters
                0x0007c250                PEM_read_ECPKParameters
                0x0007c2a0                PEM_write_bio_ECPKParameters
                0x0007c310                PEM_write_ECPKParameters
                0x0007c380                PEM_write_bio_ECPrivateKey
                0x0007c3f0                PEM_write_ECPrivateKey
                0x0007c460                PEM_read_bio_EC_PUBKEY
                0x0007c4b0                PEM_read_EC_PUBKEY
                0x0007c500                PEM_write_bio_EC_PUBKEY
                0x0007c570                PEM_write_EC_PUBKEY
                0x0007c5e0                PEM_read_ECPrivateKey
                0x0007c660                PEM_read_bio_DHparams
                0x0007c6b0                PEM_read_DHparams
                0x0007c700                PEM_write_bio_DHparams
                0x0007c770                PEM_write_DHparams
                0x0007c7e0                PEM_read_bio_PUBKEY
                0x0007c830                PEM_read_PUBKEY
                0x0007c880                PEM_write_bio_PUBKEY
                0x0007c8f0                PEM_write_PUBKEY
 *fill*         0x0007c957        0x9 
 .text          0x0007c960      0x1d9 libcrypto_pic.a(c_alld.pico)
                0x0007c960                OpenSSL_add_all_digests
 *fill*         0x0007cb39        0x7 
 .text          0x0007cb40      0x87b libcrypto_pic.a(c_allc.pico)
                0x0007cb40                OpenSSL_add_all_ciphers
 *fill*         0x0007d3bb        0x5 
 .text          0x0007d3c0       0xbe libcrypto_pic.a(m_ripemd.pico)
                0x0007d3c0                EVP_ripemd160
 *fill*         0x0007d47e        0x2 
 .text          0x0007d480       0xbe libcrypto_pic.a(m_mdc2.pico)
                0x0007d480                EVP_mdc2
 *fill*         0x0007d53e        0x2 
 .text          0x0007d540       0xbe libcrypto_pic.a(m_dss1.pico)
                0x0007d540                EVP_dss1
 *fill*         0x0007d5fe        0x2 
 .text          0x0007d600       0xbe libcrypto_pic.a(m_dss.pico)
                0x0007d600                EVP_dss
 *fill*         0x0007d6be        0x2 
 .text          0x0007d6c0       0xbe libcrypto_pic.a(m_sha.pico)
                0x0007d6c0                EVP_sha
 *fill*         0x0007d77e        0x2 
 .text          0x0007d780       0xbe libcrypto_pic.a(m_md4.pico)
                0x0007d780                EVP_md4
 *fill*         0x0007d83e        0x2 
 .text          0x0007d840      0x4f1 libcrypto_pic.a(e_rc5.pico)
                0x0007d840                EVP_rc5_32_12_16_cbc
                0x0007d860                EVP_rc5_32_12_16_cfb64
                0x0007d880                EVP_rc5_32_12_16_ofb
                0x0007d8a0                EVP_rc5_32_12_16_ecb
 *fill*         0x0007dd31        0xf 
 .text          0x0007dd40      0x41b libcrypto_pic.a(e_cast.pico)
                0x0007dd40                EVP_cast5_cbc
                0x0007dd60                EVP_cast5_cfb64
                0x0007dd80                EVP_cast5_ofb
                0x0007dda0                EVP_cast5_ecb
 *fill*         0x0007e15b        0x5 
 .text          0x0007e160      0x706 libcrypto_pic.a(e_rc2.pico)
                0x0007e160                EVP_rc2_cbc
                0x0007e180                EVP_rc2_cfb64
                0x0007e1a0                EVP_rc2_ofb
                0x0007e1c0                EVP_rc2_ecb
                0x0007e1e0                EVP_rc2_64_cbc
                0x0007e200                EVP_rc2_40_cbc
 *fill*         0x0007e866        0xa 
 .text          0x0007e870      0x1d5 libcrypto_pic.a(e_xcbc_d.pico)
                0x0007e870                EVP_desx_cbc
 *fill*         0x0007ea45        0xb 
 .text          0x0007ea50     0x115b libcrypto_pic.a(e_camellia.pico)
                0x0007ea50                EVP_camellia_128_cbc
                0x0007ea70                EVP_camellia_128_cfb128
                0x0007ea90                EVP_camellia_128_ofb
                0x0007eab0                EVP_camellia_128_ecb
                0x0007ead0                EVP_camellia_192_cbc
                0x0007eaf0                EVP_camellia_192_cfb128
                0x0007eb10                EVP_camellia_192_ofb
                0x0007eb30                EVP_camellia_192_ecb
                0x0007eb50                EVP_camellia_256_cbc
                0x0007eb70                EVP_camellia_256_cfb128
                0x0007eb90                EVP_camellia_256_ofb
                0x0007ebb0                EVP_camellia_256_ecb
                0x0007ebd0                EVP_camellia_128_cfb1
                0x0007ebf0                EVP_camellia_192_cfb1
                0x0007ec10                EVP_camellia_256_cfb1
                0x0007ec30                EVP_camellia_128_cfb8
                0x0007ec50                EVP_camellia_192_cfb8
                0x0007ec70                EVP_camellia_256_cfb8
 *fill*         0x0007fbab        0x5 
 .text          0x0007fbb0     0x2013 libcrypto_pic.a(e_aes.pico)
                0x0007fbb0                EVP_aes_128_cbc
                0x0007fbe0                EVP_aes_128_ecb
                0x0007fc10                EVP_aes_128_ofb
                0x0007fc40                EVP_aes_128_cfb128
                0x0007fc70                EVP_aes_128_cfb1
                0x0007fca0                EVP_aes_128_cfb8
                0x0007fcd0                EVP_aes_128_ctr
                0x0007fd00                EVP_aes_192_cbc
                0x0007fd30                EVP_aes_192_ecb
                0x0007fd60                EVP_aes_192_ofb
                0x0007fd90                EVP_aes_192_cfb128
                0x0007fdc0                EVP_aes_192_cfb1
                0x0007fdf0                EVP_aes_192_cfb8
                0x0007fe20                EVP_aes_192_ctr
                0x0007fe50                EVP_aes_256_cbc
                0x0007fe80                EVP_aes_256_ecb
                0x0007feb0                EVP_aes_256_ofb
                0x0007fee0                EVP_aes_256_cfb128
                0x0007ff10                EVP_aes_256_cfb1
                0x0007ff40                EVP_aes_256_cfb8
                0x0007ff70                EVP_aes_256_ctr
                0x0007ffa0                EVP_aes_128_gcm
                0x0007ffd0                EVP_aes_192_gcm
                0x00080000                EVP_aes_256_gcm
                0x00080030                EVP_aes_128_xts
                0x00080060                EVP_aes_256_xts
                0x00080090                EVP_aes_128_ccm
                0x000800c0                EVP_aes_192_ccm
                0x000800f0                EVP_aes_256_ccm
 *fill*         0x00081bc3        0xd 
 .text          0x00081bd0       0xd3 libcrypto_pic.a(e_rc4.pico)
                0x00081bd0                EVP_rc4
                0x00081bf0                EVP_rc4_40
 *fill*         0x00081ca3        0xd 
 .text          0x00081cb0      0x99c libcrypto_pic.a(e_des3.pico)
                0x00081cb0                EVP_des_ede_cbc
                0x00081cd0                EVP_des_ede_cfb64
                0x00081cf0                EVP_des_ede_ofb
                0x00081d10                EVP_des_ede_ecb
                0x00081d30                EVP_des_ede3_cbc
                0x00081d50                EVP_des_ede3_cfb64
                0x00081d70                EVP_des_ede3_ofb
                0x00081d90                EVP_des_ede3_ecb
                0x00081db0                EVP_des_ede3_cfb1
                0x00081dd0                EVP_des_ede3_cfb8
                0x00081df0                EVP_des_ede
                0x00081e10                EVP_des_ede3
 *fill*         0x0008264c        0x4 
 .text          0x00082650      0x46b libcrypto_pic.a(e_idea.pico)
                0x00082650                EVP_idea_cbc
                0x00082670                EVP_idea_cfb64
                0x00082690                EVP_idea_ofb
                0x000826b0                EVP_idea_ecb
 *fill*         0x00082abb        0x5 
 .text          0x00082ac0      0x41b libcrypto_pic.a(e_bf.pico)
                0x00082ac0                EVP_bf_cbc
                0x00082ae0                EVP_bf_cfb64
                0x00082b00                EVP_bf_ofb
                0x00082b20                EVP_bf_ecb
 *fill*         0x00082edb        0x5 
 .text          0x00082ee0      0x74b libcrypto_pic.a(e_des.pico)
                0x00082ee0                EVP_des_cbc
                0x00082f00                EVP_des_cfb64
                0x00082f20                EVP_des_ofb
                0x00082f40                EVP_des_ecb
                0x00082f60                EVP_des_cfb1
                0x00082f80                EVP_des_cfb8
 *fill*         0x0008362b        0x5 
 .text          0x00083630      0x5ba libcrypto_pic.a(gost_eng.pico)
                0x00083630                ENGINE_load_gost
 *fill*         0x00083bea        0x6 
 .text          0x00083bf0      0x40b libcrypto_pic.a(e_seed.pico)
                0x00083bf0                EVP_seed_cbc
                0x00083c10                EVP_seed_cfb128
                0x00083c30                EVP_seed_ofb
                0x00083c50                EVP_seed_ecb
 *fill*         0x00083ffb        0x5 
 .text          0x00084000      0xf02 libcrypto_pic.a(e_padlock.pico)
                0x00084000                ENGINE_load_padlock
 *fill*         0x00084f02        0xe 
 .text          0x00084f10     0x1afd libcrypto_pic.a(e_ubsec.pico)
                0x00084f10                ENGINE_load_ubsec
 *fill*         0x00086a0d        0x3 
 .text          0x00086a10     0x2013 libcrypto_pic.a(e_sureware.pico)
                0x00086a10                ENGINE_load_sureware
 *fill*         0x00088a23        0xd 
 .text          0x00088a30      0x993 libcrypto_pic.a(e_nuron.pico)
                0x00088a30                ENGINE_load_nuron
 *fill*         0x000893c3        0xd 
 .text          0x000893d0     0x223e libcrypto_pic.a(e_cswift.pico)
                0x000893d0                ENGINE_load_cswift
 *fill*         0x0008b60e        0x2 
 .text          0x0008b610     0x1f42 libcrypto_pic.a(e_chil.pico)
                0x0008b610                ENGINE_load_chil
 *fill*         0x0008d552        0xe 
 .text          0x0008d560      0xccc libcrypto_pic.a(e_atalla.pico)
                0x0008d560                ENGINE_load_atalla
 *fill*         0x0008e22c        0x4 
 .text          0x0008e230     0x136c libcrypto_pic.a(e_aep.pico)
                0x0008e230                ENGINE_load_aep
 *fill*         0x0008f59c        0x4 
 .text          0x0008f5a0     0x1b12 libcrypto_pic.a(e_4758cca.pico)
                0x0008f5a0                ENGINE_load_4758cca
 *fill*         0x000910b2        0xe 
 .text          0x000910c0        0x5 libcrypto_pic.a(eng_rsax.pico)
                0x000910c0                ENGINE_load_rsax
 *fill*         0x000910c5        0xb 
 .text          0x000910d0      0x16a libcrypto_pic.a(eng_rdrand.pico)
                0x000910d0                ENGINE_load_rdrand
 *fill*         0x0009123a        0x6 
 .text          0x00091240      0x9a8 libcrypto_pic.a(eng_dyn.pico)
                0x00091240                ENGINE_load_dynamic
 *fill*         0x00091be8        0x8 
 .text          0x00091bf0      0x40c libcrypto_pic.a(eng_pkey.pico)
                0x00091bf0                ENGINE_set_load_privkey_function
                0x00091c10                ENGINE_set_load_pubkey_function
                0x00091c30                ENGINE_set_load_ssl_client_cert_function
                0x00091c50                ENGINE_get_load_privkey_function
                0x00091c60                ENGINE_get_load_pubkey_function
                0x00091c70                ENGINE_get_ssl_client_cert_function
                0x00091c80                ENGINE_load_private_key
                0x00091dc0                ENGINE_load_public_key
                0x00091f00                ENGINE_load_ssl_client_cert
 *fill*         0x00091ffc        0x4 
 .text          0x00092000      0x199 libcrypto_pic.a(ofb64ede.pico)
                0x00092000                DES_ede3_ofb64_encrypt
 *fill*         0x00092199        0x7 
 .text          0x000921a0      0x9e5 libcrypto_pic.a(cfb64ede.pico)
                0x000921a0                DES_ede3_cfb64_encrypt
                0x00092390                DES_ede3_cfb_encrypt
 *fill*         0x00092b85        0xb 
 .text          0x00092b90      0x567 libcrypto_pic.a(xcbc_enc.pico)
                0x00092b90                DES_xcbc_encrypt
 *fill*         0x000930f7        0x9 
 .text          0x00093100      0x18d libcrypto_pic.a(ofb64enc.pico)
                0x00093100                DES_ofb64_encrypt
 *fill*         0x0009328d        0x3 
 .text          0x00093290      0x12a libcrypto_pic.a(ecb_enc.pico)
                0x00093290                DES_options
                0x00093310                DES_ecb_encrypt
 *fill*         0x000933ba        0x6 
 .text          0x000933c0       0xd2 libcrypto_pic.a(ecb3_enc.pico)
                0x000933c0                DES_ecb3_encrypt
 *fill*         0x00093492        0xe 
 .text          0x000934a0      0x8e0 libcrypto_pic.a(cfb_enc.pico)
                0x000934a0                DES_cfb_encrypt
 .text          0x00093d80      0x1db libcrypto_pic.a(cfb64enc.pico)
                0x00093d80                DES_cfb64_encrypt
 *fill*         0x00093f5b        0x5 
 .text          0x00093f60      0x17b libcrypto_pic.a(c_ofb64.pico)
                0x00093f60                CAST_ofb64_encrypt
 *fill*         0x000940db        0x5 
 .text          0x000940e0      0x1d7 libcrypto_pic.a(c_cfb64.pico)
                0x000940e0                CAST_cfb64_encrypt
 *fill*         0x000942b7        0x9 
 .text          0x000942c0       0xc0 libcrypto_pic.a(c_ecb.pico)
                0x000942c0                CAST_ecb_encrypt
 .text          0x00094380      0xc80 libcrypto_pic.a(c_enc.pico)
                0x00094380                CAST_encrypt
                0x00094790                CAST_decrypt
                0x00094bc0                CAST_cbc_encrypt
 .text          0x00095000      0x17b libcrypto_pic.a(bf_ofb64.pico)
                0x00095000                BF_ofb64_encrypt
 *fill*         0x0009517b        0x5 
 .text          0x00095180      0x1d7 libcrypto_pic.a(bf_cfb64.pico)
                0x00095180                BF_cfb64_encrypt
 *fill*         0x00095357        0x9 
 .text          0x00095360       0xe0 libcrypto_pic.a(bf_ecb.pico)
                0x00095360                BF_options
                0x00095380                BF_ecb_encrypt
 .text          0x00095440      0x1e0 libcrypto_pic.a(bf_skey.pico)
                0x00095440                BF_set_key
 *fill*         0x00095620       0x20 
 .text          0x00095640      0xa40 libcrypto_pic.a(bf-586.pico)
                0x00095640                BF_encrypt
                0x00095a60                BF_decrypt
                0x00095e80                BF_cbc_encrypt
 .text          0x00096080      0x4e3 libcrypto_pic.a(x_pkey.pico)
                0x00096080                i2d_X509_PKEY
                0x00096090                d2i_X509_PKEY
                0x000963d0                X509_PKEY_new
                0x000964c0                X509_PKEY_free
 *fill*         0x00096563        0xd 
 .text          0x00096570      0x117 libcrypto_pic.a(nsseq.pico)
                0x00096570                d2i_NETSCAPE_CERT_SEQUENCE
                0x000965b0                i2d_NETSCAPE_CERT_SEQUENCE
                0x000965f0                NETSCAPE_CERT_SEQUENCE_new
                0x00096620                NETSCAPE_CERT_SEQUENCE_free
 *fill*         0x00096687        0x9 
 .text          0x00096690     0x1e5a libcrypto_pic.a(aesni-x86.pico)
                0x00096690                aesni_encrypt
                0x000966d0                aesni_decrypt
                0x00096ab0                aesni_ecb_encrypt
                0x00096e00                aesni_ccm64_encrypt_blocks
                0x00096f00                aesni_ccm64_decrypt_blocks
                0x00097070                aesni_ctr32_encrypt_blocks
                0x000973d0                aesni_xts_encrypt
                0x000978f0                aesni_xts_decrypt
                0x00097e80                aesni_cbc_encrypt
                0x00098430                aesni_set_encrypt_key
                0x00098450                aesni_set_decrypt_key
 *fill*         0x000984ea        0x6 
 .text          0x000984f0      0x185 libcrypto_pic.a(rc5ofb64.pico)
                0x000984f0                RC5_32_ofb64_encrypt
 *fill*         0x00098675        0xb 
 .text          0x00098680      0x1d3 libcrypto_pic.a(rc5cfb64.pico)
                0x00098680                RC5_32_cfb64_encrypt
 *fill*         0x00098853        0xd 
 .text          0x00098860       0xbc libcrypto_pic.a(rc5_ecb.pico)
                0x00098860                RC5_32_ecb_encrypt
 *fill*         0x0009891c        0x4 
 .text          0x00098920       0x55 libcrypto_pic.a(seed_ofb.pico)
                0x00098920                SEED_ofb128_encrypt
 *fill*         0x00098975        0xb 
 .text          0x00098980       0x5c libcrypto_pic.a(seed_cfb.pico)
                0x00098980                SEED_cfb128_encrypt
 *fill*         0x000989dc        0x4 
 .text          0x000989e0       0x7b libcrypto_pic.a(seed_cbc.pico)
                0x000989e0                SEED_cbc_encrypt
 *fill*         0x00098a5b        0x5 
 .text          0x00098a60       0x27 libcrypto_pic.a(seed_ecb.pico)
                0x00098a60                SEED_ecb_encrypt
 *fill*         0x00098a87        0x9 
 .text          0x00098a90     0x22f0 libcrypto_pic.a(seed.pico)
                0x00098a90                SEED_set_key
                0x00099560                SEED_encrypt