Archive member included because of file (symbol)

libmapper_646_pic.a(citrus_mapper_646.pico)
                              (--whole-archive)

Discarded input sections

 .note.GNU-stack
                0x00000000        0x0 libmapper_646_pic.a(citrus_mapper_646.pico)

Memory Configuration

Name             Origin             Length             Attributes
*default*        0x00000000         0xffffffff

Linker script and memory map

LOAD /usr/lib/crti.o
LOAD /usr/lib/crtbeginS.o
LOAD libmapper_646_pic.a
LOAD /usr/lib/libc.so
LOAD /usr/lib/crtendS.o
LOAD /usr/lib/crtn.o
                0x000000f4                . = (0x0 + SIZEOF_HEADERS)

.note.gnu.build-id
 *(.note.gnu.build-id)

.hash           0x000000f4       0xac
 *(.hash)
 .hash          0x000000f4       0xac /usr/lib/crti.o

.gnu.hash
 *(.gnu.hash)

.dynsym         0x000001a0      0x180
 *(.dynsym)
 .dynsym        0x000001a0      0x180 /usr/lib/crti.o

.dynstr         0x00000320      0x1a7
 *(.dynstr)
 .dynstr        0x00000320      0x1a7 /usr/lib/crti.o

.gnu.version    0x000004c8        0x0
 *(.gnu.version)
 .gnu.version   0x00000000        0x0 /usr/lib/crti.o

.gnu.version_d  0x000004c8        0x0
 *(.gnu.version_d)
 .gnu.version_d
                0x00000000        0x0 /usr/lib/crti.o

.gnu.version_r  0x000004c8        0x0
 *(.gnu.version_r)
 .gnu.version_r
                0x00000000        0x0 /usr/lib/crti.o

.rel.dyn        0x000004c8       0x50
 *(.rel.init)
 *(.rel.text .rel.text.* .rel.gnu.linkonce.t.*)
 *(.rel.fini)
 *(.rel.rodata .rel.rodata.* .rel.gnu.linkonce.r.*)
 *(.rel.data.rel.ro .rel.data.rel.ro.* .rel.gnu.linkonce.d.rel.ro.*)
 *(.rel.data .rel.data.* .rel.gnu.linkonce.d.*)
 .rel.data.rel  0x000004c8        0x8 /usr/lib/crti.o
 .rel.data.rel.local
                0x000004d0       0x20 /usr/lib/crti.o
 *(.rel.tdata .rel.tdata.* .rel.gnu.linkonce.td.*)
 *(.rel.tbss .rel.tbss.* .rel.gnu.linkonce.tb.*)
 *(.rel.ctors)
 *(.rel.dtors)
 *(.rel.got)
 .rel.got       0x000004f0       0x28 /usr/lib/crti.o
 *(.rel.bss .rel.bss.* .rel.gnu.linkonce.b.*)
 *(.rel.ifunc)
 .rel.ifunc     0x00000000        0x0 /usr/lib/crti.o

.rel.plt        0x00000518       0x80
 *(.rel.plt)
 .rel.plt       0x00000518       0x80 /usr/lib/crti.o
 *(.rel.iplt)

.init           0x000005a0        0xa
 *(SORT(.init))
 .init          0x000005a0        0x3 /usr/lib/crti.o
                0x000005a0                _init
 .init          0x000005a3        0x5 /usr/lib/crtbeginS.o
 .init          0x000005a8        0x2 /usr/lib/crtn.o

.plt            0x000005b0      0x110
 *(.plt)
 .plt           0x000005b0      0x110 /usr/lib/crti.o
 *(.iplt)

.text           0x000006c0      0x65c
                0x000006c0                PROVIDE (__eprol, .)
 *(.text)
 .text          0x000006c0        0x0 /usr/lib/crti.o
 .text          0x000006c0       0xef /usr/lib/crtbeginS.o
 *fill*         0x000007af        0x1 
 .text          0x000007b0      0x56a libmapper_646_pic.a(citrus_mapper_646.pico)
                0x00000cd0                _citrus_mapper_646_mapper_getops
 *fill*         0x00000d1a        0x2 
 .text          0x00000d1c        0x0 /usr/lib/crtendS.o
 .text          0x00000d1c        0x0 /usr/lib/crtn.o
 *(.text.unlikely .text.*_unlikely)
 *(.text.exit .text.exit.*)
 *(.text.startup .text.startup.*)
 *(.text.hot .text.hot.*)
 *(.stub .text.* .gnu.linkonce.t.*)
 *(.gnu.warning)

.fini           0x00000d20        0xa
 *(SORT(.fini))
 .fini          0x00000d20        0x3 /usr/lib/crti.o
                0x00000d20                _fini
 .fini          0x00000d23        0x5 /usr/lib/crtbeginS.o
 .fini          0x00000d28        0x2 /usr/lib/crtn.o
                0x00000d2a                PROVIDE (__etext, .)
                0x00000d2a                PROVIDE (_etext, .)
                0x00000d2a                PROVIDE (etext, .)

.rodata         0x00000d2c       0x30
 *(.rodata .rodata.* .gnu.linkonce.r.*)
 .rodata        0x00000d2c       0x28 libmapper_646_pic.a(citrus_mapper_646.pico)
 .rodata.str1.1
                0x00000d54        0x8 libmapper_646_pic.a(citrus_mapper_646.pico)
                                  0xd (size before relaxing)

.rodata1
 *(.rodata1)

.eh_frame_hdr   0x00000d5c       0x3c
 *(.eh_frame_hdr)
 .eh_frame_hdr  0x00000d5c       0x3c libmapper_646_pic.a(citrus_mapper_646.pico)

.eh_frame       0x00000d98       0xec
 *(.eh_frame)
 .eh_frame      0x00000d98       0x3c /usr/lib/crti.o
                                 0x40 (size before relaxing)
 .eh_frame      0x00000dd4        0x0 /usr/lib/crtbeginS.o
 .eh_frame      0x00000dd4       0xac libmapper_646_pic.a(citrus_mapper_646.pico)
 .eh_frame      0x00000e80        0x4 /usr/lib/crtendS.o

.note.netbsd.ident
                0x00000e84       0x18
 .note.netbsd.ident
                0x00000e84       0x18 /usr/lib/crti.o

.note.netbsd.pax
                0x00000e9c       0x14
 .note.netbsd.pax
                0x00000e9c       0x14 /usr/lib/crti.o

.gcc_except_table
 *(.gcc_except_table .gcc_except_table.*)

.exception_ranges
 *(.exception_ranges .exception_ranges*)
                0x00000eb0                . = (ALIGN (0x1000) - ((0x1000 - .) & 0xfff))
                0x00001000                . = DATA_SEGMENT_ALIGN (0x1000, 0x1000)

.eh_frame
 *(.eh_frame)

.gcc_except_table
 *(.gcc_except_table .gcc_except_table.*)

.exception_ranges
 *(.exception_ranges .exception_ranges*)

.tdata
 *(.tdata .tdata.* .gnu.linkonce.td.*)

.tbss
 *(.tbss .tbss.* .gnu.linkonce.tb.*)
 *(.tcommon)

.preinit_array
 *(.preinit_array)

.init_array
 *(SORT(.init_array.*))
 *(.init_array)

.fini_array
 *(SORT(.fini_array.*))
 *(.fini_array)

.ctors          0x00001000        0x8
 *crtbegin.o(.ctors)
 *crtbegin?.o(.ctors)
 .ctors         0x00001000        0x4 /usr/lib/crtbeginS.o
 *(EXCLUDE_FILE(*crtend?.o *crtend.o) .ctors)
 *(SORT(.ctors.*))
 *(.ctors)
 .ctors         0x00001004        0x4 /usr/lib/crtendS.o
                0x00001004                __CTOR_LIST_END__

.dtors          0x00001008        0x8
 *crtbegin.o(.dtors)
 *crtbegin?.o(.dtors)
 .dtors         0x00001008        0x4 /usr/lib/crtbeginS.o
 *(EXCLUDE_FILE(*crtend?.o *crtend.o) .dtors)
 *(SORT(.dtors.*))
 *(.dtors)
 .dtors         0x0000100c        0x4 /usr/lib/crtendS.o

.jcr            0x00001010        0x4
 *(.jcr)
 .jcr           0x00001010        0x0 /usr/lib/crtbeginS.o
 .jcr           0x00001010        0x4 /usr/lib/crtendS.o

.data.rel.ro
 *(.data.rel.ro.local* .gnu.linkonce.d.rel.ro.local.*)
 *(.data.rel.ro .data.rel.ro.* .gnu.linkonce.d.rel.ro.*)

.dynamic        0x00001014       0xb8
 *(.dynamic)
 .dynamic       0x00001014       0xb8 /usr/lib/crti.o
                0x00001014                _DYNAMIC

.got            0x000010cc       0x14
 *(.got)
 .got           0x000010cc       0x14 /usr/lib/crti.o
 *(.igot)
                0x000010e0                . = DATA_SEGMENT_RELRO_END (., (SIZEOF (.got.plt) >= 0xc)?0xc:0x0)

.got.plt        0x000010e0       0x4c
 *(.got.plt)
 .got.plt       0x000010e0       0x4c /usr/lib/crti.o
                0x000010e0                _GLOBAL_OFFSET_TABLE_
 *(.igot.plt)

.data           0x0000112c       0x3c
 *(.data .data.* .gnu.linkonce.d.*)
 .data          0x0000112c        0x0 /usr/lib/crti.o
 .data          0x0000112c        0x0 /usr/lib/crtbeginS.o
 .data.rel      0x0000112c       0x26 /usr/lib/crtbeginS.o
                0x0000112c                __dso_handle
 *fill*         0x00001152        0x2 
 .data          0x00001154        0x0 libmapper_646_pic.a(citrus_mapper_646.pico)
 .data.rel.local
                0x00001154       0x14 libmapper_646_pic.a(citrus_mapper_646.pico)
                0x00001154                _citrus_mapper_646_mapper_ops
 .data          0x00001168        0x0 /usr/lib/crtendS.o
 .data          0x00001168        0x0 /usr/lib/crtn.o

.data1
 *(.data1)
                0x00001168                _edata = .
                0x00001168                PROVIDE (edata, .)
                0x00001168                . = .
                0x00001168                __bss_start = .

.bss            0x00001168        0x0
 *(.dynbss)
 .dynbss        0x00000000        0x0 /usr/lib/crti.o
 *(.bss .bss.* .gnu.linkonce.b.*)
 .bss           0x00001168        0x0 /usr/lib/crti.o
 .bss           0x00001168        0x0 /usr/lib/crtbeginS.o
 .bss           0x00001168        0x0 libmapper_646_pic.a(citrus_mapper_646.pico)
 .bss           0x00001168        0x0 /usr/lib/crtendS.o
 .bss           0x00001168        0x0 /usr/lib/crtn.o
 *(COMMON)
                0x00001168                . = ALIGN ((. != 0x0)?0x4:0x1)
                0x00001168                . = ALIGN (0x4)
                0x00001168                . = ALIGN (0x4)
                0x00001168                _end = .
                0x00001168                PROVIDE (end, .)
                0x00001168                . = DATA_SEGMENT_END (.)

.stab
 *(.stab)

.stabstr
 *(.stabstr)

.stab.excl
 *(.stab.excl)

.stab.exclstr
 *(.stab.exclstr)

.stab.index
 *(.stab.index)

.stab.indexstr
 *(.stab.indexstr)

.comment        0x00000000       0x2f
 *(.comment)
 .comment       0x00000000       0x2f libmapper_646_pic.a(citrus_mapper_646.pico)
                                 0x30 (size before relaxing)

.ident          0x00000000      0x124
 .ident         0x00000000       0x36 /usr/lib/crti.o
 .ident         0x00000036       0x3a /usr/lib/crtbeginS.o
 .ident         0x00000070       0x46 libmapper_646_pic.a(citrus_mapper_646.pico)
 .ident         0x000000b6       0x38 /usr/lib/crtendS.o
 .ident         0x000000ee       0x36 /usr/lib/crtn.o

.debug
 *(.debug)

.line
 *(.line)

.debug_srcinfo
 *(.debug_srcinfo)

.debug_sfnames
 *(.debug_sfnames)

.debug_aranges
 *(.debug_aranges)

.debug_pubnames
 *(.debug_pubnames)

.debug_info
 *(.debug_info .gnu.linkonce.wi.*)

.debug_abbrev
 *(.debug_abbrev)

.debug_line
 *(.debug_line)

.debug_frame
 *(.debug_frame)

.debug_str
 *(.debug_str)

.debug_loc
 *(.debug_loc)

.debug_macinfo
 *(.debug_macinfo)

.debug_weaknames
 *(.debug_weaknames)

.debug_funcnames
 *(.debug_funcnames)

.debug_typenames
 *(.debug_typenames)

.debug_varnames
 *(.debug_varnames)

.debug_pubtypes
 *(.debug_pubtypes)

.debug_ranges
 *(.debug_ranges)

.debug_macro
 *(.debug_macro)

.gnu.attributes
 *(.gnu.attributes)

/DISCARD/
 *(.note.GNU-stack)
 *(.gnu_debuglink)
 *(.gnu.lto_*)
OUTPUT(libmapper_646.so.5.0 elf32-i386-minix)
