Archive member included because of file (symbol)

libkvm_pic.a(kvm_getloadavg.pico)
                              (--whole-archive)
libkvm_pic.a(kvm_file.pico)   (--whole-archive)
libkvm_pic.a(kvm_proc.pico)   (--whole-archive)
libkvm_pic.a(kvm_i386pae.pico)
                              (--whole-archive)
libkvm_pic.a(kvm_i386.pico)   (--whole-archive)
libkvm_pic.a(kvm.pico)        (--whole-archive)

Discarded input sections

 .note.GNU-stack
                0x00000000        0x0 libkvm_pic.a(kvm_getloadavg.pico)
 .note.GNU-stack
                0x00000000        0x0 libkvm_pic.a(kvm_file.pico)
 .note.GNU-stack
                0x00000000        0x0 libkvm_pic.a(kvm_proc.pico)
 .note.GNU-stack
                0x00000000        0x0 libkvm_pic.a(kvm_i386pae.pico)
 .note.GNU-stack
                0x00000000        0x0 libkvm_pic.a(kvm_i386.pico)
 .note.GNU-stack
                0x00000000        0x0 libkvm_pic.a(kvm.pico)

Memory Configuration

Name             Origin             Length             Attributes
*default*        0x00000000         0xffffffff

Linker script and memory map

LOAD /usr/lib/crti.o
LOAD /usr/lib/crtbeginS.o
LOAD libkvm_pic.a
LOAD /usr/lib/libc.so
LOAD /usr/lib/crtendS.o
LOAD /usr/lib/crtn.o
                0x000000f4                . = (0x0 + SIZEOF_HEADERS)

.note.gnu.build-id
 *(.note.gnu.build-id)

.hash           0x000000f4      0x24c
 *(.hash)
 .hash          0x000000f4      0x24c /usr/lib/crti.o

.gnu.hash
 *(.gnu.hash)

.dynsym         0x00000340      0x4e0
 *(.dynsym)
 .dynsym        0x00000340      0x4e0 /usr/lib/crti.o

.dynstr         0x00000820      0x310
 *(.dynstr)
 .dynstr        0x00000820      0x310 /usr/lib/crti.o

.gnu.version    0x00000b30        0x0
 *(.gnu.version)
 .gnu.version   0x00000000        0x0 /usr/lib/crti.o

.gnu.version_d  0x00000b30        0x0
 *(.gnu.version_d)
 .gnu.version_d
                0x00000000        0x0 /usr/lib/crti.o

.gnu.version_r  0x00000b30        0x0
 *(.gnu.version_r)
 .gnu.version_r
                0x00000000        0x0 /usr/lib/crti.o

.rel.dyn        0x00000b30       0x58
 *(.rel.init)
 *(.rel.text .rel.text.* .rel.gnu.linkonce.t.*)
 *(.rel.fini)
 *(.rel.rodata .rel.rodata.* .rel.gnu.linkonce.r.*)
 *(.rel.data.rel.ro .rel.data.rel.ro.* .rel.gnu.linkonce.d.rel.ro.*)
 *(.rel.data .rel.data.* .rel.gnu.linkonce.d.*)
 .rel.data.rel  0x00000b30        0x8 /usr/lib/crti.o
 .rel.data.rel.local
                0x00000b38       0x18 /usr/lib/crti.o
 *(.rel.tdata .rel.tdata.* .rel.gnu.linkonce.td.*)
 *(.rel.tbss .rel.tbss.* .rel.gnu.linkonce.tb.*)
 *(.rel.ctors)
 *(.rel.dtors)
 *(.rel.got)
 .rel.got       0x00000b50       0x38 /usr/lib/crti.o
 *(.rel.bss .rel.bss.* .rel.gnu.linkonce.b.*)
 *(.rel.ifunc)
 .rel.ifunc     0x00000000        0x0 /usr/lib/crti.o

.rel.plt        0x00000b88      0x1a0
 *(.rel.plt)
 .rel.plt       0x00000b88      0x1a0 /usr/lib/crti.o
 *(.rel.iplt)

.init           0x00000d30        0xa
 *(SORT(.init))
 .init          0x00000d30        0x3 /usr/lib/crti.o
                0x00000d30                _init
 .init          0x00000d33        0x5 /usr/lib/crtbeginS.o
 .init          0x00000d38        0x2 /usr/lib/crtn.o

.plt            0x00000d40      0x350
 *(.plt)
 .plt           0x00000d40      0x350 /usr/lib/crti.o
 *(.iplt)

.text           0x00001090     0x5124
                0x00001090                PROVIDE (__eprol, .)
 *(.text)
 .text          0x00001090        0x0 /usr/lib/crti.o
 .text          0x00001090       0xef /usr/lib/crtbeginS.o
 *fill*         0x0000117f        0x1 
 .text          0x00001180      0x16f libkvm_pic.a(kvm_getloadavg.pico)
                0x00001180                kvm_getloadavg
 *fill*         0x000012ef        0x1 
 .text          0x000012f0      0x3c7 libkvm_pic.a(kvm_file.pico)
                0x000012f0                kvm_getfiles
 *fill*         0x000016b7        0x9 
 .text          0x000016c0     0x28f3 libkvm_pic.a(kvm_proc.pico)
                0x000016c0                _kvm_uread
                0x00001980                kvm_getproc2
                0x000024a0                _kvm_realloc
                0x000024f0                kvm_getprocs
                0x000029b0                kvm_getlwps
                0x00002e60                kvm_getargv
                0x00003550                kvm_getenvv
                0x000035d0                kvm_getargv2
                0x00003930                kvm_getenvv2
                0x00003970                kvm_uread
 *fill*         0x00003fb3        0xd 
 .text          0x00003fc0      0x1b9 libkvm_pic.a(kvm_i386pae.pico)
                0x00003fc0                _kvm_kvatop_i386pae
 *fill*         0x00004179        0x7 
 .text          0x00004180      0x4d8 libkvm_pic.a(kvm_i386.pico)
                0x00004180                _kvm_freevtop
                0x000041b0                _kvm_initvtop
                0x000041f0                _kvm_kvatop
                0x00004260                _kvm_kvatop_i386
                0x00004560                _kvm_pa2off
                0x00004630                _kvm_mdopen
 *fill*         0x00004658        0x8 
 .text          0x00004660     0x1b54 libkvm_pic.a(kvm.pico)
                0x00004660                kvm_geterr
                0x00004670                kvm_getkernelname
                0x00004680                _kvm_err
                0x00004720                _kvm_syserr
                0x00004810                _kvm_malloc
                0x00004880                _kvm_pread
                0x000049d0                kvm_dump_mkheader
                0x00004dc0                kvm_dump_header
                0x00005140                kvm_dump_wrtheader
                0x000051d0                kvm_openfiles
                0x00005a70                kvm_open
                0x00005b10                kvm_close
                0x00005c60                kvm_nlist
                0x00005d20                kvm_dump_inval
                0x00005ee0                kvm_read
                0x000060e0                kvm_write
 .text          0x000061b4        0x0 /usr/lib/crtendS.o
 .text          0x000061b4        0x0 /usr/lib/crtn.o
 *(.text.unlikely .text.*_unlikely)
 *(.text.exit .text.exit.*)
 *(.text.startup .text.startup.*)
 *(.text.hot .text.hot.*)
 *(.stub .text.* .gnu.linkonce.t.*)
 *(.gnu.warning)

.fini           0x000061c0        0xa
 *(SORT(.fini))
 .fini          0x000061c0        0x3 /usr/lib/crti.o
                0x000061c0                _fini
 .fini          0x000061c3        0x5 /usr/lib/crtbeginS.o
 .fini          0x000061c8        0x2 /usr/lib/crtn.o
                0x000061ca                PROVIDE (__etext, .)
                0x000061ca                PROVIDE (_etext, .)
                0x000061ca                PROVIDE (etext, .)

.rodata         0x000061ca      0x594
 *(.rodata .rodata.* .gnu.linkonce.r.*)
 .rodata.str1.1
                0x000061ca       0x3f libkvm_pic.a(kvm_getloadavg.pico)
                                 0x40 (size before relaxing)
 .rodata.str1.1
                0x00006209       0x77 libkvm_pic.a(kvm_file.pico)
                                 0x8a (size before relaxing)
 .rodata.str1.1
                0x00006280      0x175 libkvm_pic.a(kvm_proc.pico)
                                0x195 (size before relaxing)
 .rodata.str1.1
                0x000063f5       0x6a libkvm_pic.a(kvm_i386pae.pico)
 .rodata.str1.1
                0x0000645f       0x1d libkvm_pic.a(kvm_i386.pico)
                                 0x87 (size before relaxing)
 .rodata.str1.1
                0x0000647c      0x2e2 libkvm_pic.a(kvm.pico)
                                0x2fe (size before relaxing)

.rodata1
 *(.rodata1)

.eh_frame_hdr   0x00006760      0x16c
 *(.eh_frame_hdr)
 .eh_frame_hdr  0x00006760      0x16c libkvm_pic.a(kvm_getloadavg.pico)

.eh_frame       0x000068cc      0x588
 *(.eh_frame)
 .eh_frame      0x000068cc       0x3c /usr/lib/crti.o
                                 0x40 (size before relaxing)
 .eh_frame      0x00006908        0x0 /usr/lib/crtbeginS.o
 .eh_frame      0x00006908       0x38 libkvm_pic.a(kvm_getloadavg.pico)
 .eh_frame      0x00006940       0x20 libkvm_pic.a(kvm_file.pico)
                                 0x38 (size before relaxing)
 .eh_frame      0x00006960      0x1f0 libkvm_pic.a(kvm_proc.pico)
                                0x208 (size before relaxing)
 .eh_frame      0x00006b50       0x20 libkvm_pic.a(kvm_i386pae.pico)
                                 0x38 (size before relaxing)
 .eh_frame      0x00006b70       0xb0 libkvm_pic.a(kvm_i386.pico)
                                 0xc8 (size before relaxing)
 .eh_frame      0x00006c20      0x230 libkvm_pic.a(kvm.pico)
                                0x248 (size before relaxing)
 .eh_frame      0x00006e50        0x4 /usr/lib/crtendS.o

.note.netbsd.ident
                0x00006e54       0x18
 .note.netbsd.ident
                0x00006e54       0x18 /usr/lib/crti.o

.note.netbsd.pax
                0x00006e6c       0x14
 .note.netbsd.pax
                0x00006e6c       0x14 /usr/lib/crti.o

.gcc_except_table
 *(.gcc_except_table .gcc_except_table.*)

.exception_ranges
 *(.exception_ranges .exception_ranges*)
                0x00006e80                . = (ALIGN (0x1000) - ((0x1000 - .) & 0xfff))
                0x00007000                . = DATA_SEGMENT_ALIGN (0x1000, 0x1000)

.eh_frame
 *(.eh_frame)

.gcc_except_table
 *(.gcc_except_table .gcc_except_table.*)

.exception_ranges
 *(.exception_ranges .exception_ranges*)

.tdata
 *(.tdata .tdata.* .gnu.linkonce.td.*)

.tbss
 *(.tbss .tbss.* .gnu.linkonce.tb.*)
 *(.tcommon)

.preinit_array
 *(.preinit_array)

.init_array
 *(SORT(.init_array.*))
 *(.init_array)

.fini_array
 *(SORT(.fini_array.*))
 *(.fini_array)

.ctors          0x00007000        0x8
 *crtbegin.o(.ctors)
 *crtbegin?.o(.ctors)
 .ctors         0x00007000        0x4 /usr/lib/crtbeginS.o
 *(EXCLUDE_FILE(*crtend?.o *crtend.o) .ctors)
 *(SORT(.ctors.*))
 *(.ctors)
 .ctors         0x00007004        0x4 /usr/lib/crtendS.o
                0x00007004                __CTOR_LIST_END__

.dtors          0x00007008        0x8
 *crtbegin.o(.dtors)
 *crtbegin?.o(.dtors)
 .dtors         0x00007008        0x4 /usr/lib/crtbeginS.o
 *(EXCLUDE_FILE(*crtend?.o *crtend.o) .dtors)
 *(SORT(.dtors.*))
 *(.dtors)
 .dtors         0x0000700c        0x4 /usr/lib/crtendS.o

.jcr            0x00007010        0x4
 *(.jcr)
 .jcr           0x00007010        0x0 /usr/lib/crtbeginS.o
 .jcr           0x00007010        0x4 /usr/lib/crtendS.o

.data.rel.ro
 *(.data.rel.ro.local* .gnu.linkonce.d.rel.ro.local.*)
 *(.data.rel.ro .data.rel.ro.* .gnu.linkonce.d.rel.ro.*)

.dynamic        0x00007014       0xb0
 *(.dynamic)
 .dynamic       0x00007014       0xb0 /usr/lib/crti.o
                0x00007014                _DYNAMIC

.got            0x000070c4       0x1c
 *(.got)
 .got           0x000070c4       0x1c /usr/lib/crti.o
 *(.igot)
                0x000070e0                . = DATA_SEGMENT_RELRO_END (., (SIZEOF (.got.plt) >= 0xc)?0xc:0x0)

.got.plt        0x000070e0       0xdc
 *(.got.plt)
 .got.plt       0x000070e0       0xdc /usr/lib/crti.o
                0x000070e0                _GLOBAL_OFFSET_TABLE_
 *(.igot.plt)

.data           0x000071bc       0x4c
 *(.data .data.* .gnu.linkonce.d.*)
 .data          0x000071bc        0x0 /usr/lib/crti.o
 .data          0x000071bc        0x0 /usr/lib/crtbeginS.o
 .data.rel      0x000071bc       0x26 /usr/lib/crtbeginS.o
                0x000071bc                __dso_handle
 *fill*         0x000071e2        0x2 
 .data          0x000071e4        0x0 libkvm_pic.a(kvm_getloadavg.pico)
 .data.rel.local
                0x000071e4       0x24 libkvm_pic.a(kvm_getloadavg.pico)
 .data          0x00007208        0x0 libkvm_pic.a(kvm_file.pico)
 .data          0x00007208        0x0 libkvm_pic.a(kvm_proc.pico)
 .data          0x00007208        0x0 libkvm_pic.a(kvm_i386pae.pico)
 .data          0x00007208        0x0 libkvm_pic.a(kvm_i386.pico)
 .data          0x00007208        0x0 libkvm_pic.a(kvm.pico)
 .data          0x00007208        0x0 /usr/lib/crtendS.o
 .data          0x00007208        0x0 /usr/lib/crtn.o

.data1
 *(.data1)
                0x00007208                _edata = .
                0x00007208                PROVIDE (edata, .)
                0x00007208                . = .
                0x00007208                __bss_start = .

.bss            0x00007208       0x88
 *(.dynbss)
 .dynbss        0x00000000        0x0 /usr/lib/crti.o
 *(.bss .bss.* .gnu.linkonce.b.*)
 .bss           0x00007208        0x0 /usr/lib/crti.o
 .bss           0x00007208        0x0 /usr/lib/crtbeginS.o
 .bss           0x00007208        0x0 libkvm_pic.a(kvm_getloadavg.pico)
 .bss           0x00007208        0x0 libkvm_pic.a(kvm_file.pico)
 .bss           0x00007208        0x0 libkvm_pic.a(kvm_proc.pico)
 .bss           0x00007208        0x0 libkvm_pic.a(kvm_i386pae.pico)
 .bss           0x00007208        0x4 libkvm_pic.a(kvm_i386.pico)
 .bss           0x0000720c       0x82 libkvm_pic.a(kvm.pico)
 *fill*         0x0000728e        0x2 
 .bss           0x00007290        0x0 /usr/lib/crtendS.o
 .bss           0x00007290        0x0 /usr/lib/crtn.o
 *(COMMON)
                0x00007290                . = ALIGN ((. != 0x0)?0x4:0x1)
                0x00007290                . = ALIGN (0x4)
                0x00007290                . = ALIGN (0x4)
                0x00007290                _end = .
                0x00007290                PROVIDE (end, .)
                0x00007290                . = DATA_SEGMENT_END (.)

.stab
 *(.stab)

.stabstr
 *(.stabstr)

.stab.excl
 *(.stab.excl)

.stab.exclstr
 *(.stab.exclstr)

.stab.index
 *(.stab.index)

.stab.indexstr
 *(.stab.indexstr)

.comment        0x00000000       0x2f
 *(.comment)
 .comment       0x00000000       0x2f libkvm_pic.a(kvm_getloadavg.pico)
                                 0x30 (size before relaxing)
 .comment       0x00000000       0x30 libkvm_pic.a(kvm_file.pico)
 .comment       0x00000000       0x30 libkvm_pic.a(kvm_proc.pico)
 .comment       0x00000000       0x30 libkvm_pic.a(kvm_i386pae.pico)
 .comment       0x00000000       0x30 libkvm_pic.a(kvm_i386.pico)
 .comment       0x00000000       0x30 libkvm_pic.a(kvm.pico)

.ident          0x00000000      0x239
 .ident         0x00000000       0x36 /usr/lib/crti.o
 .ident         0x00000036       0x3a /usr/lib/crtbeginS.o
 .ident         0x00000070       0x40 libkvm_pic.a(kvm_getloadavg.pico)
 .ident         0x000000b0       0x39 libkvm_pic.a(kvm_file.pico)
 .ident         0x000000e9       0x39 libkvm_pic.a(kvm_proc.pico)
 .ident         0x00000122       0x3b libkvm_pic.a(kvm_i386pae.pico)
 .ident         0x0000015d       0x39 libkvm_pic.a(kvm_i386.pico)
 .ident         0x00000196       0x35 libkvm_pic.a(kvm.pico)
 .ident         0x000001cb       0x38 /usr/lib/crtendS.o
 .ident         0x00000203       0x36 /usr/lib/crtn.o

.debug
 *(.debug)

.line
 *(.line)

.debug_srcinfo
 *(.debug_srcinfo)

.debug_sfnames
 *(.debug_sfnames)

.debug_aranges
 *(.debug_aranges)

.debug_pubnames
 *(.debug_pubnames)

.debug_info
 *(.debug_info .gnu.linkonce.wi.*)

.debug_abbrev
 *(.debug_abbrev)

.debug_line
 *(.debug_line)

.debug_frame
 *(.debug_frame)

.debug_str
 *(.debug_str)

.debug_loc
 *(.debug_loc)

.debug_macinfo
 *(.debug_macinfo)

.debug_weaknames
 *(.debug_weaknames)

.debug_funcnames
 *(.debug_funcnames)

.debug_typenames
 *(.debug_typenames)

.debug_varnames
 *(.debug_varnames)

.debug_pubtypes
 *(.debug_pubtypes)

.debug_ranges
 *(.debug_ranges)

.debug_macro
 *(.debug_macro)

.gnu.attributes
 *(.gnu.attributes)

/DISCARD/
 *(.note.GNU-stack)
 *(.gnu_debuglink)
 *(.gnu.lto_*)
OUTPUT(libkvm.so.6.0 elf32-i386-minix)
