Archive member included because of file (symbol)

libdes_pic.a(ornd_keys.pico)  (--whole-archive)
libdes_pic.a(oxcbc_enc.pico)  (--whole-archive)
libdes_pic.a(orpc_enc.pico)   (--whole-archive)
libdes_pic.a(oread2pwd.pico)  (--whole-archive)
libdes_pic.a(orand_key.pico)  (--whole-archive)
libdes_pic.a(oqud_cksm.pico)  (--whole-archive)
libdes_pic.a(oofb_enc.pico)   (--whole-archive)
libdes_pic.a(oofb64enc.pico)  (--whole-archive)
libdes_pic.a(oofb64ede.pico)  (--whole-archive)
libdes_pic.a(ofcrypt.pico)    (--whole-archive)
libdes_pic.a(oenc_writ.pico)  (--whole-archive)
libdes_pic.a(oenc_read.pico)  (--whole-archive)
libdes_pic.a(oede_cbcm_enc.pico)
                              (--whole-archive)
libdes_pic.a(oecb3_enc.pico)  (--whole-archive)
libdes_pic.a(ocfb_enc.pico)   (--whole-archive)
libdes_pic.a(ocfb64enc.pico)  (--whole-archive)
libdes_pic.a(ocfb64ede.pico)  (--whole-archive)
libdes_pic.a(ocbc_enc.pico)   (--whole-archive)
libdes_pic.a(ostr2key.pico)   (--whole-archive)
libdes_pic.a(oset_key.pico)   (--whole-archive)
libdes_pic.a(oread_pwd.pico)  (--whole-archive)
libdes_pic.a(opcbc_enc.pico)  (--whole-archive)
libdes_pic.a(ofcrypt_b.pico)  (--whole-archive)
libdes_pic.a(ocbc_cksm.pico)  (--whole-archive)
libdes_pic.a(oecb_enc.pico)   (--whole-archive)
libdes_pic.a(odes_enc.pico)   (--whole-archive)

Discarded input sections

 .note.GNU-stack
                0x00000000        0x0 libdes_pic.a(ornd_keys.pico)
 .note.GNU-stack
                0x00000000        0x0 libdes_pic.a(oxcbc_enc.pico)
 .note.GNU-stack
                0x00000000        0x0 libdes_pic.a(orpc_enc.pico)
 .note.GNU-stack
                0x00000000        0x0 libdes_pic.a(oread2pwd.pico)
 .note.GNU-stack
                0x00000000        0x0 libdes_pic.a(orand_key.pico)
 .note.GNU-stack
                0x00000000        0x0 libdes_pic.a(oqud_cksm.pico)
 .note.GNU-stack
                0x00000000        0x0 libdes_pic.a(oofb_enc.pico)
 .note.GNU-stack
                0x00000000        0x0 libdes_pic.a(oofb64enc.pico)
 .note.GNU-stack
                0x00000000        0x0 libdes_pic.a(oofb64ede.pico)
 .note.GNU-stack
                0x00000000        0x0 libdes_pic.a(ofcrypt.pico)
 .note.GNU-stack
                0x00000000        0x0 libdes_pic.a(oenc_writ.pico)
 .note.GNU-stack
                0x00000000        0x0 libdes_pic.a(oenc_read.pico)
 .note.GNU-stack
                0x00000000        0x0 libdes_pic.a(oede_cbcm_enc.pico)
 .note.GNU-stack
                0x00000000        0x0 libdes_pic.a(oecb3_enc.pico)
 .note.GNU-stack
                0x00000000        0x0 libdes_pic.a(ocfb_enc.pico)
 .note.GNU-stack
                0x00000000        0x0 libdes_pic.a(ocfb64enc.pico)
 .note.GNU-stack
                0x00000000        0x0 libdes_pic.a(ocfb64ede.pico)
 .note.GNU-stack
                0x00000000        0x0 libdes_pic.a(ocbc_enc.pico)
 .note.GNU-stack
                0x00000000        0x0 libdes_pic.a(ostr2key.pico)
 .note.GNU-stack
                0x00000000        0x0 libdes_pic.a(oset_key.pico)
 .note.GNU-stack
                0x00000000        0x0 libdes_pic.a(oread_pwd.pico)
 .note.GNU-stack
                0x00000000        0x0 libdes_pic.a(opcbc_enc.pico)
 .note.GNU-stack
                0x00000000        0x0 libdes_pic.a(ofcrypt_b.pico)
 .note.GNU-stack
                0x00000000        0x0 libdes_pic.a(ocbc_cksm.pico)
 .note.GNU-stack
                0x00000000        0x0 libdes_pic.a(oecb_enc.pico)
 .note.GNU-stack
                0x00000000        0x0 libdes_pic.a(odes_enc.pico)

Memory Configuration

Name             Origin             Length             Attributes
*default*        0x00000000         0xffffffff

Linker script and memory map

LOAD /usr/lib/crti.o
LOAD /usr/lib/crtbeginS.o
LOAD libdes_pic.a
LOAD /usr/lib/libc.so
LOAD /usr/lib/crtendS.o
LOAD /usr/lib/crtn.o
                0x000000f4                . = (0x0 + SIZEOF_HEADERS)

.note.gnu.build-id
 *(.note.gnu.build-id)

.hash           0x000000f4      0x318
 *(.hash)
 .hash          0x000000f4      0x318 /usr/lib/crti.o

.gnu.hash
 *(.gnu.hash)

.dynsym         0x0000040c      0x630
 *(.dynsym)
 .dynsym        0x0000040c      0x630 /usr/lib/crti.o

.dynstr         0x00000a3c      0x500
 *(.dynstr)
 .dynstr        0x00000a3c      0x500 /usr/lib/crti.o

.gnu.version    0x00000f3c        0x0
 *(.gnu.version)
 .gnu.version   0x00000000        0x0 /usr/lib/crti.o

.gnu.version_d  0x00000f3c        0x0
 *(.gnu.version_d)
 .gnu.version_d
                0x00000000        0x0 /usr/lib/crti.o

.gnu.version_r  0x00000f3c        0x0
 *(.gnu.version_r)
 .gnu.version_r
                0x00000000        0x0 /usr/lib/crti.o

.rel.dyn        0x00000f3c       0x60
 *(.rel.init)
 *(.rel.text .rel.text.* .rel.gnu.linkonce.t.*)
 *(.rel.fini)
 *(.rel.rodata .rel.rodata.* .rel.gnu.linkonce.r.*)
 *(.rel.data.rel.ro .rel.data.rel.ro.* .rel.gnu.linkonce.d.rel.ro.*)
 *(.rel.data .rel.data.* .rel.gnu.linkonce.d.*)
 .rel.data.rel  0x00000f3c        0x8 /usr/lib/crti.o
 .rel.data.rel.local
                0x00000f44       0x10 /usr/lib/crti.o
 *(.rel.tdata .rel.tdata.* .rel.gnu.linkonce.td.*)
 *(.rel.tbss .rel.tbss.* .rel.gnu.linkonce.tb.*)
 *(.rel.ctors)
 *(.rel.dtors)
 *(.rel.got)
 .rel.got       0x00000f54       0x48 /usr/lib/crti.o
 *(.rel.bss .rel.bss.* .rel.gnu.linkonce.b.*)
 *(.rel.ifunc)
 .rel.ifunc     0x00000000        0x0 /usr/lib/crti.o

.rel.plt        0x00000f9c      0x1e8
 *(.rel.plt)
 .rel.plt       0x00000f9c      0x1e8 /usr/lib/crti.o
 *(.rel.iplt)

.init           0x00001190        0xa
 *(SORT(.init))
 .init          0x00001190        0x3 /usr/lib/crti.o
                0x00001190                _init
 .init          0x00001193        0x5 /usr/lib/crtbeginS.o
 .init          0x00001198        0x2 /usr/lib/crtn.o

.plt            0x000011a0      0x3e0
 *(.plt)
 .plt           0x000011a0      0x3e0 /usr/lib/crti.o
 *(.iplt)

.text           0x00001580     0x5f7c
                0x00001580                PROVIDE (__eprol, .)
 *(.text)
 .text          0x00001580        0x0 /usr/lib/crti.o
 .text          0x00001580       0xef /usr/lib/crtbeginS.o
 *fill*         0x0000166f        0x1 
 .text          0x00001670      0x207 libdes_pic.a(ornd_keys.pico)
                0x00001670                des_set_random_generator_seed
                0x00001690                des_new_random_key
                0x00001720                des_init_random_number_generator
 *fill*         0x00001877        0x9 
 .text          0x00001880      0x6b7 libdes_pic.a(oxcbc_enc.pico)
                0x00001880                des_xwhite_in2out
                0x000019d0                des_xcbc_encrypt
 *fill*         0x00001f37        0x9 
 .text          0x00001f40       0x88 libdes_pic.a(orpc_enc.pico)
                0x00001f40                _des_crypt
 *fill*         0x00001fc8        0x8 
 .text          0x00001fd0       0xdf libdes_pic.a(oread2pwd.pico)
                0x00001fd0                des_read_password
                0x00002040                des_read_2passwords
 *fill*         0x000020af        0x1 
 .text          0x000020b0       0xa1 libdes_pic.a(orand_key.pico)
                0x000020b0                des_random_seed
                0x000020c0                des_random_key
 *fill*         0x00002151        0xf 
 .text          0x00002160      0x13e libdes_pic.a(oqud_cksm.pico)
                0x00002160                des_quad_cksum
 *fill*         0x0000229e        0x2 
 .text          0x000022a0      0x333 libdes_pic.a(oofb_enc.pico)
                0x000022a0                des_ofb_encrypt
 *fill*         0x000025d3        0xd 
 .text          0x000025e0      0x18d libdes_pic.a(oofb64enc.pico)
                0x000025e0                des_ofb64_encrypt
 *fill*         0x0000276d        0x3 
 .text          0x00002770      0x199 libdes_pic.a(oofb64ede.pico)
                0x00002770                des_ede3_ofb64_encrypt
 *fill*         0x00002909        0x7 
 .text          0x00002910      0x309 libdes_pic.a(ofcrypt.pico)
                0x00002910                des_crypt
                0x00002950                des_fcrypt
 *fill*         0x00002c19        0x7 
 .text          0x00002c20      0x1fa libdes_pic.a(oenc_writ.pico)
                0x00002c20                des_enc_write
 *fill*         0x00002e1a        0x6 
 .text          0x00002e20      0x3b8 libdes_pic.a(oenc_read.pico)
                0x00002e20                des_enc_read
 *fill*         0x000031d8        0x8 
 .text          0x000031e0      0x4d2 libdes_pic.a(oede_cbcm_enc.pico)
                0x000031e0                des_ede3_cbcm_encrypt
 *fill*         0x000036b2        0xe 
 .text          0x000036c0       0xd2 libdes_pic.a(oecb3_enc.pico)
                0x000036c0                des_ecb3_encrypt
 *fill*         0x00003792        0xe 
 .text          0x000037a0      0x524 libdes_pic.a(ocfb_enc.pico)
                0x000037a0                des_cfb_encrypt
 *fill*         0x00003cc4        0xc 
 .text          0x00003cd0      0x1db libdes_pic.a(ocfb64enc.pico)
                0x00003cd0                des_cfb64_encrypt
 *fill*         0x00003eab        0x5 
 .text          0x00003eb0      0x1ec libdes_pic.a(ocfb64ede.pico)
                0x00003eb0                des_ede3_cfb64_encrypt
 *fill*         0x0000409c        0x4 
 .text          0x000040a0      0x427 libdes_pic.a(ocbc_enc.pico)
                0x000040a0                des_cbc_encrypt
 *fill*         0x000044c7        0x9 
 .text          0x000044d0      0x33e libdes_pic.a(ostr2key.pico)
                0x000044d0                des_string_to_key
                0x00004610                des_string_to_2keys
 *fill*         0x0000480e        0x2 
 .text          0x00004810      0x792 libdes_pic.a(oset_key.pico)
                0x00004810                des_set_odd_parity
                0x000048a0                des_check_key_parity
                0x00004940                des_is_weak_key
                0x00004b80                des_set_key
                0x00004bf0                des_set_key_checked
                0x00004c50                des_set_key_unchecked
                0x00004eb0                des_key_sched
                0x00004f20                des_fixup_key_parity
 *fill*         0x00004fa2        0xe 
 .text          0x00004fb0      0x559 libdes_pic.a(oread_pwd.pico)
                0x00004fb0                des_read_pw_string
                0x00005010                des_read_pw
 *fill*         0x00005509        0x7 
 .text          0x00005510      0x2f8 libdes_pic.a(opcbc_enc.pico)
                0x00005510                des_pcbc_encrypt
 *fill*         0x00005808        0x8 
 .text          0x00005810      0x404 libdes_pic.a(ofcrypt_b.pico)
                0x00005810                fcrypt_body
 *fill*         0x00005c14        0xc 
 .text          0x00005c20      0x19c libdes_pic.a(ocbc_cksm.pico)
                0x00005c20                des_cbc_cksum
 *fill*         0x00005dbc        0x4 
 .text          0x00005dc0      0x11a libdes_pic.a(oecb_enc.pico)
                0x00005dc0                des_options
                0x00005e30                des_ecb_encrypt
 *fill*         0x00005eda        0x6 
 .text          0x00005ee0     0x161a libdes_pic.a(odes_enc.pico)
                0x00005ee0                des_encrypt1
                0x00006480                des_encrypt2
                0x00006960                des_encrypt3
                0x00006aa0                des_decrypt3
                0x00006be0                des_ncbc_encrypt
                0x00007070                des_ede3_cbc_encrypt
 *fill*         0x000074fa        0x2 
 .text          0x000074fc        0x0 /usr/lib/crtendS.o
 .text          0x000074fc        0x0 /usr/lib/crtn.o
 *(.text.unlikely .text.*_unlikely)
 *(.text.exit .text.exit.*)
 *(.text.startup .text.startup.*)
 *(.text.hot .text.hot.*)
 *(.stub .text.* .gnu.linkonce.t.*)
 *(.gnu.warning)

.fini           0x00007500        0xa
 *(SORT(.fini))
 .fini          0x00007500        0x3 /usr/lib/crti.o
                0x00007500                _fini
 .fini          0x00007503        0x5 /usr/lib/crtbeginS.o
 .fini          0x00007508        0x2 /usr/lib/crtn.o
                0x0000750a                PROVIDE (__etext, .)
                0x0000750a                PROVIDE (_etext, .)
                0x0000750a                PROVIDE (etext, .)

.rodata         0x0000750c     0x15e4
 *(.rodata .rodata.* .gnu.linkonce.r.*)
 .rodata.str1.1
                0x0000750c       0x1f libdes_pic.a(ornd_keys.pico)
 *fill*         0x0000752b        0x1 
 .rodata        0x0000752c      0x144 libdes_pic.a(oxcbc_enc.pico)
 .rodata        0x00007670       0x40 libdes_pic.a(oofb_enc.pico)
 .rodata        0x000076b0       0xc0 libdes_pic.a(ofcrypt.pico)
 .rodata        0x00007770       0x38 libdes_pic.a(oede_cbcm_enc.pico)
 .rodata        0x000077a8       0x80 libdes_pic.a(ocfb_enc.pico)
 .rodata        0x00007828       0x44 libdes_pic.a(ocbc_enc.pico)
 .rodata        0x0000786c      0x900 libdes_pic.a(oset_key.pico)
 .rodata.str1.1
                0x0000816c       0x34 libdes_pic.a(oread_pwd.pico)
 .rodata        0x000081a0       0x38 libdes_pic.a(opcbc_enc.pico)
 .rodata        0x000081d8       0x1c libdes_pic.a(ocbc_cksm.pico)
 .rodata        0x000081f4      0x800 libdes_pic.a(oecb_enc.pico)
                0x000081f4                des_SPtrans
 .rodata.str1.1
                0x000089f4       0x74 libdes_pic.a(oecb_enc.pico)
 .rodata        0x00008a68       0x88 libdes_pic.a(odes_enc.pico)

.rodata1
 *(.rodata1)

.eh_frame_hdr   0x00008af0      0x194
 *(.eh_frame_hdr)
 .eh_frame_hdr  0x00008af0      0x194 libdes_pic.a(ornd_keys.pico)

.eh_frame       0x00008c84      0x638
 *(.eh_frame)
 .eh_frame      0x00008c84       0x3c /usr/lib/crti.o
                                 0x40 (size before relaxing)
 .eh_frame      0x00008cc0        0x0 /usr/lib/crtbeginS.o
 .eh_frame      0x00008cc0       0x74 libdes_pic.a(ornd_keys.pico)
 .eh_frame      0x00008d34       0x40 libdes_pic.a(oxcbc_enc.pico)
                                 0x58 (size before relaxing)
 .eh_frame      0x00008d74       0x20 libdes_pic.a(orpc_enc.pico)
                                 0x38 (size before relaxing)
 .eh_frame      0x00008d94       0x40 libdes_pic.a(oread2pwd.pico)
                                 0x58 (size before relaxing)
 .eh_frame      0x00008dd4       0x3c libdes_pic.a(orand_key.pico)
                                 0x54 (size before relaxing)
 .eh_frame      0x00008e10       0x20 libdes_pic.a(oqud_cksm.pico)
                                 0x38 (size before relaxing)
 .eh_frame      0x00008e30       0x20 libdes_pic.a(oofb_enc.pico)
                                 0x38 (size before relaxing)
 .eh_frame      0x00008e50       0x20 libdes_pic.a(oofb64enc.pico)
                                 0x38 (size before relaxing)
 .eh_frame      0x00008e70       0x20 libdes_pic.a(oofb64ede.pico)
                                 0x38 (size before relaxing)
 .eh_frame      0x00008e90       0x3c libdes_pic.a(ofcrypt.pico)
                                 0x54 (size before relaxing)
 .eh_frame      0x00008ecc       0x20 libdes_pic.a(oenc_writ.pico)
                                 0x38 (size before relaxing)
 .eh_frame      0x00008eec       0x20 libdes_pic.a(oenc_read.pico)
                                 0x38 (size before relaxing)
 .eh_frame      0x00008f0c       0x20 libdes_pic.a(oede_cbcm_enc.pico)
                                 0x38 (size before relaxing)
 .eh_frame      0x00008f2c       0x20 libdes_pic.a(oecb3_enc.pico)
                                 0x38 (size before relaxing)
 .eh_frame      0x00008f4c       0x20 libdes_pic.a(ocfb_enc.pico)
                                 0x38 (size before relaxing)
 .eh_frame      0x00008f6c       0x20 libdes_pic.a(ocfb64enc.pico)
                                 0x38 (size before relaxing)
 .eh_frame      0x00008f8c       0x20 libdes_pic.a(ocfb64ede.pico)
                                 0x38 (size before relaxing)
 .eh_frame      0x00008fac       0x20 libdes_pic.a(ocbc_enc.pico)
                                 0x38 (size before relaxing)
 .eh_frame      0x00008fcc       0x40 libdes_pic.a(ostr2key.pico)
                                 0x58 (size before relaxing)
 .eh_frame      0x0000900c       0xf4 libdes_pic.a(oset_key.pico)
                                0x10c (size before relaxing)
 .eh_frame      0x00009100       0x5c libdes_pic.a(oread_pwd.pico)
                                 0x74 (size before relaxing)
 .eh_frame      0x0000915c       0x20 libdes_pic.a(opcbc_enc.pico)
                                 0x38 (size before relaxing)
 .eh_frame      0x0000917c       0x20 libdes_pic.a(ofcrypt_b.pico)
                                 0x38 (size before relaxing)
 .eh_frame      0x0000919c       0x20 libdes_pic.a(ocbc_cksm.pico)
                                 0x38 (size before relaxing)
 .eh_frame      0x000091bc       0x3c libdes_pic.a(oecb_enc.pico)
                                 0x54 (size before relaxing)
 .eh_frame      0x000091f8       0xc0 libdes_pic.a(odes_enc.pico)
                                 0xd8 (size before relaxing)
 .eh_frame      0x000092b8        0x4 /usr/lib/crtendS.o

.note.netbsd.ident
                0x000092bc       0x18
 .note.netbsd.ident
                0x000092bc       0x18 /usr/lib/crti.o

.note.netbsd.pax
                0x000092d4       0x14
 .note.netbsd.pax
                0x000092d4       0x14 /usr/lib/crti.o

.gcc_except_table
 *(.gcc_except_table .gcc_except_table.*)

.exception_ranges
 *(.exception_ranges .exception_ranges*)
                0x000092e8                . = (ALIGN (0x1000) - ((0x1000 - .) & 0xfff))
                0x0000a2e8                . = DATA_SEGMENT_ALIGN (0x1000, 0x1000)

.eh_frame
 *(.eh_frame)

.gcc_except_table
 *(.gcc_except_table .gcc_except_table.*)

.exception_ranges
 *(.exception_ranges .exception_ranges*)

.tdata
 *(.tdata .tdata.* .gnu.linkonce.td.*)

.tbss
 *(.tbss .tbss.* .gnu.linkonce.tb.*)
 *(.tcommon)

.preinit_array
 *(.preinit_array)

.init_array
 *(SORT(.init_array.*))
 *(.init_array)

.fini_array
 *(SORT(.fini_array.*))
 *(.fini_array)

.ctors          0x0000a2e8        0x8
 *crtbegin.o(.ctors)
 *crtbegin?.o(.ctors)
 .ctors         0x0000a2e8        0x4 /usr/lib/crtbeginS.o
 *(EXCLUDE_FILE(*crtend?.o *crtend.o) .ctors)
 *(SORT(.ctors.*))
 *(.ctors)
 .ctors         0x0000a2ec        0x4 /usr/lib/crtendS.o
                0x0000a2ec                __CTOR_LIST_END__

.dtors          0x0000a2f0        0x8
 *crtbegin.o(.dtors)
 *crtbegin?.o(.dtors)
 .dtors         0x0000a2f0        0x4 /usr/lib/crtbeginS.o
 *(EXCLUDE_FILE(*crtend?.o *crtend.o) .dtors)
 *(SORT(.dtors.*))
 *(.dtors)
 .dtors         0x0000a2f4        0x4 /usr/lib/crtendS.o

.jcr            0x0000a2f8        0x4
 *(.jcr)
 .jcr           0x0000a2f8        0x0 /usr/lib/crtbeginS.o
 .jcr           0x0000a2f8        0x4 /usr/lib/crtendS.o

.data.rel.ro
 *(.data.rel.ro.local* .gnu.linkonce.d.rel.ro.local.*)
 *(.data.rel.ro .data.rel.ro.* .gnu.linkonce.d.rel.ro.*)

.dynamic        0x0000a2fc       0xb0
 *(.dynamic)
 .dynamic       0x0000a2fc       0xb0 /usr/lib/crti.o
                0x0000a2fc                _DYNAMIC

.got            0x0000a3ac       0x24
 *(.got)
 .got           0x0000a3ac       0x24 /usr/lib/crti.o
 *(.igot)
                0x0000a3d0                . = DATA_SEGMENT_RELRO_END (., (SIZEOF (.got.plt) >= 0xc)?0xc:0x0)

.got.plt        0x0000a3d0      0x100
 *(.got.plt)
 .got.plt       0x0000a3d0      0x100 /usr/lib/crti.o
                0x0000a3d0                _GLOBAL_OFFSET_TABLE_
 *(.igot.plt)

.data           0x0000a4d0       0xb4
 *(.data .data.* .gnu.linkonce.d.*)
 .data          0x0000a4d0        0x0 /usr/lib/crti.o
 .data          0x0000a4d0        0x0 /usr/lib/crtbeginS.o
 .data.rel      0x0000a4d0       0x26 /usr/lib/crtbeginS.o
                0x0000a4d0                __dso_handle
 *fill*         0x0000a4f6        0x2 
 .data          0x0000a4f8        0x0 libdes_pic.a(ornd_keys.pico)
 .data          0x0000a4f8        0x0 libdes_pic.a(oxcbc_enc.pico)
 .data          0x0000a4f8        0x0 libdes_pic.a(orpc_enc.pico)
 .data          0x0000a4f8        0x0 libdes_pic.a(oread2pwd.pico)
 .data          0x0000a4f8        0x0 libdes_pic.a(orand_key.pico)
 .data          0x0000a4f8        0x0 libdes_pic.a(oqud_cksm.pico)
 .data          0x0000a4f8        0x0 libdes_pic.a(oofb_enc.pico)
 .data          0x0000a4f8        0x0 libdes_pic.a(oofb64enc.pico)
 .data          0x0000a4f8        0x0 libdes_pic.a(oofb64ede.pico)
 .data          0x0000a4f8        0x0 libdes_pic.a(ofcrypt.pico)
 .data          0x0000a4f8        0x0 libdes_pic.a(oenc_writ.pico)
 .data          0x0000a4f8        0x4 libdes_pic.a(oenc_read.pico)
                0x0000a4f8                des_rw_mode
 .data          0x0000a4fc        0x0 libdes_pic.a(oede_cbcm_enc.pico)
 .data          0x0000a4fc        0x0 libdes_pic.a(oecb3_enc.pico)
 .data          0x0000a4fc        0x0 libdes_pic.a(ocfb_enc.pico)
 .data          0x0000a4fc        0x0 libdes_pic.a(ocfb64enc.pico)
 .data          0x0000a4fc        0x0 libdes_pic.a(ocfb64ede.pico)
 .data          0x0000a4fc        0x0 libdes_pic.a(ocbc_enc.pico)
 .data          0x0000a4fc        0x0 libdes_pic.a(ostr2key.pico)
 .data          0x0000a4fc       0x80 libdes_pic.a(oset_key.pico)
 .data          0x0000a57c        0x0 libdes_pic.a(oread_pwd.pico)
 .data          0x0000a57c        0x0 libdes_pic.a(opcbc_enc.pico)
 .data          0x0000a57c        0x0 libdes_pic.a(ofcrypt_b.pico)
 .data          0x0000a57c        0x0 libdes_pic.a(ocbc_cksm.pico)
 .data          0x0000a57c        0x0 libdes_pic.a(oecb_enc.pico)
 .data.rel.local
                0x0000a57c        0x8 libdes_pic.a(oecb_enc.pico)
                0x0000a57c                libdes_version
                0x0000a580                DES_version
 .data          0x0000a584        0x0 libdes_pic.a(odes_enc.pico)
 .data          0x0000a584        0x0 /usr/lib/crtendS.o
 .data          0x0000a584        0x0 /usr/lib/crtn.o

.data1
 *(.data1)
                0x0000a584                _edata = .
                0x0000a584                PROVIDE (edata, .)
                0x0000a584                . = .
                0x0000a584                __bss_start = .

.bss            0x0000a584      0x390
 *(.dynbss)
 .dynbss        0x00000000        0x0 /usr/lib/crti.o
 *(.bss .bss.* .gnu.linkonce.b.*)
 .bss           0x0000a584        0x0 /usr/lib/crti.o
 .bss           0x0000a584        0x0 /usr/lib/crtbeginS.o
 .bss           0x0000a584        0x0 libdes_pic.a(ornd_keys.pico)
 .bss           0x0000a584        0x0 libdes_pic.a(oxcbc_enc.pico)
 .bss           0x0000a584        0x0 libdes_pic.a(orpc_enc.pico)
 .bss           0x0000a584        0x0 libdes_pic.a(oread2pwd.pico)
 .bss           0x0000a584        0x0 libdes_pic.a(orand_key.pico)
 .bss           0x0000a584        0x0 libdes_pic.a(oqud_cksm.pico)
 .bss           0x0000a584        0x0 libdes_pic.a(oofb_enc.pico)
 .bss           0x0000a584        0x0 libdes_pic.a(oofb64enc.pico)
 .bss           0x0000a584        0x0 libdes_pic.a(oofb64ede.pico)
 .bss           0x0000a584        0xe libdes_pic.a(ofcrypt.pico)
 *fill*         0x0000a592        0x2 
 .bss           0x0000a594        0x5 libdes_pic.a(oenc_writ.pico)
 *fill*         0x0000a599        0x3 
 .bss           0x0000a59c       0x14 libdes_pic.a(oenc_read.pico)
 .bss           0x0000a5b0        0x0 libdes_pic.a(oede_cbcm_enc.pico)
 .bss           0x0000a5b0        0x0 libdes_pic.a(oecb3_enc.pico)
 .bss           0x0000a5b0        0x0 libdes_pic.a(ocfb_enc.pico)
 .bss           0x0000a5b0        0x0 libdes_pic.a(ocfb64enc.pico)
 .bss           0x0000a5b0        0x0 libdes_pic.a(ocfb64ede.pico)
 .bss           0x0000a5b0        0x0 libdes_pic.a(ocbc_enc.pico)
 .bss           0x0000a5b0        0x0 libdes_pic.a(ostr2key.pico)
 .bss           0x0000a5b0        0x4 libdes_pic.a(oset_key.pico)
                0x0000a5b0                des_check_key
 .bss           0x0000a5b4      0x33c libdes_pic.a(oread_pwd.pico)
 .bss           0x0000a8f0        0x0 libdes_pic.a(opcbc_enc.pico)
 .bss           0x0000a8f0        0x0 libdes_pic.a(ofcrypt_b.pico)
 .bss           0x0000a8f0        0x0 libdes_pic.a(ocbc_cksm.pico)
 .bss           0x0000a8f0       0x21 libdes_pic.a(oecb_enc.pico)
 *fill*         0x0000a911        0x3 
 .bss           0x0000a914        0x0 libdes_pic.a(odes_enc.pico)
 .bss           0x0000a914        0x0 /usr/lib/crtendS.o
 .bss           0x0000a914        0x0 /usr/lib/crtn.o
 *(COMMON)
                0x0000a914                . = ALIGN ((. != 0x0)?0x4:0x1)
                0x0000a914                . = ALIGN (0x4)
                0x0000a914                . = ALIGN (0x4)
                0x0000a914                _end = .
                0x0000a914                PROVIDE (end, .)
                0x0000a914                . = DATA_SEGMENT_END (.)

.stab
 *(.stab)

.stabstr
 *(.stabstr)

.stab.excl
 *(.stab.excl)

.stab.exclstr
 *(.stab.exclstr)

.stab.index
 *(.stab.index)

.stab.indexstr
 *(.stab.indexstr)

.comment        0x00000000       0x2f
 *(.comment)
 .comment       0x00000000       0x2f libdes_pic.a(ornd_keys.pico)
                                 0x30 (size before relaxing)
 .comment       0x00000000       0x30 libdes_pic.a(oxcbc_enc.pico)
 .comment       0x00000000       0x30 libdes_pic.a(orpc_enc.pico)
 .comment       0x00000000       0x30 libdes_pic.a(oread2pwd.pico)
 .comment       0x00000000       0x30 libdes_pic.a(orand_key.pico)
 .comment       0x00000000       0x30 libdes_pic.a(oqud_cksm.pico)
 .comment       0x00000000       0x30 libdes_pic.a(oofb_enc.pico)
 .comment       0x00000000       0x30 libdes_pic.a(oofb64enc.pico)
 .comment       0x00000000       0x30 libdes_pic.a(oofb64ede.pico)
 .comment       0x00000000       0x30 libdes_pic.a(ofcrypt.pico)
 .comment       0x00000000       0x30 libdes_pic.a(oenc_writ.pico)
 .comment       0x00000000       0x30 libdes_pic.a(oenc_read.pico)
 .comment       0x00000000       0x30 libdes_pic.a(oede_cbcm_enc.pico)
 .comment       0x00000000       0x30 libdes_pic.a(oecb3_enc.pico)
 .comment       0x00000000       0x30 libdes_pic.a(ocfb_enc.pico)
 .comment       0x00000000       0x30 libdes_pic.a(ocfb64enc.pico)
 .comment       0x00000000       0x30 libdes_pic.a(ocfb64ede.pico)
 .comment       0x00000000       0x30 libdes_pic.a(ocbc_enc.pico)
 .comment       0x00000000       0x30 libdes_pic.a(ostr2key.pico)
 .comment       0x00000000       0x30 libdes_pic.a(oset_key.pico)
 .comment       0x00000000       0x30 libdes_pic.a(oread_pwd.pico)
 .comment       0x00000000       0x30 libdes_pic.a(opcbc_enc.pico)
 .comment       0x00000000       0x30 libdes_pic.a(ofcrypt_b.pico)
 .comment       0x00000000       0x30 libdes_pic.a(ocbc_cksm.pico)
 .comment       0x00000000       0x30 libdes_pic.a(oecb_enc.pico)
 .comment       0x00000000       0x30 libdes_pic.a(odes_enc.pico)

.ident          0x00000000       0xde
 .ident         0x00000000       0x36 /usr/lib/crti.o
 .ident         0x00000036       0x3a /usr/lib/crtbeginS.o
 .ident         0x00000070       0x38 /usr/lib/crtendS.o
 .ident         0x000000a8       0x36 /usr/lib/crtn.o

.debug
 *(.debug)

.line
 *(.line)

.debug_srcinfo
 *(.debug_srcinfo)

.debug_sfnames
 *(.debug_sfnames)

.debug_aranges
 *(.debug_aranges)

.debug_pubnames
 *(.debug_pubnames)

.debug_info
 *(.debug_info .gnu.linkonce.wi.*)

.debug_abbrev
 *(.debug_abbrev)

.debug_line
 *(.debug_line)

.debug_frame
 *(.debug_frame)

.debug_str
 *(.debug_str)

.debug_loc
 *(.debug_loc)

.debug_macinfo
 *(.debug_macinfo)

.debug_weaknames
 *(.debug_weaknames)

.debug_funcnames
 *(.debug_funcnames)

.debug_typenames
 *(.debug_typenames)

.debug_varnames
 *(.debug_varnames)

.debug_pubtypes
 *(.debug_pubtypes)

.debug_ranges
 *(.debug_ranges)

.debug_macro
 *(.debug_macro)

.gnu.attributes
 *(.gnu.attributes)

/DISCARD/
 *(.note.GNU-stack)
 *(.gnu_debuglink)
 *(.gnu.lto_*)
OUTPUT(libdes.so.8.2 elf32-i386-minix)
