Archive member included because of file (symbol)

libz_pic.a(uncompr.pico)      (--whole-archive)
libz_pic.a(infback.pico)      (--whole-archive)
libz_pic.a(gzio.pico)         (--whole-archive)
libz_pic.a(inflate.pico)      (--whole-archive)
libz_pic.a(inffast.pico)      (--whole-archive)
libz_pic.a(inftrees.pico)     (--whole-archive)
libz_pic.a(deflate.pico)      (--whole-archive)
libz_pic.a(zutil.pico)        (--whole-archive)
libz_pic.a(trees.pico)        (--whole-archive)
libz_pic.a(crc32.pico)        (--whole-archive)
libz_pic.a(compress.pico)     (--whole-archive)
libz_pic.a(adler32.pico)      (--whole-archive)

Discarded input sections

 .note.GNU-stack
                0x00000000        0x0 libz_pic.a(uncompr.pico)
 .note.GNU-stack
                0x00000000        0x0 libz_pic.a(infback.pico)
 .note.GNU-stack
                0x00000000        0x0 libz_pic.a(gzio.pico)
 .note.GNU-stack
                0x00000000        0x0 libz_pic.a(inflate.pico)
 .note.GNU-stack
                0x00000000        0x0 libz_pic.a(inffast.pico)
 .note.GNU-stack
                0x00000000        0x0 libz_pic.a(inftrees.pico)
 .note.GNU-stack
                0x00000000        0x0 libz_pic.a(deflate.pico)
 .note.GNU-stack
                0x00000000        0x0 libz_pic.a(zutil.pico)
 .note.GNU-stack
                0x00000000        0x0 libz_pic.a(trees.pico)
 .note.GNU-stack
                0x00000000        0x0 libz_pic.a(crc32.pico)
 .note.GNU-stack
                0x00000000        0x0 libz_pic.a(compress.pico)
 .note.GNU-stack
                0x00000000        0x0 libz_pic.a(adler32.pico)

Memory Configuration

Name             Origin             Length             Attributes
*default*        0x00000000         0xffffffff

Linker script and memory map

LOAD /usr/lib/crti.o
LOAD /usr/lib/crtbeginS.o
LOAD libz_pic.a
LOAD /usr/lib/libc.so
LOAD /usr/lib/crtendS.o
LOAD /usr/lib/crtn.o
                0x000000f4                . = (0x0 + SIZEOF_HEADERS)

.note.gnu.build-id
 *(.note.gnu.build-id)

.hash           0x000000f4      0x328
 *(.hash)
 .hash          0x000000f4      0x328 /usr/lib/crti.o

.gnu.hash
 *(.gnu.hash)

.dynsym         0x0000041c      0x670
 *(.dynsym)
 .dynsym        0x0000041c      0x670 /usr/lib/crti.o

.dynstr         0x00000a8c      0x447
 *(.dynstr)
 .dynstr        0x00000a8c      0x447 /usr/lib/crti.o

.gnu.version    0x00000ed4        0x0
 *(.gnu.version)
 .gnu.version   0x00000000        0x0 /usr/lib/crti.o

.gnu.version_d  0x00000ed4        0x0
 *(.gnu.version_d)
 .gnu.version_d
                0x00000000        0x0 /usr/lib/crti.o

.gnu.version_r  0x00000ed4        0x0
 *(.gnu.version_r)
 .gnu.version_r
                0x00000000        0x0 /usr/lib/crti.o

.rel.dyn        0x00000ed4      0x128
 *(.rel.init)
 *(.rel.text .rel.text.* .rel.gnu.linkonce.t.*)
 *(.rel.fini)
 *(.rel.rodata .rel.rodata.* .rel.gnu.linkonce.r.*)
 *(.rel.data.rel.ro .rel.data.rel.ro.* .rel.gnu.linkonce.d.rel.ro.*)
 .rel.data.rel.ro.local
                0x00000ed4       0xa0 /usr/lib/crti.o
 *(.rel.data .rel.data.* .rel.gnu.linkonce.d.*)
 .rel.data.rel  0x00000f74        0x8 /usr/lib/crti.o
 .rel.data.rel.local
                0x00000f7c       0x28 /usr/lib/crti.o
 *(.rel.tdata .rel.tdata.* .rel.gnu.linkonce.td.*)
 *(.rel.tbss .rel.tbss.* .rel.gnu.linkonce.tb.*)
 *(.rel.ctors)
 *(.rel.dtors)
 *(.rel.got)
 .rel.got       0x00000fa4       0x58 /usr/lib/crti.o
 *(.rel.bss .rel.bss.* .rel.gnu.linkonce.b.*)
 *(.rel.ifunc)
 .rel.ifunc     0x00000000        0x0 /usr/lib/crti.o

.rel.plt        0x00000ffc      0x170
 *(.rel.plt)
 .rel.plt       0x00000ffc      0x170 /usr/lib/crti.o
 *(.rel.iplt)

.init           0x00001170        0xa
 *(SORT(.init))
 .init          0x00001170        0x3 /usr/lib/crti.o
                0x00001170                _init
 .init          0x00001173        0x5 /usr/lib/crtbeginS.o
 .init          0x00001178        0x2 /usr/lib/crtn.o

.plt            0x00001180      0x2f0
 *(.plt)
 .plt           0x00001180      0x2f0 /usr/lib/crti.o
 *(.iplt)

.text           0x00001470     0xb6b0
                0x00001470                PROVIDE (__eprol, .)
 *(.text)
 .text          0x00001470        0x0 /usr/lib/crti.o
 .text          0x00001470       0xef /usr/lib/crtbeginS.o
 *fill*         0x0000155f        0x1 
 .text          0x00001560       0xbe libz_pic.a(uncompr.pico)
                0x00001560                uncompress
 *fill*         0x0000161e        0x2 
 .text          0x00001620     0x113a libz_pic.a(infback.pico)
                0x00001620                inflateBackInit_
                0x00001710                inflateBack
                0x00002710                inflateBackEnd
 *fill*         0x0000275a        0x6 
 .text          0x00002760     0x1c48 libz_pic.a(gzio.pico)
                0x00002760                gzopen
                0x00002b00                gzdopen
                0x00002b50                gzsetparams
                0x00002bd0                gzread
                0x00003840                gzgetc
                0x00003890                gzungetc
                0x000038e0                gzgets
                0x00003970                gzwrite
                0x00003a60                gzprintf
                0x00003ae0                gzputc
                0x00003b30                gzputs
                0x00003b70                gzflush
                0x00003cd0                gzseek
                0x00003f50                gzrewind
                0x00004000                gztell
                0x00004040                gzeof
                0x00004070                gzdirect
                0x00004090                gzclose
                0x00004270                gzerror
                0x00004380                gzclearerr
 *fill*         0x000043a8        0x8 
 .text          0x000043b0     0x232f libz_pic.a(inflate.pico)
                0x000043b0                inflateReset
                0x00004450                inflatePrime
                0x000044a0                inflateInit2_
                0x00004620                inflateInit_
                0x00004660                inflate
                0x00006150                inflateEnd
                0x000061c0                inflateSetDictionary
                0x000062c0                inflateGetHeader
                0x000062f0                inflateSync
                0x00006520                inflateSyncPoint
                0x00006550                inflateCopy
 *fill*         0x000066df        0x1 
 .text          0x000066e0      0x6fa libz_pic.a(inffast.pico)
                0x000066e0                inflate_fast
 *fill*         0x00006dda        0x6 
 .text          0x00006de0      0x7df libz_pic.a(inftrees.pico)
                0x00006de0                inflate_table
 *fill*         0x000075bf        0x1 
 .text          0x000075c0     0x29c6 libz_pic.a(deflate.pico)
                0x000075c0                deflateInit_
                0x00007620                deflateInit2_
                0x000078c0                deflateEnd
                0x000079e0                deflateReset
                0x00007b60                deflateSetDictionary
                0x00007cb0                deflateSetHeader
                0x00007ce0                deflatePrime
                0x00007d20                deflateParams
                0x00007e20                deflate
                0x00008ae0                deflateTune
                0x00008b20                deflateBound
                0x00008b70                deflateCopy
 *fill*         0x00009f86        0xa 
 .text          0x00009f90       0xb2 libz_pic.a(zutil.pico)
                0x00009f90                zlibVersion
                0x00009fb0                zlibCompileFlags
                0x00009fc0                zError
                0x00009ff0                zcalloc
                0x0000a020                zcfree
 *fill*         0x0000a042        0xe 
 .text          0x0000a050     0x1f40 libz_pic.a(trees.pico)
                0x0000a050                _tr_init
                0x0000a2e0                _tr_stored_block
                0x0000a460                _tr_align
                0x0000a6e0                _tr_flush_block
                0x0000b740                _tr_tally
 .text          0x0000bf90      0x669 libz_pic.a(crc32.pico)
                0x0000bf90                get_crc_table
                0x0000bfb0                crc32
                0x0000c290                crc32_combine
 *fill*         0x0000c5f9        0x7 
 .text          0x0000c600      0x198 libz_pic.a(compress.pico)
                0x0000c600                compress2
                0x0000c6c0                compress
                0x0000c780                compressBound
 *fill*         0x0000c798        0x8 
 .text          0x0000c7a0      0x37f libz_pic.a(adler32.pico)
                0x0000c7a0                adler32
                0x0000ca80                adler32_combine
 *fill*         0x0000cb1f        0x1 
 .text          0x0000cb20        0x0 /usr/lib/crtendS.o
 .text          0x0000cb20        0x0 /usr/lib/crtn.o
 *(.text.unlikely .text.*_unlikely)
 *(.text.exit .text.exit.*)
 *(.text.startup .text.startup.*)
 *(.text.hot .text.hot.*)
 *(.stub .text.* .gnu.linkonce.t.*)
 *(.gnu.warning)

.fini           0x0000cb20        0xa
 *(SORT(.fini))
 .fini          0x0000cb20        0x3 /usr/lib/crti.o
                0x0000cb20                _fini
 .fini          0x0000cb23        0x5 /usr/lib/crtbeginS.o
 .fini          0x0000cb28        0x2 /usr/lib/crtn.o
                0x0000cb2a                PROVIDE (__etext, .)
                0x0000cb2a                PROVIDE (_etext, .)
                0x0000cb2a                PROVIDE (etext, .)

.rodata         0x0000cb2c     0x3fd8
 *(.rodata .rodata.* .gnu.linkonce.r.*)
 .rodata.str1.1
                0x0000cb2c        0x6 libz_pic.a(uncompr.pico)
 *fill*         0x0000cb32        0x2 
 .rodata        0x0000cb34      0x8d6 libz_pic.a(infback.pico)
 .rodata.str1.1
                0x0000d40a      0x109 libz_pic.a(infback.pico)
 .rodata.str1.1
                0x0000d513       0x20 libz_pic.a(gzio.pico)
                                 0x27 (size before relaxing)
 *fill*         0x0000d533        0x1 
 .rodata        0x0000d534      0x92a libz_pic.a(inflate.pico)
 .rodata.str1.1
                0x0000de5e       0x9f libz_pic.a(inflate.pico)
                                0x1a8 (size before relaxing)
 .rodata.str1.1
                0x00000000       0x50 libz_pic.a(inffast.pico)
 *fill*         0x0000defd        0x1 
 .rodata        0x0000defe      0x12c libz_pic.a(inftrees.pico)
                0x0000defe                inflate_copyright
 .rodata        0x0000e02a       0x35 libz_pic.a(deflate.pico)
                0x0000e02a                deflate_copyright
 .rodata.str1.1
                0x0000e05f       0x74 libz_pic.a(zutil.pico)
                                 0x7b (size before relaxing)
 *fill*         0x0000e0d3        0x1 
 .rodata        0x0000e0d4      0xa30 libz_pic.a(trees.pico)
                0x0000e0d4                _dist_code
                0x0000e2d4                _length_code
 .rodata        0x0000eb04     0x2000 libz_pic.a(crc32.pico)
 .rodata.str1.1
                0x00000000        0x6 libz_pic.a(compress.pico)

.rodata1
 *(.rodata1)

.eh_frame_hdr   0x00010b04      0x2b4
 *(.eh_frame_hdr)
 .eh_frame_hdr  0x00010b04      0x2b4 libz_pic.a(uncompr.pico)

.eh_frame       0x00010db8      0xa78
 *(.eh_frame)
 .eh_frame      0x00010db8       0x3c /usr/lib/crti.o
                                 0x40 (size before relaxing)
 .eh_frame      0x00010df4        0x0 /usr/lib/crtbeginS.o
 .eh_frame      0x00010df4       0x38 libz_pic.a(uncompr.pico)
 .eh_frame      0x00010e2c       0x60 libz_pic.a(infback.pico)
                                 0x78 (size before relaxing)
 .eh_frame      0x00010e8c      0x2e0 libz_pic.a(gzio.pico)
                                0x2f8 (size before relaxing)
 .eh_frame      0x0001116c      0x170 libz_pic.a(inflate.pico)
                                0x188 (size before relaxing)
 .eh_frame      0x000112dc       0x20 libz_pic.a(inffast.pico)
                                 0x38 (size before relaxing)
 .eh_frame      0x000112fc       0x20 libz_pic.a(inftrees.pico)
                                 0x38 (size before relaxing)
 .eh_frame      0x0001131c      0x234 libz_pic.a(deflate.pico)
                                0x24c (size before relaxing)
 .eh_frame      0x00011550       0x8c libz_pic.a(zutil.pico)
                                 0xa4 (size before relaxing)
 .eh_frame      0x000115dc      0x158 libz_pic.a(trees.pico)
                                0x170 (size before relaxing)
 .eh_frame      0x00011734       0x5c libz_pic.a(crc32.pico)
                                 0x74 (size before relaxing)
 .eh_frame      0x00011790       0x5c libz_pic.a(compress.pico)
                                 0x74 (size before relaxing)
 .eh_frame      0x000117ec       0x40 libz_pic.a(adler32.pico)
                                 0x58 (size before relaxing)
 .eh_frame      0x0001182c        0x4 /usr/lib/crtendS.o

.note.netbsd.ident
                0x00011830       0x18
 .note.netbsd.ident
                0x00011830       0x18 /usr/lib/crti.o

.note.netbsd.pax
                0x00011848       0x14
 .note.netbsd.pax
                0x00011848       0x14 /usr/lib/crti.o

.gcc_except_table
 *(.gcc_except_table .gcc_except_table.*)

.exception_ranges
 *(.exception_ranges .exception_ranges*)
                0x0001185c                . = (ALIGN (0x1000) - ((0x1000 - .) & 0xfff))
                0x0001285c                . = DATA_SEGMENT_ALIGN (0x1000, 0x1000)

.eh_frame
 *(.eh_frame)

.gcc_except_table
 *(.gcc_except_table .gcc_except_table.*)

.exception_ranges
 *(.exception_ranges .exception_ranges*)

.tdata
 *(.tdata .tdata.* .gnu.linkonce.td.*)

.tbss
 *(.tbss .tbss.* .gnu.linkonce.tb.*)
 *(.tcommon)

.preinit_array
 *(.preinit_array)

.init_array
 *(SORT(.init_array.*))
 *(.init_array)

.fini_array
 *(SORT(.fini_array.*))
 *(.fini_array)

.ctors          0x0001285c        0x8
 *crtbegin.o(.ctors)
 *crtbegin?.o(.ctors)
 .ctors         0x0001285c        0x4 /usr/lib/crtbeginS.o
 *(EXCLUDE_FILE(*crtend?.o *crtend.o) .ctors)
 *(SORT(.ctors.*))
 *(.ctors)
 .ctors         0x00012860        0x4 /usr/lib/crtendS.o
                0x00012860                __CTOR_LIST_END__

.dtors          0x00012864        0x8
 *crtbegin.o(.dtors)
 *crtbegin?.o(.dtors)
 .dtors         0x00012864        0x4 /usr/lib/crtbeginS.o
 *(EXCLUDE_FILE(*crtend?.o *crtend.o) .dtors)
 *(SORT(.dtors.*))
 *(.dtors)
 .dtors         0x00012868        0x4 /usr/lib/crtendS.o

.jcr            0x0001286c        0x4
 *(.jcr)
 .jcr           0x0001286c        0x0 /usr/lib/crtbeginS.o
 .jcr           0x0001286c        0x4 /usr/lib/crtendS.o

.data.rel.ro    0x00012870       0xa0
 *(.data.rel.ro.local* .gnu.linkonce.d.rel.ro.local.*)
 .data.rel.ro.local
                0x00012870       0x78 libz_pic.a(deflate.pico)
 .data.rel.ro.local
                0x000128e8       0x28 libz_pic.a(zutil.pico)
                0x000128e8                z_errmsg
 *(.data.rel.ro .data.rel.ro.* .gnu.linkonce.d.rel.ro.*)

.dynamic        0x00012910       0xb0
 *(.dynamic)
 .dynamic       0x00012910       0xb0 /usr/lib/crti.o
                0x00012910                _DYNAMIC

.got            0x000129c0       0x2c
 *(.got)
 .got           0x000129c0       0x2c /usr/lib/crti.o
 *(.igot)
                0x000129ec                . = DATA_SEGMENT_RELRO_END (., (SIZEOF (.got.plt) >= 0xc)?0xc:0x0)

.got.plt        0x000129ec       0xc4
 *(.got.plt)
 .got.plt       0x000129ec       0xc4 /usr/lib/crti.o
                0x000129ec                _GLOBAL_OFFSET_TABLE_
 *(.igot.plt)

.data           0x00012ab0       0x64
 *(.data .data.* .gnu.linkonce.d.*)
 .data          0x00012ab0        0x0 /usr/lib/crti.o
 .data          0x00012ab0        0x0 /usr/lib/crtbeginS.o
 .data.rel      0x00012ab0       0x26 /usr/lib/crtbeginS.o
                0x00012ab0                __dso_handle
 *fill*         0x00012ad6        0x2 
 .data          0x00012ad8        0x0 libz_pic.a(uncompr.pico)
 .data          0x00012ad8        0x0 libz_pic.a(infback.pico)
 .data          0x00012ad8        0x0 libz_pic.a(gzio.pico)
 .data          0x00012ad8        0x0 libz_pic.a(inflate.pico)
 .data          0x00012ad8        0x0 libz_pic.a(inffast.pico)
 .data          0x00012ad8        0x0 libz_pic.a(inftrees.pico)
 .data          0x00012ad8        0x0 libz_pic.a(deflate.pico)
 .data          0x00012ad8        0x0 libz_pic.a(zutil.pico)
 .data          0x00012ad8        0x0 libz_pic.a(trees.pico)
 .data.rel.local
                0x00012ad8       0x3c libz_pic.a(trees.pico)
 .data          0x00012b14        0x0 libz_pic.a(crc32.pico)
 .data          0x00012b14        0x0 libz_pic.a(compress.pico)
 .data          0x00012b14        0x0 libz_pic.a(adler32.pico)
 .data          0x00012b14        0x0 /usr/lib/crtendS.o
 .data          0x00012b14        0x0 /usr/lib/crtn.o

.data1
 *(.data1)
                0x00012b14                _edata = .
                0x00012b14                PROVIDE (edata, .)
                0x00012b14                . = .
                0x00012b14                __bss_start = .

.bss            0x00012b14        0x0
 *(.dynbss)
 .dynbss        0x00000000        0x0 /usr/lib/crti.o
 *(.bss .bss.* .gnu.linkonce.b.*)
 .bss           0x00012b14        0x0 /usr/lib/crti.o
 .bss           0x00012b14        0x0 /usr/lib/crtbeginS.o
 .bss           0x00012b14        0x0 libz_pic.a(uncompr.pico)
 .bss           0x00012b14        0x0 libz_pic.a(infback.pico)
 .bss           0x00012b14        0x0 libz_pic.a(gzio.pico)
 .bss           0x00012b14        0x0 libz_pic.a(inflate.pico)
 .bss           0x00012b14        0x0 libz_pic.a(inffast.pico)
 .bss           0x00012b14        0x0 libz_pic.a(inftrees.pico)
 .bss           0x00012b14        0x0 libz_pic.a(deflate.pico)
 .bss           0x00012b14        0x0 libz_pic.a(zutil.pico)
 .bss           0x00012b14        0x0 libz_pic.a(trees.pico)
 .bss           0x00012b14        0x0 libz_pic.a(crc32.pico)
 .bss           0x00012b14        0x0 libz_pic.a(compress.pico)
 .bss           0x00012b14        0x0 libz_pic.a(adler32.pico)
 .bss           0x00012b14        0x0 /usr/lib/crtendS.o
 .bss           0x00012b14        0x0 /usr/lib/crtn.o
 *(COMMON)
                0x00012b14                . = ALIGN ((. != 0x0)?0x4:0x1)
                0x00012b14                . = ALIGN (0x4)
                0x00012b14                . = ALIGN (0x4)
                0x00012b14                _end = .
                0x00012b14                PROVIDE (end, .)
                0x00012b14                . = DATA_SEGMENT_END (.)

.stab
 *(.stab)

.stabstr
 *(.stabstr)

.stab.excl
 *(.stab.excl)

.stab.exclstr
 *(.stab.exclstr)

.stab.index
 *(.stab.index)

.stab.indexstr
 *(.stab.indexstr)

.comment        0x00000000       0x2f
 *(.comment)
 .comment       0x00000000       0x2f libz_pic.a(uncompr.pico)
                                 0x30 (size before relaxing)
 .comment       0x00000000       0x30 libz_pic.a(infback.pico)
 .comment       0x00000000       0x30 libz_pic.a(gzio.pico)
 .comment       0x00000000       0x30 libz_pic.a(inflate.pico)
 .comment       0x00000000       0x30 libz_pic.a(inffast.pico)
 .comment       0x00000000       0x30 libz_pic.a(inftrees.pico)
 .comment       0x00000000       0x30 libz_pic.a(deflate.pico)
 .comment       0x00000000       0x30 libz_pic.a(zutil.pico)
 .comment       0x00000000       0x30 libz_pic.a(trees.pico)
 .comment       0x00000000       0x30 libz_pic.a(crc32.pico)
 .comment       0x00000000       0x30 libz_pic.a(compress.pico)
 .comment       0x00000000       0x30 libz_pic.a(adler32.pico)

.ident          0x00000000       0xde
 .ident         0x00000000       0x36 /usr/lib/crti.o
 .ident         0x00000036       0x3a /usr/lib/crtbeginS.o
 .ident         0x00000070       0x38 /usr/lib/crtendS.o
 .ident         0x000000a8       0x36 /usr/lib/crtn.o

.debug
 *(.debug)

.line
 *(.line)

.debug_srcinfo
 *(.debug_srcinfo)

.debug_sfnames
 *(.debug_sfnames)

.debug_aranges
 *(.debug_aranges)

.debug_pubnames
 *(.debug_pubnames)

.debug_info
 *(.debug_info .gnu.linkonce.wi.*)

.debug_abbrev
 *(.debug_abbrev)

.debug_line
 *(.debug_line)

.debug_frame
 *(.debug_frame)

.debug_str
 *(.debug_str)

.debug_loc
 *(.debug_loc)

.debug_macinfo
 *(.debug_macinfo)

.debug_weaknames
 *(.debug_weaknames)

.debug_funcnames
 *(.debug_funcnames)

.debug_typenames
 *(.debug_typenames)

.debug_varnames
 *(.debug_varnames)

.debug_pubtypes
 *(.debug_pubtypes)

.debug_ranges
 *(.debug_ranges)

.debug_macro
 *(.debug_macro)

.gnu.attributes
 *(.gnu.attributes)

/DISCARD/
 *(.note.GNU-stack)
 *(.gnu_debuglink)
 *(.gnu.lto_*)
OUTPUT(libz.so.1.0 elf32-i386-minix)
