Archive member included because of file (symbol)

libc++_pic.a(rt_terminate.pico)
                              (--whole-archive)
libc++_pic.a(valarray.pico)   (--whole-archive)
libc++_pic.a(utility.pico)    (--whole-archive)
libc++_pic.a(thread.pico)     (--whole-archive)
libc++_pic.a(strstream.pico)  (--whole-archive)
libc++_pic.a(string.pico)     (--whole-archive)
libc++_pic.a(regex.pico)      (--whole-archive)
libc++_pic.a(random.pico)     (--whole-archive)
libc++_pic.a(optional.pico)   (--whole-archive)
libc++_pic.a(iostream.pico)   (--whole-archive)
libc++_pic.a(future.pico)     (--whole-archive)
libc++_pic.a(exception.pico)  (--whole-archive)
libc++_pic.a(debug.pico)      (--whole-archive)
libc++_pic.a(condition_variable.pico)
                              (--whole-archive)
libc++_pic.a(chrono.pico)     (--whole-archive)
libc++_pic.a(bind.pico)       (--whole-archive)
libc++_pic.a(algorithm.pico)  (--whole-archive)
libc++_pic.a(hash.pico)       (--whole-archive)
libc++_pic.a(rt_typeinfo.pico)
                              (--whole-archive)
libc++_pic.a(rt_libelftc_dem_gnu3.pico)
                              (--whole-archive)
libc++_pic.a(locale.pico)     (--whole-archive)
libc++_pic.a(new.pico)        (--whole-archive)
libc++_pic.a(mutex.pico)      (--whole-archive)
libc++_pic.a(memory.pico)     (--whole-archive)
libc++_pic.a(ios.pico)        (--whole-archive)
libc++_pic.a(system_error.pico)
                              (--whole-archive)
libc++_pic.a(stdexcept.pico)  (--whole-archive)
libc++_pic.a(rt_auxhelper.pico)
                              (--whole-archive)
libc++_pic.a(rt_exception.pico)
                              (--whole-archive)
libc++_pic.a(rt_dynamic_cast.pico)
                              (--whole-archive)
libc++_pic.a(rt_stdexcept.pico)
                              (--whole-archive)
libc++_pic.a(rt_guard.pico)   (--whole-archive)

Discarded input sections

 .group         0x00000000        0x8 libc++_pic.a(rt_terminate.pico)
 .note.GNU-stack
                0x00000000        0x0 libc++_pic.a(rt_terminate.pico)
 .group         0x00000000        0x8 libc++_pic.a(valarray.pico)
 .group         0x00000000        0x8 libc++_pic.a(valarray.pico)
 .group         0x00000000        0x8 libc++_pic.a(valarray.pico)
 .group         0x00000000        0x8 libc++_pic.a(valarray.pico)
 .note.GNU-stack
                0x00000000        0x0 libc++_pic.a(valarray.pico)
 .note.GNU-stack
                0x00000000        0x0 libc++_pic.a(utility.pico)
 .note.GNU-stack
                0x00000000        0x0 libc++_pic.a(thread.pico)
 .group         0x00000000        0x8 libc++_pic.a(strstream.pico)
 .group         0x00000000        0x8 libc++_pic.a(strstream.pico)
 .data.DW.ref.__gxx_personality_v0
                0x00000000        0x4 libc++_pic.a(strstream.pico)
 .note.GNU-stack
                0x00000000        0x0 libc++_pic.a(strstream.pico)
 .group         0x00000000        0x8 libc++_pic.a(string.pico)
 .group         0x00000000        0x8 libc++_pic.a(string.pico)
 .group         0x00000000        0x8 libc++_pic.a(string.pico)
 .group         0x00000000        0x8 libc++_pic.a(string.pico)
 .group         0x00000000        0x8 libc++_pic.a(string.pico)
 .group         0x00000000        0x8 libc++_pic.a(string.pico)
 .group         0x00000000        0x8 libc++_pic.a(string.pico)
 .group         0x00000000        0x8 libc++_pic.a(string.pico)
 .group         0x00000000        0x8 libc++_pic.a(string.pico)
 .group         0x00000000        0x8 libc++_pic.a(string.pico)
 .group         0x00000000        0x8 libc++_pic.a(string.pico)
 .group         0x00000000        0x8 libc++_pic.a(string.pico)
 .group         0x00000000        0x8 libc++_pic.a(string.pico)
 .group         0x00000000        0x8 libc++_pic.a(string.pico)
 .group         0x00000000        0x8 libc++_pic.a(string.pico)
 .group         0x00000000        0x8 libc++_pic.a(string.pico)
 .group         0x00000000        0x8 libc++_pic.a(string.pico)
 .group         0x00000000        0x8 libc++_pic.a(string.pico)
 .group         0x00000000        0x8 libc++_pic.a(string.pico)
 .group         0x00000000        0x8 libc++_pic.a(string.pico)
 .group         0x00000000        0x8 libc++_pic.a(string.pico)
 .group         0x00000000        0x8 libc++_pic.a(string.pico)
 .group         0x00000000        0x8 libc++_pic.a(string.pico)
 .group         0x00000000        0x8 libc++_pic.a(string.pico)
 .group         0x00000000        0x8 libc++_pic.a(string.pico)
 .group         0x00000000        0x8 libc++_pic.a(string.pico)
 .group         0x00000000        0x8 libc++_pic.a(string.pico)
 .group         0x00000000        0x8 libc++_pic.a(string.pico)
 .group         0x00000000        0x8 libc++_pic.a(string.pico)
 .group         0x00000000        0x8 libc++_pic.a(string.pico)
 .group         0x00000000        0x8 libc++_pic.a(string.pico)
 .group         0x00000000        0x8 libc++_pic.a(string.pico)
[...]
Memory Configuration

Name             Origin             Length             Attributes
*default*        0x00000000         0xffffffff

Linker script and memory map

LOAD /usr/lib/crti.o
LOAD /usr/lib/crtbeginS.o
LOAD libc++_pic.a
LOAD /usr/lib/libc.so
LOAD /usr/lib/crtendS.o
LOAD /usr/lib/crtn.o
                0x000000f4                . = (0x0 + SIZEOF_HEADERS)

.note.gnu.build-id
 *(.note.gnu.build-id)

.hash           0x000000f4     0x4310
 *(.hash)
 .hash          0x000000f4     0x4310 /usr/lib/crti.o

.gnu.hash
 *(.gnu.hash)

.dynsym         0x00004404     0x8bd0
 *(.dynsym)
 .dynsym        0x00004404     0x8bd0 /usr/lib/crti.o

.dynstr         0x0000cfd4    0x19091
 *(.dynstr)
 .dynstr        0x0000cfd4    0x19091 /usr/lib/crti.o

.gnu.version    0x00026066        0x0
 *(.gnu.version)
 .gnu.version   0x00000000        0x0 /usr/lib/crti.o

.gnu.version_d  0x00026068        0x0
 *(.gnu.version_d)
 .gnu.version_d
                0x00000000        0x0 /usr/lib/crti.o

.gnu.version_r  0x00026068        0x0
 *(.gnu.version_r)
 .gnu.version_r
                0x00000000        0x0 /usr/lib/crti.o

.rel.dyn        0x00026068     0x43e0
 *(.rel.init)
 *(.rel.text .rel.text.* .rel.gnu.linkonce.t.*)
 .rel.text      0x00000000        0x0 /usr/lib/crti.o
 .rel.text._ZNSt3__112basic_stringIcNS_11char_traitsIcEENS_9allocatorIcEEEaSEOS5_
                0x00000000        0x0 /usr/lib/crti.o
 .rel.text._ZNSt3__112basic_stringIcNS_11char_traitsIcEENS_9allocatorIcEEE13__move_assignERS5_NS_17integral_constantIbLb1EEE
                0x00000000        0x0 /usr/lib/crti.o
 .rel.text._ZNSt3__112basic_stringIcNS_11char_traitsIcEENS_9allocatorIcEEE13shrink_to_fitEv
                0x00000000        0x0 /usr/lib/crti.o
 .rel.text._ZNSt3__112basic_stringIcNS_11char_traitsIcEENS_9allocatorIcEEE6assignEOS5_
                0x00000000        0x0 /usr/lib/crti.o
 .rel.text._ZNKSt3__112basic_stringIcNS_11char_traitsIcEENS_9allocatorIcEEE7compareEPKc
                0x00000000        0x0 /usr/lib/crti.o
 .rel.text._ZNSt3__112basic_stringIcNS_11char_traitsIcEENS_9allocatorIcEEE13__move_assignERS5_NS_17integral_constantIbLb0EEE
                0x00000000        0x0 /usr/lib/crti.o
 .rel.text._ZNSt3__112basic_stringIwNS_11char_traitsIwEENS_9allocatorIwEEEaSEOS5_
                0x00000000        0x0 /usr/lib/crti.o
 .rel.text._ZNSt3__112basic_stringIwNS_11char_traitsIwEENS_9allocatorIwEEE13__move_assignERS5_NS_17integral_constantIbLb1EEE
                0x00000000        0x0 /usr/lib/crti.o
 .rel.text._ZNSt3__112basic_stringIwNS_11char_traitsIwEENS_9allocatorIwEEE13shrink_to_fitEv
                0x00000000        0x0 /usr/lib/crti.o
 .rel.text._ZNSt3__112basic_stringIwNS_11char_traitsIwEENS_9allocatorIwEEE6assignEOS5_
                0x00000000        0x0 /usr/lib/crti.o
 .rel.text._ZNKSt3__112basic_stringIwNS_11char_traitsIwEENS_9allocatorIwEEE4findEPKwj
                0x00000000        0x0 /usr/lib/crti.o
 .rel.text._ZNKSt3__112basic_stringIwNS_11char_traitsIwEENS_9allocatorIwEEE4findEwj
                0x00000000        0x0 /usr/lib/crti.o
 .rel.text._ZNKSt3__112basic_stringIwNS_11char_traitsIwEENS_9allocatorIwEEE5rfindEPKwj
                0x00000000        0x0 /usr/lib/crti.o
 .rel.text._ZNKSt3__112basic_stringIwNS_11char_traitsIwEENS_9allocatorIwEEE13find_first_ofEPKwj
                0x00000000        0x0 /usr/lib/crti.o
 .rel.text._ZNKSt3__112basic_stringIwNS_11char_traitsIwEENS_9allocatorIwEEE13find_first_ofEwj
                0x00000000        0x0 /usr/lib/crti.o
 .rel.text._ZNKSt3__112basic_stringIwNS_11char_traitsIwEENS_9allocatorIwEEE12find_last_ofERKS5_j
                0x00000000        0x0 /usr/lib/crti.o
 .rel.text._ZNKSt3__112basic_stringIwNS_11char_traitsIwEENS_9allocatorIwEEE12find_last_ofEPKwjj
                0x00000000        0x0 /usr/lib/crti.o
 .rel.text._ZNKSt3__112basic_stringIwNS_11char_traitsIwEENS_9allocatorIwEEE12find_last_ofEPKwj
                0x00000000        0x0 /usr/lib/crti.o
 .rel.text._ZNKSt3__112basic_stringIwNS_11char_traitsIwEENS_9allocatorIwEEE17find_first_not_ofERKS5_j
                0x00000000        0x0 /usr/lib/crti.o
 .rel.text._ZNKSt3__112basic_stringIwNS_11char_traitsIwEENS_9allocatorIwEEE17find_first_not_ofEPKwjj
                0x00000000        0x0 /usr/lib/crti.o
 .rel.text._ZNKSt3__112basic_stringIwNS_11char_traitsIwEENS_9allocatorIwEEE17find_first_not_ofEPKwj
                0x00000000        0x0 /usr/lib/crti.o
 .rel.text._ZNKSt3__112basic_stringIwNS_11char_traitsIwEENS_9allocatorIwEEE16find_last_not_ofERKS5_j
                0x00000000        0x0 /usr/lib/crti.o
 .rel.text._ZNKSt3__112basic_stringIwNS_11char_traitsIwEENS_9allocatorIwEEE16find_last_not_ofEPKwjj
                0x00000000        0x0 /usr/lib/crti.o
 .rel.text._ZNKSt3__112basic_stringIwNS_11char_traitsIwEENS_9allocatorIwEEE16find_last_not_ofEPKwj
                0x00000000        0x0 /usr/lib/crti.o
 .rel.text._ZNKSt3__112basic_stringIwNS_11char_traitsIwEENS_9allocatorIwEEE7compareERKS5_
                0x00000000        0x0 /usr/lib/crti.o
 .rel.text._ZNKSt3__112basic_stringIwNS_11char_traitsIwEENS_9allocatorIwEEE7compareEPKw
                0x00000000        0x0 /usr/lib/crti.o
 .rel.text._ZNSt3__112basic_stringIwNS_11char_traitsIwEENS_9allocatorIwEEE13__move_assignERS5_NS_17integral_constantIbLb0EEE
                0x00000000        0x0 /usr/lib/crti.o
 .rel.text._ZNSt3__110__stdinbufIwE9underflowEv
                0x00000000        0x0 /usr/lib/crti.o
 .rel.text._ZNSt3__110__stdinbufIwE5uflowEv
                0x00000000        0x0 /usr/lib/crti.o
 .rel.text._ZNSt3__110__stdinbufIcE9underflowEv
                0x00000000        0x0 /usr/lib/crti.o
 .rel.text._ZNSt3__110__stdinbufIcE5uflowEv
                0x00000000        0x0 /usr/lib/crti.o
 .rel.text._ZNKSt3__17num_getIcNS_19istreambuf_iteratorIcNS_11char_traitsIcEEEEE6do_getES4_S4_RNS_8ios_baseERjRb
                0x00000000        0x0 /usr/lib/crti.o
 .rel.text._ZNKSt3__17num_getIwNS_19istreambuf_iteratorIwNS_11char_traitsIwEEEEE6do_getES4_S4_RNS_8ios_baseERjRb
                0x00000000        0x0 /usr/lib/crti.o
 .rel.text._ZNKSt3__17num_putIcNS_19ostreambuf_iteratorIcNS_11char_traitsIcEEEEE6do_putES4_RNS_8ios_baseEcl
                0x00000000        0x0 /usr/lib/crti.o
 .rel.text._ZNKSt3__17num_putIcNS_19ostreambuf_iteratorIcNS_11char_traitsIcEEEEE6do_putES4_RNS_8ios_baseEcx
                0x00000000        0x0 /usr/lib/crti.o
 .rel.text._ZNKSt3__17num_putIcNS_19ostreambuf_iteratorIcNS_11char_traitsIcEEEEE6do_putES4_RNS_8ios_baseEcm
                0x00000000        0x0 /usr/lib/crti.o
 .rel.text._ZNKSt3__17num_putIcNS_19ostreambuf_iteratorIcNS_11char_traitsIcEEEEE6do_putES4_RNS_8ios_baseEcy
                0x00000000        0x0 /usr/lib/crti.o
 .rel.text._ZNKSt3__17num_putIcNS_19ostreambuf_iteratorIcNS_11char_traitsIcEEEEE6do_putES4_RNS_8ios_baseEcd
                0x00000000        0x0 /usr/lib/crti.o
 .rel.text._ZNKSt3__17num_putIcNS_19ostreambuf_iteratorIcNS_11char_traitsIcEEEEE6do_putES4_RNS_8ios_baseEce
                0x00000000        0x0 /usr/lib/crti.o
 .rel.text._ZNKSt3__17num_putIcNS_19ostreambuf_iteratorIcNS_11char_traitsIcEEEEE6do_putES4_RNS_8ios_baseEcPKv
                0x00000000        0x0 /usr/lib/crti.o
 .rel.text._ZNKSt3__17num_putIwNS_19ostreambuf_iteratorIwNS_11char_traitsIwEEEEE6do_putES4_RNS_8ios_baseEwl
                0x00000000        0x0 /usr/lib/crti.o
 .rel.text._ZNKSt3__17num_putIwNS_19ostreambuf_iteratorIwNS_11char_traitsIwEEEEE6do_putES4_RNS_8ios_baseEwx
                0x00000000        0x0 /usr/lib/crti.o
 .rel.text._ZNKSt3__17num_putIwNS_19ostreambuf_iteratorIwNS_11char_traitsIwEEEEE6do_putES4_RNS_8ios_baseEwm
                0x00000000        0x0 /usr/lib/crti.o
 .rel.text._ZNKSt3__17num_putIwNS_19ostreambuf_iteratorIwNS_11char_traitsIwEEEEE6do_putES4_RNS_8ios_baseEwy
                0x00000000        0x0 /usr/lib/crti.o
 .rel.text._ZNKSt3__17num_putIwNS_19ostreambuf_iteratorIwNS_11char_traitsIwEEEEE6do_putES4_RNS_8ios_baseEwd
                0x00000000        0x0 /usr/lib/crti.o
 .rel.text._ZNKSt3__17num_putIwNS_19ostreambuf_iteratorIwNS_11char_traitsIwEEEEE6do_putES4_RNS_8ios_baseEwe
                0x00000000        0x0 /usr/lib/crti.o
 .rel.text._ZNKSt3__17num_putIwNS_19ostreambuf_iteratorIwNS_11char_traitsIwEEEEE6do_putES4_RNS_8ios_baseEwPKv
                0x00000000        0x0 /usr/lib/crti.o
 .rel.text._ZNKSt3__18time_getIcNS_19istreambuf_iteratorIcNS_11char_traitsIcEEEEE14do_get_weekdayES4_S4_RNS_8ios_baseERjP2tm
                0x00000000        0x0 /usr/lib/crti.o
 .rel.text._ZNKSt3__18time_getIcNS_19istreambuf_iteratorIcNS_11char_traitsIcEEEEE17__get_weekdaynameERiRS4_S4_RjRKNS_5ctypeIcEE
                0x00000000        0x0 /usr/lib/crti.o
 .rel.text._ZNKSt3__18time_getIcNS_19istreambuf_iteratorIcNS_11char_traitsIcEEEEE16do_get_monthnameES4_S4_RNS_8ios_baseERjP2tm
                0x00000000        0x0 /usr/lib/crti.o
 .rel.text._ZNKSt3__18time_getIcNS_19istreambuf_iteratorIcNS_11char_traitsIcEEEEE15__get_monthnameERiRS4_S4_RjRKNS_5ctypeIcEE
                0x00000000        0x0 /usr/lib/crti.o
 .rel.text._ZNKSt3__18time_getIcNS_19istreambuf_iteratorIcNS_11char_traitsIcEEEEE11do_get_yearES4_S4_RNS_8ios_baseERjP2tm
                0x00000000        0x0 /usr/lib/crti.o
 .rel.text._ZNKSt3__18time_getIcNS_19istreambuf_iteratorIcNS_11char_traitsIcEEEEE10__get_yearERiRS4_S4_RjRKNS_5ctypeIcEE
                0x00000000        0x0 /usr/lib/crti.o
 .rel.text._ZNKSt3__18time_getIcNS_19istreambuf_iteratorIcNS_11char_traitsIcEEEEE6do_getES4_S4_RNS_8ios_baseERjP2tmcc
                0x00000000        0x0 /usr/lib/crti.o
 .rel.text._ZNKSt3__18time_getIcNS_19istreambuf_iteratorIcNS_11char_traitsIcEEEEE9__get_dayERiRS4_S4_RjRKNS_5ctypeIcEE
                0x00000000        0x0 /usr/lib/crti.o
 .rel.text._ZNKSt3__18time_getIcNS_19istreambuf_iteratorIcNS_11char_traitsIcEEEEE10__get_hourERiRS4_S4_RjRKNS_5ctypeIcEE
                0x00000000        0x0 /usr/lib/crti.o
 .rel.text._ZNKSt3__18time_getIcNS_19istreambuf_iteratorIcNS_11char_traitsIcEEEEE13__get_12_hourERiRS4_S4_RjRKNS_5ctypeIcEE
                0x00000000        0x0 /usr/lib/crti.o
 .rel.text._ZNKSt3__18time_getIcNS_19istreambuf_iteratorIcNS_11char_traitsIcEEEEE18__get_day_year_numERiRS4_S4_RjRKNS_5ctypeIcEE
                0x00000000        0x0 /usr/lib/crti.o
 .rel.text._ZNKSt3__18time_getIcNS_19istreambuf_iteratorIcNS_11char_traitsIcEEEEE11__get_monthERiRS4_S4_RjRKNS_5ctypeIcEE
                0x00000000        0x0 /usr/lib/crti.o
 .rel.text._ZNKSt3__18time_getIcNS_19istreambuf_iteratorIcNS_11char_traitsIcEEEEE12__get_minuteERiRS4_S4_RjRKNS_5ctypeIcEE
                0x00000000        0x0 /usr/lib/crti.o
 .rel.text._ZNKSt3__18time_getIcNS_19istreambuf_iteratorIcNS_11char_traitsIcEEEEE11__get_am_pmERiRS4_S4_RjRKNS_5ctypeIcEE
                0x00000000        0x0 /usr/lib/crti.o
 .rel.text._ZNKSt3__18time_getIcNS_19istreambuf_iteratorIcNS_11char_traitsIcEEEEE12__get_secondERiRS4_S4_RjRKNS_5ctypeIcEE
                0x00000000        0x0 /usr/lib/crti.o
 .rel.text._ZNKSt3__18time_getIcNS_19istreambuf_iteratorIcNS_11char_traitsIcEEEEE13__get_weekdayERiRS4_S4_RjRKNS_5ctypeIcEE
                0x00000000        0x0 /usr/lib/crti.o
 .rel.text._ZNKSt3__18time_getIcNS_19istreambuf_iteratorIcNS_11char_traitsIcEEEEE11__get_year4ERiRS4_S4_RjRKNS_5ctypeIcEE
                0x00000000        0x0 /usr/lib/crti.o
 .rel.text._ZNKSt3__18time_getIwNS_19istreambuf_iteratorIwNS_11char_traitsIwEEEEE14do_get_weekdayES4_S4_RNS_8ios_baseERjP2tm
                0x00000000        0x0 /usr/lib/crti.o
 .rel.text._ZNKSt3__18time_getIwNS_19istreambuf_iteratorIwNS_11char_traitsIwEEEEE17__get_weekdaynameERiRS4_S4_RjRKNS_5ctypeIwEE
                0x00000000        0x0 /usr/lib/crti.o
 .rel.text._ZNKSt3__18time_getIwNS_19istreambuf_iteratorIwNS_11char_traitsIwEEEEE16do_get_monthnameES4_S4_RNS_8ios_baseERjP2tm
                0x00000000        0x0 /usr/lib/crti.o
 .rel.text._ZNKSt3__18time_getIwNS_19istreambuf_iteratorIwNS_11char_traitsIwEEEEE15__get_monthnameERiRS4_S4_RjRKNS_5ctypeIwEE
                0x00000000        0x0 /usr/lib/crti.o
 .rel.text._ZNKSt3__18time_getIwNS_19istreambuf_iteratorIwNS_11char_traitsIwEEEEE11do_get_yearES4_S4_RNS_8ios_baseERjP2tm
                0x00000000        0x0 /usr/lib/crti.o
 .rel.text._ZNKSt3__18time_getIwNS_19istreambuf_iteratorIwNS_11char_traitsIwEEEEE10__get_yearERiRS4_S4_RjRKNS_5ctypeIwEE
                0x00000000        0x0 /usr/lib/crti.o
 .rel.text._ZNKSt3__18time_getIwNS_19istreambuf_iteratorIwNS_11char_traitsIwEEEEE6do_getES4_S4_RNS_8ios_baseERjP2tmcc
                0x00000000        0x0 /usr/lib/crti.o
 .rel.text._ZNKSt3__18time_getIwNS_19istreambuf_iteratorIwNS_11char_traitsIwEEEEE9__get_dayERiRS4_S4_RjRKNS_5ctypeIwEE
                0x00000000        0x0 /usr/lib/crti.o
 .rel.text._ZNKSt3__18time_getIwNS_19istreambuf_iteratorIwNS_11char_traitsIwEEEEE10__get_hourERiRS4_S4_RjRKNS_5ctypeIwEE
                0x00000000        0x0 /usr/lib/crti.o
 .rel.text._ZNKSt3__18time_getIwNS_19istreambuf_iteratorIwNS_11char_traitsIwEEEEE13__get_12_hourERiRS4_S4_RjRKNS_5ctypeIwEE
                0x00000000        0x0 /usr/lib/crti.o
 .rel.text._ZNKSt3__18time_getIwNS_19istreambuf_iteratorIwNS_11char_traitsIwEEEEE18__get_day_year_numERiRS4_S4_RjRKNS_5ctypeIwEE
                0x00000000        0x0 /usr/lib/crti.o
 .rel.text._ZNKSt3__18time_getIwNS_19istreambuf_iteratorIwNS_11char_traitsIwEEEEE11__get_monthERiRS4_S4_RjRKNS_5ctypeIwEE
                0x00000000        0x0 /usr/lib/crti.o
 .rel.text._ZNKSt3__18time_getIwNS_19istreambuf_iteratorIwNS_11char_traitsIwEEEEE12__get_minuteERiRS4_S4_RjRKNS_5ctypeIwEE
                0x00000000        0x0 /usr/lib/crti.o
 .rel.text._ZNKSt3__18time_getIwNS_19istreambuf_iteratorIwNS_11char_traitsIwEEEEE11__get_am_pmERiRS4_S4_RjRKNS_5ctypeIwEE
                0x00000000        0x0 /usr/lib/crti.o
 .rel.text._ZNKSt3__18time_getIwNS_19istreambuf_iteratorIwNS_11char_traitsIwEEEEE12__get_secondERiRS4_S4_RjRKNS_5ctypeIwEE
                0x00000000        0x0 /usr/lib/crti.o
 .rel.text._ZNKSt3__18time_getIwNS_19istreambuf_iteratorIwNS_11char_traitsIwEEEEE13__get_weekdayERiRS4_S4_RjRKNS_5ctypeIwEE
                0x00000000        0x0 /usr/lib/crti.o
 .rel.text._ZNKSt3__18time_getIwNS_19istreambuf_iteratorIwNS_11char_traitsIwEEEEE11__get_year4ERiRS4_S4_RjRKNS_5ctypeIwEE
                0x00000000        0x0 /usr/lib/crti.o
 .rel.text._ZNSt3__115time_get_bynameIcNS_19istreambuf_iteratorIcNS_11char_traitsIcEEEEED2Ev
                0x00000000        0x0 /usr/lib/crti.o
 .rel.text._ZNSt3__115time_get_bynameIcNS_19istreambuf_iteratorIcNS_11char_traitsIcEEEEED0Ev
                0x00000000        0x0 /usr/lib/crti.o
 .rel.text._ZNSt3__115time_get_bynameIwNS_19istreambuf_iteratorIwNS_11char_traitsIwEEEEED2Ev
                0x00000000        0x0 /usr/lib/crti.o
 .rel.text._ZNSt3__115time_get_bynameIwNS_19istreambuf_iteratorIwNS_11char_traitsIwEEEEED0Ev
                0x00000000        0x0 /usr/lib/crti.o
 .rel.text._ZNSt3__18time_putIcNS_19ostreambuf_iteratorIcNS_11char_traitsIcEEEEED2Ev
                0x00000000        0x0 /usr/lib/crti.o
 .rel.text._ZNSt3__18time_putIcNS_19ostreambuf_iteratorIcNS_11char_traitsIcEEEEED0Ev
                0x00000000        0x0 /usr/lib/crti.o
 .rel.text._ZNSt3__18time_putIwNS_19ostreambuf_iteratorIwNS_11char_traitsIwEEEEED2Ev
                0x00000000        0x0 /usr/lib/crti.o
 .rel.text._ZNSt3__18time_putIwNS_19ostreambuf_iteratorIwNS_11char_traitsIwEEEEED0Ev
                0x00000000        0x0 /usr/lib/crti.o
 .rel.text._ZNSt3__115time_put_bynameIcNS_19ostreambuf_iteratorIcNS_11char_traitsIcEEEEED2Ev
                0x00000000        0x0 /usr/lib/crti.o
 .rel.text._ZNSt3__115time_put_bynameIcNS_19ostreambuf_iteratorIcNS_11char_traitsIcEEEEED0Ev
                0x00000000        0x0 /usr/lib/crti.o
 .rel.text._ZNSt3__115time_put_bynameIwNS_19ostreambuf_iteratorIwNS_11char_traitsIwEEEEED2Ev
                0x00000000        0x0 /usr/lib/crti.o
 .rel.text._ZNSt3__115time_put_bynameIwNS_19ostreambuf_iteratorIwNS_11char_traitsIwEEEEED0Ev
                0x00000000        0x0 /usr/lib/crti.o
 .rel.text._ZNKSt3__19money_getIcNS_19istreambuf_iteratorIcNS_11char_traitsIcEEEEE6do_getES4_S4_bRNS_8ios_baseERjRe
                0x00000000        0x0 /usr/lib/crti.o
 .rel.text._ZNSt3__19money_getIcNS_19istreambuf_iteratorIcNS_11char_traitsIcEEEEE8__do_getERS4_S4_bRKNS_6localeEjRjRbRKNS_5ctypeIcEERNS_10unique_ptrIcPFvPvEEERPcSM_
                0x00000000        0x0 /usr/lib/crti.o
 .rel.text._ZNKSt3__19money_getIcNS_19istreambuf_iteratorIcNS_11char_traitsIcEEEEE6do_getES4_S4_bRNS_8ios_baseERjRNS_12basic_stringIcS3_NS_9allocatorIcEEEE
                0x00000000        0x0 /usr/lib/crti.o
 .rel.text._ZNSt3__111__money_getIcE13__gather_infoEbRKNS_6localeERNS_10money_base7patternERcS8_RNS_12basic_stringIcNS_11char_traitsIcEENS_9allocatorIcEEEESF_SF_SF_Ri
                0x00000000        0x0 /usr/lib/crti.o
 .rel.text._ZNSt3__119__double_or_nothingIcEEvRNS_10unique_ptrIT_PFvPvEEERPS2_S9_
                0x00000000        0x0 /usr/lib/crti.o
 .rel.text._ZNSt3__119__double_or_nothingIjEEvRNS_10unique_ptrIT_PFvPvEEERPS2_S9_
                0x00000000        0x0 /usr/lib/crti.o
 .rel.text._ZNKSt3__19money_getIwNS_19istreambuf_iteratorIwNS_11char_traitsIwEEEEE6do_getES4_S4_bRNS_8ios_baseERjRe
                0x00000000        0x0 /usr/lib/crti.o
 .rel.text._ZNSt3__19money_getIwNS_19istreambuf_iteratorIwNS_11char_traitsIwEEEEE8__do_getERS4_S4_bRKNS_6localeEjRjRbRKNS_5ctypeIwEERNS_10unique_ptrIwPFvPvEEERPwSM_
                0x00000000        0x0 /usr/lib/crti.o
 .rel.text._ZNKSt3__19money_getIwNS_19istreambuf_iteratorIwNS_11char_traitsIwEEEEE6do_getES4_S4_bRNS_8ios_baseERjRNS_12basic_stringIwS3_NS_9allocatorIwEEEE
                0x00000000        0x0 /usr/lib/crti.o
 .rel.text._ZNSt3__111__money_getIwE13__gather_infoEbRKNS_6localeERNS_10money_base7patternERwS8_RNS_12basic_stringIcNS_11char_traitsIcEENS_9allocatorIcEEEERNS9_IwNSA_IwEENSC_IwEEEESJ_SJ_Ri
                0x00000000        0x0 /usr/lib/crti.o
 .rel.text._ZNSt3__119__double_or_nothingIwEEvRNS_10unique_ptrIT_PFvPvEEERPS2_S9_
                0x00000000        0x0 /usr/lib/crti.o
 .rel.text._ZNKSt3__19money_putIcNS_19ostreambuf_iteratorIcNS_11char_traitsIcEEEEE6do_putES4_bRNS_8ios_baseEce
                0x00000000        0x0 /usr/lib/crti.o
 .rel.text._ZNSt3__111__money_putIcE13__gather_infoEbbRKNS_6localeERNS_10money_base7patternERcS8_RNS_12basic_stringIcNS_11char_traitsIcEENS_9allocatorIcEEEESF_SF_Ri
                0x00000000        0x0 /usr/lib/crti.o
 .rel.text._ZNKSt3__19money_putIcNS_19ostreambuf_iteratorIcNS_11char_traitsIcEEEEE6do_putES4_bRNS_8ios_baseEcRKNS_12basic_stringIcS3_NS_9allocatorIcEEEE
                0x00000000        0x0 /usr/lib/crti.o
 .rel.text._ZNKSt3__19money_putIwNS_19ostreambuf_iteratorIwNS_11char_traitsIwEEEEE6do_putES4_bRNS_8ios_baseEwe
                0x00000000        0x0 /usr/lib/crti.o
 .rel.text._ZNSt3__111__money_putIwE13__gather_infoEbbRKNS_6localeERNS_10money_base7patternERwS8_RNS_12basic_stringIcNS_11char_traitsIcEENS_9allocatorIcEEEERNS9_IwNSA_IwEENSC_IwEEEESJ_Ri
                0x00000000        0x0 /usr/lib/crti.o
 .rel.text._ZNKSt3__19money_putIwNS_19ostreambuf_iteratorIwNS_11char_traitsIwEEEEE6do_putES4_bRNS_8ios_baseEwRKNS_12basic_stringIwS3_NS_9allocatorIwEEEE
                0x00000000        0x0 /usr/lib/crti.o
 .rel.text._ZNSt3__114codecvt_bynameIwc11__mbstate_tED2Ev
                0x00000000        0x0 /usr/lib/crti.o
 .rel.text._ZNSt3__114codecvt_bynameIwc11__mbstate_tED0Ev
                0x00000000        0x0 /usr/lib/crti.o
 .rel.text._ZNSt3__114__codecvt_utf8IwED0Ev
                0x00000000        0x0 /usr/lib/crti.o
 .rel.text._ZNSt3__115__codecvt_utf16IwLb0EED0Ev
                0x00000000        0x0 /usr/lib/crti.o
 .rel.text._ZNSt3__115__codecvt_utf16IwLb1EED0Ev
                0x00000000        0x0 /usr/lib/crti.o
 .rel.text._ZNSt3__120__codecvt_utf8_utf16IwED0Ev
                0x00000000        0x0 /usr/lib/crti.o
 .rel.text._ZNSt3__115__time_get_tempIwED0Ev
                0x00000000        0x0 /usr/lib/crti.o
 .rel.text._ZnwjRKSt9nothrow_t
                0x00000000        0x0 /usr/lib/crti.o
 .rel.text._ZnajRKSt9nothrow_t
                0x00000000        0x0 /usr/lib/crti.o
 .rel.text._ZNSt3__113basic_ostreamIcNS_11char_traitsIcEEE5flushEv
                0x00000000        0x0 /usr/lib/crti.o
 .rel.text._ZNSt3__113basic_istreamIcNS_11char_traitsIcEEErsEPNS_15basic_streambufIcS2_EE
                0x00000000        0x0 /usr/lib/crti.o
 .rel.text._ZNSt3__113basic_istreamIcNS_11char_traitsIcEEErsERb
                0x00000000        0x0 /usr/lib/crti.o
 .rel.text._ZNSt3__113basic_istreamIcNS_11char_traitsIcEEErsERs
                0x00000000        0x0 /usr/lib/crti.o
 .rel.text._ZNSt3__113basic_istreamIcNS_11char_traitsIcEEErsERt
                0x00000000        0x0 /usr/lib/crti.o
 .rel.text._ZNSt3__113basic_istreamIcNS_11char_traitsIcEEErsERi
                0x00000000        0x0 /usr/lib/crti.o
 .rel.text._ZNSt3__113basic_istreamIcNS_11char_traitsIcEEErsERj
                0x00000000        0x0 /usr/lib/crti.o
 .rel.text._ZNSt3__113basic_istreamIcNS_11char_traitsIcEEErsERl
                0x00000000        0x0 /usr/lib/crti.o
 .rel.text._ZNSt3__113basic_istreamIcNS_11char_traitsIcEEErsERm
                0x00000000        0x0 /usr/lib/crti.o
 .rel.text._ZNSt3__113basic_istreamIcNS_11char_traitsIcEEErsERx
                0x00000000        0x0 /usr/lib/crti.o
 .rel.text._ZNSt3__113basic_istreamIcNS_11char_traitsIcEEErsERy
                0x00000000        0x0 /usr/lib/crti.o
 .rel.text._ZNSt3__113basic_istreamIcNS_11char_traitsIcEEErsERf
                0x00000000        0x0 /usr/lib/crti.o
 .rel.text._ZNSt3__113basic_istreamIcNS_11char_traitsIcEEErsERd
                0x00000000        0x0 /usr/lib/crti.o
 .rel.text._ZNSt3__113basic_istreamIcNS_11char_traitsIcEEErsERe
                0x00000000        0x0 /usr/lib/crti.o
 .rel.text._ZNSt3__113basic_istreamIcNS_11char_traitsIcEEErsERPv
                0x00000000        0x0 /usr/lib/crti.o
 .rel.text._ZNSt3__113basic_istreamIcNS_11char_traitsIcEEE3getEv
                0x00000000        0x0 /usr/lib/crti.o
 .rel.text._ZNSt3__113basic_istreamIcNS_11char_traitsIcEEE3getEPcic
                0x00000000        0x0 /usr/lib/crti.o
 .rel.text._ZNSt3__113basic_istreamIcNS_11char_traitsIcEEE3getERNS_15basic_streambufIcS2_EEc
                0x00000000        0x0 /usr/lib/crti.o
 .rel.text._ZNSt3__113basic_istreamIcNS_11char_traitsIcEEE7getlineEPcic
                0x00000000        0x0 /usr/lib/crti.o
 .rel.text._ZNSt3__113basic_istreamIcNS_11char_traitsIcEEE6ignoreEii
                0x00000000        0x0 /usr/lib/crti.o
 .rel.text._ZNSt3__113basic_istreamIcNS_11char_traitsIcEEE4peekEv
                0x00000000        0x0 /usr/lib/crti.o
 .rel.text._ZNSt3__113basic_istreamIcNS_11char_traitsIcEEE4readEPci
                0x00000000        0x0 /usr/lib/crti.o
 .rel.text._ZNSt3__113basic_istreamIcNS_11char_traitsIcEEE7putbackEc
                0x00000000        0x0 /usr/lib/crti.o
 .rel.text._ZNSt3__113basic_istreamIcNS_11char_traitsIcEEE5ungetEv
                0x00000000        0x0 /usr/lib/crti.o
 .rel.text._ZNSt3__113basic_istreamIcNS_11char_traitsIcEEE4syncEv
                0x00000000        0x0 /usr/lib/crti.o
 .rel.text._ZNSt3__113basic_istreamIcNS_11char_traitsIcEEE5tellgEv
                0x00000000        0x0 /usr/lib/crti.o
 .rel.text._ZNSt3__113basic_istreamIcNS_11char_traitsIcEEE5seekgENS_4fposI11__mbstate_tEE
                0x00000000        0x0 /usr/lib/crti.o
 .rel.text._ZNSt3__113basic_istreamIcNS_11char_traitsIcEEE5seekgExNS_8ios_base7seekdirE
                0x00000000        0x0 /usr/lib/crti.o
 .rel.text._ZNSt3__113basic_ostreamIwNS_11char_traitsIwEEE5flushEv
                0x00000000        0x0 /usr/lib/crti.o
 .rel.text._ZNSt3__113basic_istreamIwNS_11char_traitsIwEEErsEPNS_15basic_streambufIwS2_EE
                0x00000000        0x0 /usr/lib/crti.o
 .rel.text._ZNSt3__113basic_istreamIwNS_11char_traitsIwEEErsERb
                0x00000000        0x0 /usr/lib/crti.o
 .rel.text._ZNSt3__113basic_istreamIwNS_11char_traitsIwEEErsERs
                0x00000000        0x0 /usr/lib/crti.o
 .rel.text._ZNSt3__113basic_istreamIwNS_11char_traitsIwEEErsERt
                0x00000000        0x0 /usr/lib/crti.o
 .rel.text._ZNSt3__113basic_istreamIwNS_11char_traitsIwEEErsERi
                0x00000000        0x0 /usr/lib/crti.o
 .rel.text._ZNSt3__113basic_istreamIwNS_11char_traitsIwEEErsERj
                0x00000000        0x0 /usr/lib/crti.o
 .rel.text._ZNSt3__113basic_istreamIwNS_11char_traitsIwEEErsERl
                0x00000000        0x0 /usr/lib/crti.o
 .rel.text._ZNSt3__113basic_istreamIwNS_11char_traitsIwEEErsERm
                0x00000000        0x0 /usr/lib/crti.o
 .rel.text._ZNSt3__113basic_istreamIwNS_11char_traitsIwEEErsERx
                0x00000000        0x0 /usr/lib/crti.o
 .rel.text._ZNSt3__113basic_istreamIwNS_11char_traitsIwEEErsERy
                0x00000000        0x0 /usr/lib/crti.o
 .rel.text._ZNSt3__113basic_istreamIwNS_11char_traitsIwEEErsERf
                0x00000000        0x0 /usr/lib/crti.o
 .rel.text._ZNSt3__113basic_istreamIwNS_11char_traitsIwEEErsERd
                0x00000000        0x0 /usr/lib/crti.o
 .rel.text._ZNSt3__113basic_istreamIwNS_11char_traitsIwEEErsERe
                0x00000000        0x0 /usr/lib/crti.o
 .rel.text._ZNSt3__113basic_istreamIwNS_11char_traitsIwEEErsERPv
                0x00000000        0x0 /usr/lib/crti.o
 .rel.text._ZNSt3__113basic_istreamIwNS_11char_traitsIwEEE3getEv
                0x00000000        0x0 /usr/lib/crti.o
 .rel.text._ZNSt3__113basic_istreamIwNS_11char_traitsIwEEE3getEPwiw
                0x00000000        0x0 /usr/lib/crti.o
 .rel.text._ZNSt3__113basic_istreamIwNS_11char_traitsIwEEE3getERNS_15basic_streambufIwS2_EEw
                0x00000000        0x0 /usr/lib/crti.o
 .rel.text._ZNSt3__113basic_istreamIwNS_11char_traitsIwEEE7getlineEPwiw
                0x00000000        0x0 /usr/lib/crti.o
 .rel.text._ZNSt3__113basic_istreamIwNS_11char_traitsIwEEE6ignoreEii
                0x00000000        0x0 /usr/lib/crti.o
 .rel.text._ZNSt3__113basic_istreamIwNS_11char_traitsIwEEE4peekEv
                0x00000000        0x0 /usr/lib/crti.o
 .rel.text._ZNSt3__113basic_istreamIwNS_11char_traitsIwEEE4readEPwi
                0x00000000        0x0 /usr/lib/crti.o
 .rel.text._ZNSt3__113basic_istreamIwNS_11char_traitsIwEEE7putbackEw
                0x00000000        0x0 /usr/lib/crti.o
 .rel.text._ZNSt3__113basic_istreamIwNS_11char_traitsIwEEE5ungetEv
                0x00000000        0x0 /usr/lib/crti.o
 .rel.text._ZNSt3__113basic_istreamIwNS_11char_traitsIwEEE4syncEv
                0x00000000        0x0 /usr/lib/crti.o
 .rel.text._ZNSt3__113basic_istreamIwNS_11char_traitsIwEEE5tellgEv
                0x00000000        0x0 /usr/lib/crti.o
 .rel.text._ZNSt3__113basic_istreamIwNS_11char_traitsIwEEE5seekgENS_4fposI11__mbstate_tEE
                0x00000000        0x0 /usr/lib/crti.o
 .rel.text._ZNSt3__113basic_istreamIwNS_11char_traitsIwEEE5seekgExNS_8ios_base7seekdirE
                0x00000000        0x0 /usr/lib/crti.o
 .rel.text._ZNSt3__113basic_ostreamIcNS_11char_traitsIcEEE6sentryD2Ev
                0x00000000        0x0 /usr/lib/crti.o
 .rel.text._ZNSt3__113basic_ostreamIcNS_11char_traitsIcEEElsEb
                0x00000000        0x0 /usr/lib/crti.o
 .rel.text._ZNSt3__113basic_ostreamIcNS_11char_traitsIcEEElsEs
                0x00000000        0x0 /usr/lib/crti.o
 .rel.text._ZNSt3__113basic_ostreamIcNS_11char_traitsIcEEElsEt
                0x00000000        0x0 /usr/lib/crti.o
 .rel.text._ZNSt3__113basic_ostreamIcNS_11char_traitsIcEEElsEi
                0x00000000        0x0 /usr/lib/crti.o
 .rel.text._ZNSt3__113basic_ostreamIcNS_11char_traitsIcEEElsEj
                0x00000000        0x0 /usr/lib/crti.o
 .rel.text._ZNSt3__113basic_ostreamIcNS_11char_traitsIcEEElsEl
                0x00000000        0x0 /usr/lib/crti.o
 .rel.text._ZNSt3__113basic_ostreamIcNS_11char_traitsIcEEElsEm
                0x00000000        0x0 /usr/lib/crti.o
 .rel.text._ZNSt3__113basic_ostreamIcNS_11char_traitsIcEEElsEx
                0x00000000        0x0 /usr/lib/crti.o
 .rel.text._ZNSt3__113basic_ostreamIcNS_11char_traitsIcEEElsEy
                0x00000000        0x0 /usr/lib/crti.o
 .rel.text._ZNSt3__113basic_ostreamIcNS_11char_traitsIcEEElsEf
                0x00000000        0x0 /usr/lib/crti.o
 .rel.text._ZNSt3__113basic_ostreamIcNS_11char_traitsIcEEElsEd
                0x00000000        0x0 /usr/lib/crti.o
 .rel.text._ZNSt3__113basic_ostreamIcNS_11char_traitsIcEEElsEe
                0x00000000        0x0 /usr/lib/crti.o
 .rel.text._ZNSt3__113basic_ostreamIcNS_11char_traitsIcEEElsEPKv
                0x00000000        0x0 /usr/lib/crti.o
 .rel.text._ZNSt3__113basic_ostreamIcNS_11char_traitsIcEEElsEPNS_15basic_streambufIcS2_EE
                0x00000000        0x0 /usr/lib/crti.o
 .rel.text._ZNSt3__113basic_ostreamIcNS_11char_traitsIcEEE3putEc
                0x00000000        0x0 /usr/lib/crti.o
 .rel.text._ZNSt3__113basic_ostreamIcNS_11char_traitsIcEEE5writeEPKci
                0x00000000        0x0 /usr/lib/crti.o
 .rel.text._ZNSt3__113basic_ostreamIwNS_11char_traitsIwEEE6sentryD2Ev
                0x00000000        0x0 /usr/lib/crti.o
 .rel.text._ZNSt3__113basic_ostreamIwNS_11char_traitsIwEEElsEb
                0x00000000        0x0 /usr/lib/crti.o
 .rel.text._ZNSt3__113basic_ostreamIwNS_11char_traitsIwEEElsEs
                0x00000000        0x0 /usr/lib/crti.o
 .rel.text._ZNSt3__113basic_ostreamIwNS_11char_traitsIwEEElsEt
                0x00000000        0x0 /usr/lib/crti.o
 .rel.text._ZNSt3__113basic_ostreamIwNS_11char_traitsIwEEElsEi
                0x00000000        0x0 /usr/lib/crti.o
 .rel.text._ZNSt3__113basic_ostreamIwNS_11char_traitsIwEEElsEj
                0x00000000        0x0 /usr/lib/crti.o
 .rel.text._ZNSt3__113basic_ostreamIwNS_11char_traitsIwEEElsEl
                0x00000000        0x0 /usr/lib/crti.o
 .rel.text._ZNSt3__113basic_ostreamIwNS_11char_traitsIwEEElsEm
                0x00000000        0x0 /usr/lib/crti.o
 .rel.text._ZNSt3__113basic_ostreamIwNS_11char_traitsIwEEElsEx
                0x00000000        0x0 /usr/lib/crti.o
 .rel.text._ZNSt3__113basic_ostreamIwNS_11char_traitsIwEEElsEy
                0x00000000        0x0 /usr/lib/crti.o
 .rel.text._ZNSt3__113basic_ostreamIwNS_11char_traitsIwEEElsEf
                0x00000000        0x0 /usr/lib/crti.o
 .rel.text._ZNSt3__113basic_ostreamIwNS_11char_traitsIwEEElsEd
                0x00000000        0x0 /usr/lib/crti.o
 .rel.text._ZNSt3__113basic_ostreamIwNS_11char_traitsIwEEElsEe
                0x00000000        0x0 /usr/lib/crti.o
 .rel.text._ZNSt3__113basic_ostreamIwNS_11char_traitsIwEEElsEPKv
                0x00000000        0x0 /usr/lib/crti.o
 .rel.text._ZNSt3__113basic_ostreamIwNS_11char_traitsIwEEElsEPNS_15basic_streambufIwS2_EE
                0x00000000        0x0 /usr/lib/crti.o
 .rel.text._ZNSt3__113basic_ostreamIwNS_11char_traitsIwEEE3putEw
                0x00000000        0x0 /usr/lib/crti.o
 .rel.text._ZNSt3__113basic_ostreamIwNS_11char_traitsIwEEE5writeEPKwi
                0x00000000        0x0 /usr/lib/crti.o
 *(.rel.fini)
 *(.rel.rodata .rel.rodata.* .rel.gnu.linkonce.r.*)
 *(.rel.data.rel.ro .rel.data.rel.ro.* .rel.gnu.linkonce.d.rel.ro.*)
 .rel.data.rel.ro
                0x00026068     0x20c8 /usr/lib/crti.o
 .rel.data.rel.ro.local
                0x00028130      0x468 /usr/lib/crti.o
 .rel.data.rel.ro._ZTVNSt3__111__stdoutbufIwEE
                0x00028598       0x78 /usr/lib/crti.o
 .rel.data.rel.ro._ZTINSt3__111__stdoutbufIwEE
                0x00028610       0x18 /usr/lib/crti.o
 .rel.data.rel.ro._ZTVNSt3__111__stdoutbufIcEE
                0x00028628       0x78 /usr/lib/crti.o
 .rel.data.rel.ro._ZTINSt3__111__stdoutbufIcEE
                0x000286a0       0x18 /usr/lib/crti.o
 .rel.data.rel.ro._ZTVNSt3__110__stdinbufIwEE
                0x000286b8       0x78 /usr/lib/crti.o
 .rel.data.rel.ro._ZTINSt3__110__stdinbufIwEE
                0x00028730       0x18 /usr/lib/crti.o
 .rel.data.rel.ro._ZTVNSt3__110__stdinbufIcEE
                0x00028748       0x78 /usr/lib/crti.o
 .rel.data.rel.ro._ZTINSt3__110__stdinbufIcEE
                0x000287c0       0x18 /usr/lib/crti.o
 .rel.data.rel.ro._ZTVNSt3__17collateIcEE
                0x000287d8       0x38 /usr/lib/crti.o
 .rel.data.rel.ro._ZTVNSt3__17collateIwEE
                0x00028810       0x38 /usr/lib/crti.o
 .rel.data.rel.ro._ZTVNSt3__17num_getIcNS_19istreambuf_iteratorIcNS_11char_traitsIcEEEEEE
                0x00028848       0x78 /usr/lib/crti.o
 .rel.data.rel.ro._ZTVNSt3__17num_getIwNS_19istreambuf_iteratorIwNS_11char_traitsIwEEEEEE
                0x000288c0       0x78 /usr/lib/crti.o
 .rel.data.rel.ro._ZTVNSt3__17num_putIcNS_19ostreambuf_iteratorIcNS_11char_traitsIcEEEEEE
                0x00028938       0x60 /usr/lib/crti.o
 .rel.data.rel.ro._ZTVNSt3__17num_putIwNS_19ostreambuf_iteratorIwNS_11char_traitsIwEEEEEE
                0x00028998       0x60 /usr/lib/crti.o
 .rel.data.rel.ro._ZTVNSt3__18time_getIcNS_19istreambuf_iteratorIcNS_11char_traitsIcEEEEEE
                0x000289f8       0x98 /usr/lib/crti.o
 .rel.data.rel.ro._ZTVNSt3__18time_getIwNS_19istreambuf_iteratorIwNS_11char_traitsIwEEEEEE
                0x00028a90       0x98 /usr/lib/crti.o
 .rel.data.rel.ro._ZTVNSt3__115time_get_bynameIcNS_19istreambuf_iteratorIcNS_11char_traitsIcEEEEEE
                0x00028b28       0xd0 /usr/lib/crti.o
 .rel.data.rel.ro._ZTVNSt3__115time_get_bynameIwNS_19istreambuf_iteratorIwNS_11char_traitsIwEEEEEE
                0x00028bf8       0xd0 /usr/lib/crti.o
 .rel.data.rel.ro._ZTVNSt3__18time_putIcNS_19ostreambuf_iteratorIcNS_11char_traitsIcEEEEEE
                0x00028cc8       0x28 /usr/lib/crti.o
 .rel.data.rel.ro._ZTVNSt3__18time_putIwNS_19ostreambuf_iteratorIwNS_11char_traitsIwEEEEEE
                0x00028cf0       0x28 /usr/lib/crti.o
 .rel.data.rel.ro._ZTVNSt3__115time_put_bynameIcNS_19ostreambuf_iteratorIcNS_11char_traitsIcEEEEEE
                0x00028d18       0x28 /usr/lib/crti.o
 .rel.data.rel.ro._ZTVNSt3__115time_put_bynameIwNS_19ostreambuf_iteratorIwNS_11char_traitsIwEEEEEE
                0x00028d40       0x28 /usr/lib/crti.o
 .rel.data.rel.ro._ZTVNSt3__110moneypunctIcLb0EEE
                0x00028d68       0x68 /usr/lib/crti.o
 .rel.data.rel.ro._ZTVNSt3__110moneypunctIcLb1EEE
                0x00028dd0       0x68 /usr/lib/crti.o
 .rel.data.rel.ro._ZTVNSt3__110moneypunctIwLb0EEE
                0x00028e38       0x68 /usr/lib/crti.o
 .rel.data.rel.ro._ZTVNSt3__110moneypunctIwLb1EEE
                0x00028ea0       0x68 /usr/lib/crti.o
 .rel.data.rel.ro._ZTVNSt3__117moneypunct_bynameIcLb0EEE
                0x00028f08       0x68 /usr/lib/crti.o
 .rel.data.rel.ro._ZTVNSt3__117moneypunct_bynameIcLb1EEE
                0x00028f70       0x68 /usr/lib/crti.o
 .rel.data.rel.ro._ZTVNSt3__117moneypunct_bynameIwLb0EEE
                0x00028fd8       0x68 /usr/lib/crti.o
 .rel.data.rel.ro._ZTVNSt3__117moneypunct_bynameIwLb1EEE
                0x00029040       0x68 /usr/lib/crti.o
 .rel.data.rel.ro._ZTVNSt3__19money_getIcNS_19istreambuf_iteratorIcNS_11char_traitsIcEEEEEE
                0x000290a8       0x30 /usr/lib/crti.o
 .rel.data.rel.ro._ZTVNSt3__19money_getIwNS_19istreambuf_iteratorIwNS_11char_traitsIwEEEEEE
                0x000290d8       0x30 /usr/lib/crti.o
 .rel.data.rel.ro._ZTVNSt3__19money_putIcNS_19ostreambuf_iteratorIcNS_11char_traitsIcEEEEEE
                0x00029108       0x30 /usr/lib/crti.o
 .rel.data.rel.ro._ZTVNSt3__19money_putIwNS_19ostreambuf_iteratorIwNS_11char_traitsIwEEEEEE
                0x00029138       0x30 /usr/lib/crti.o
 .rel.data.rel.ro._ZTVNSt3__18messagesIcEE
                0x00029168       0x38 /usr/lib/crti.o
 .rel.data.rel.ro._ZTVNSt3__18messagesIwEE
                0x000291a0       0x38 /usr/lib/crti.o
 .rel.data.rel.ro._ZTVNSt3__115messages_bynameIcEE
                0x000291d8       0x38 /usr/lib/crti.o
 .rel.data.rel.ro._ZTVNSt3__115messages_bynameIwEE
                0x00029210       0x38 /usr/lib/crti.o
 .rel.data.rel.ro._ZTVNSt3__114codecvt_bynameIcc11__mbstate_tEE
                0x00029248       0x58 /usr/lib/crti.o
 .rel.data.rel.ro._ZTVNSt3__114codecvt_bynameIwc11__mbstate_tEE
                0x000292a0       0x58 /usr/lib/crti.o
 .rel.data.rel.ro._ZTVNSt3__114codecvt_bynameIDsc11__mbstate_tEE
                0x000292f8       0x58 /usr/lib/crti.o
 .rel.data.rel.ro._ZTVNSt3__114codecvt_bynameIDic11__mbstate_tEE
                0x00029350       0x58 /usr/lib/crti.o
 .rel.data.rel.ro._ZTINSt3__110ctype_baseE
                0x000293a8       0x10 /usr/lib/crti.o
 .rel.data.rel.ro._ZTINSt3__112codecvt_baseE
                0x000293b8       0x10 /usr/lib/crti.o
 .rel.data.rel.ro._ZTINSt3__17collateIcEE
                0x000293c8       0x18 /usr/lib/crti.o
 .rel.data.rel.ro._ZTINSt3__17collateIwEE
                0x000293e0       0x18 /usr/lib/crti.o
 .rel.data.rel.ro._ZTINSt3__110money_baseE
                0x000293f8       0x10 /usr/lib/crti.o
 .rel.data.rel.ro._ZTINSt3__110moneypunctIcLb0EEE
                0x00029408       0x20 /usr/lib/crti.o
 .rel.data.rel.ro._ZTINSt3__110moneypunctIcLb1EEE
                0x00029428       0x20 /usr/lib/crti.o
 .rel.data.rel.ro._ZTINSt3__110moneypunctIwLb0EEE
                0x00029448       0x20 /usr/lib/crti.o
 .rel.data.rel.ro._ZTINSt3__110moneypunctIwLb1EEE
                0x00029468       0x20 /usr/lib/crti.o
 .rel.data.rel.ro._ZTINSt3__114__num_get_baseE
                0x00029488       0x10 /usr/lib/crti.o
 .rel.data.rel.ro._ZTINSt3__19__num_getIcEE
                0x00029498       0x18 /usr/lib/crti.o
 .rel.data.rel.ro._ZTINSt3__17num_getIcNS_19istreambuf_iteratorIcNS_11char_traitsIcEEEEEE
                0x000294b0       0x20 /usr/lib/crti.o
 .rel.data.rel.ro._ZTINSt3__19__num_getIwEE
                0x000294d0       0x18 /usr/lib/crti.o
 .rel.data.rel.ro._ZTINSt3__17num_getIwNS_19istreambuf_iteratorIwNS_11char_traitsIwEEEEEE
                0x000294e8       0x20 /usr/lib/crti.o
 .rel.data.rel.ro._ZTINSt3__114__num_put_baseE
                0x00029508       0x10 /usr/lib/crti.o
 .rel.data.rel.ro._ZTINSt3__19__num_putIcEE
                0x00029518       0x18 /usr/lib/crti.o
 .rel.data.rel.ro._ZTINSt3__17num_putIcNS_19ostreambuf_iteratorIcNS_11char_traitsIcEEEEEE
                0x00029530       0x20 /usr/lib/crti.o
 .rel.data.rel.ro._ZTINSt3__19__num_putIwEE
                0x00029550       0x18 /usr/lib/crti.o
 .rel.data.rel.ro._ZTINSt3__17num_putIwNS_19ostreambuf_iteratorIwNS_11char_traitsIwEEEEEE
                0x00029568       0x20 /usr/lib/crti.o
 .rel.data.rel.ro._ZTINSt3__19time_baseE
                0x00029588       0x10 /usr/lib/crti.o
 .rel.data.rel.ro._ZTINSt3__120__time_get_c_storageIcEE
                0x00029598       0x10 /usr/lib/crti.o
 .rel.data.rel.ro._ZTINSt3__18time_getIcNS_19istreambuf_iteratorIcNS_11char_traitsIcEEEEEE
                0x000295a8       0x28 /usr/lib/crti.o
 .rel.data.rel.ro._ZTINSt3__120__time_get_c_storageIwEE
                0x000295d0       0x10 /usr/lib/crti.o
 .rel.data.rel.ro._ZTINSt3__18time_getIwNS_19istreambuf_iteratorIwNS_11char_traitsIwEEEEEE
                0x000295e0       0x28 /usr/lib/crti.o
 .rel.data.rel.ro._ZTINSt3__110__time_getE
                0x00029608       0x10 /usr/lib/crti.o
 .rel.data.rel.ro._ZTINSt3__118__time_get_storageIcEE
                0x00029618       0x18 /usr/lib/crti.o
 .rel.data.rel.ro._ZTINSt3__115time_get_bynameIcNS_19istreambuf_iteratorIcNS_11char_traitsIcEEEEEE
                0x00029630       0x20 /usr/lib/crti.o
 .rel.data.rel.ro._ZTINSt3__118__time_get_storageIwEE
                0x00029650       0x18 /usr/lib/crti.o
 .rel.data.rel.ro._ZTINSt3__115time_get_bynameIwNS_19istreambuf_iteratorIwNS_11char_traitsIwEEEEEE
                0x00029668       0x20 /usr/lib/crti.o
 .rel.data.rel.ro._ZTINSt3__110__time_putE
                0x00029688       0x10 /usr/lib/crti.o
 .rel.data.rel.ro._ZTINSt3__18time_putIcNS_19ostreambuf_iteratorIcNS_11char_traitsIcEEEEEE
                0x00029698       0x20 /usr/lib/crti.o
 .rel.data.rel.ro._ZTINSt3__18time_putIwNS_19ostreambuf_iteratorIwNS_11char_traitsIwEEEEEE
                0x000296b8       0x20 /usr/lib/crti.o
 .rel.data.rel.ro._ZTINSt3__115time_put_bynameIcNS_19ostreambuf_iteratorIcNS_11char_traitsIcEEEEEE
                0x000296d8       0x18 /usr/lib/crti.o
 .rel.data.rel.ro._ZTINSt3__115time_put_bynameIwNS_19ostreambuf_iteratorIwNS_11char_traitsIwEEEEEE
                0x000296f0       0x18 /usr/lib/crti.o
 .rel.data.rel.ro._ZTINSt3__117moneypunct_bynameIcLb0EEE
                0x00029708       0x18 /usr/lib/crti.o
 .rel.data.rel.ro._ZTINSt3__117moneypunct_bynameIcLb1EEE
                0x00029720       0x18 /usr/lib/crti.o
 .rel.data.rel.ro._ZTINSt3__117moneypunct_bynameIwLb0EEE
                0x00029738       0x18 /usr/lib/crti.o
 .rel.data.rel.ro._ZTINSt3__117moneypunct_bynameIwLb1EEE
                0x00029750       0x18 /usr/lib/crti.o
 .rel.data.rel.ro._ZTINSt3__111__money_getIcEE
                0x00029768       0x10 /usr/lib/crti.o
 .rel.data.rel.ro._ZTINSt3__19money_getIcNS_19istreambuf_iteratorIcNS_11char_traitsIcEEEEEE
                0x00029778       0x20 /usr/lib/crti.o
 .rel.data.rel.ro._ZTINSt3__111__money_getIwEE
                0x00029798       0x10 /usr/lib/crti.o
 .rel.data.rel.ro._ZTINSt3__19money_getIwNS_19istreambuf_iteratorIwNS_11char_traitsIwEEEEEE
                0x000297a8       0x20 /usr/lib/crti.o
 .rel.data.rel.ro._ZTINSt3__111__money_putIcEE
                0x000297c8       0x10 /usr/lib/crti.o
 .rel.data.rel.ro._ZTINSt3__19money_putIcNS_19ostreambuf_iteratorIcNS_11char_traitsIcEEEEEE
                0x000297d8       0x20 /usr/lib/crti.o
 .rel.data.rel.ro._ZTINSt3__111__money_putIwEE
                0x000297f8       0x10 /usr/lib/crti.o
 .rel.data.rel.ro._ZTINSt3__19money_putIwNS_19ostreambuf_iteratorIwNS_11char_traitsIwEEEEEE
                0x00029808       0x20 /usr/lib/crti.o
 .rel.data.rel.ro._ZTINSt3__113messages_baseE
                0x00029828       0x10 /usr/lib/crti.o
 .rel.data.rel.ro._ZTINSt3__18messagesIcEE
                0x00029838       0x20 /usr/lib/crti.o
 .rel.data.rel.ro._ZTINSt3__18messagesIwEE
                0x00029858       0x20 /usr/lib/crti.o
 .rel.data.rel.ro._ZTINSt3__115messages_bynameIcEE
                0x00029878       0x18 /usr/lib/crti.o
 .rel.data.rel.ro._ZTINSt3__115messages_bynameIwEE
                0x00029890       0x18 /usr/lib/crti.o
 .rel.data.rel.ro._ZTINSt3__114codecvt_bynameIcc11__mbstate_tEE
                0x000298a8       0x18 /usr/lib/crti.o
 .rel.data.rel.ro._ZTINSt3__114codecvt_bynameIwc11__mbstate_tEE
                0x000298c0       0x18 /usr/lib/crti.o
 .rel.data.rel.ro._ZTINSt3__114codecvt_bynameIDsc11__mbstate_tEE
                0x000298d8       0x18 /usr/lib/crti.o
 .rel.data.rel.ro._ZTINSt3__114codecvt_bynameIDic11__mbstate_tEE
                0x000298f0       0x18 /usr/lib/crti.o
 .rel.data.rel.ro._ZTVNSt3__115__time_get_tempIwEE
                0x00029908       0x80 /usr/lib/crti.o
 .rel.data.rel.ro._ZTINSt3__115__time_get_tempIwEE
                0x00029988       0x18 /usr/lib/crti.o
 .rel.data.rel.ro._ZTVNSt3__115__time_get_tempIcEE
                0x000299a0       0x60 /usr/lib/crti.o
 .rel.data.rel.ro._ZTINSt3__115__time_get_tempIcEE
                0x00029a00       0x18 /usr/lib/crti.o
 .rel.data.rel.ro._ZTVNSt3__19basic_iosIcNS_11char_traitsIcEEEE
                0x00029a18       0x18 /usr/lib/crti.o
 .rel.data.rel.ro._ZTVNSt3__19basic_iosIwNS_11char_traitsIwEEEE
                0x00029a30       0x18 /usr/lib/crti.o
 .rel.data.rel.ro._ZTVNSt3__115basic_streambufIcNS_11char_traitsIcEEEE
                0x00029a48       0x78 /usr/lib/crti.o
 .rel.data.rel.ro._ZTVNSt3__115basic_streambufIwNS_11char_traitsIwEEEE
                0x00029ac0       0x78 /usr/lib/crti.o
 .rel.data.rel.ro._ZTVNSt3__113basic_istreamIcNS_11char_traitsIcEEEE
                0x00029b38       0x30 /usr/lib/crti.o
 .rel.data.rel.ro._ZTTNSt3__113basic_istreamIcNS_11char_traitsIcEEEE
                0x00029b68       0x10 /usr/lib/crti.o
 .rel.data.rel.ro._ZTVNSt3__113basic_istreamIwNS_11char_traitsIwEEEE
                0x00029b78       0x30 /usr/lib/crti.o
 .rel.data.rel.ro._ZTTNSt3__113basic_istreamIwNS_11char_traitsIwEEEE
                0x00029ba8       0x10 /usr/lib/crti.o
 .rel.data.rel.ro._ZTVNSt3__113basic_ostreamIcNS_11char_traitsIcEEEE
                0x00029bb8       0x30 /usr/lib/crti.o
 .rel.data.rel.ro._ZTTNSt3__113basic_ostreamIcNS_11char_traitsIcEEEE
                0x00029be8       0x10 /usr/lib/crti.o
 .rel.data.rel.ro._ZTVNSt3__113basic_ostreamIwNS_11char_traitsIwEEEE
                0x00029bf8       0x30 /usr/lib/crti.o
 .rel.data.rel.ro._ZTTNSt3__113basic_ostreamIwNS_11char_traitsIwEEEE
                0x00029c28       0x10 /usr/lib/crti.o
 .rel.data.rel.ro._ZTVNSt3__114basic_iostreamIcNS_11char_traitsIcEEEE
                0x00029c38       0x48 /usr/lib/crti.o
 .rel.data.rel.ro._ZTTNSt3__114basic_iostreamIcNS_11char_traitsIcEEEE
                0x00029c80       0x38 /usr/lib/crti.o
 .rel.data.rel.ro._ZTINSt3__19basic_iosIcNS_11char_traitsIcEEEE
                0x00029cb8       0x18 /usr/lib/crti.o
 .rel.data.rel.ro._ZTINSt3__19basic_iosIwNS_11char_traitsIwEEEE
                0x00029cd0       0x18 /usr/lib/crti.o
 .rel.data.rel.ro._ZTINSt3__115basic_streambufIcNS_11char_traitsIcEEEE
                0x00029ce8       0x10 /usr/lib/crti.o
 .rel.data.rel.ro._ZTINSt3__115basic_streambufIwNS_11char_traitsIwEEEE
                0x00029cf8       0x10 /usr/lib/crti.o
 .rel.data.rel.ro._ZTINSt3__113basic_istreamIcNS_11char_traitsIcEEEE
                0x00029d08       0x18 /usr/lib/crti.o
 .rel.data.rel.ro._ZTINSt3__113basic_istreamIwNS_11char_traitsIwEEEE
                0x00029d20       0x18 /usr/lib/crti.o
 .rel.data.rel.ro._ZTINSt3__113basic_ostreamIcNS_11char_traitsIcEEEE
                0x00029d38       0x18 /usr/lib/crti.o
 .rel.data.rel.ro._ZTINSt3__113basic_ostreamIwNS_11char_traitsIwEEEE
                0x00029d50       0x18 /usr/lib/crti.o
 .rel.data.rel.ro._ZTCNSt3__114basic_iostreamIcNS_11char_traitsIcEEEE0_NS_13basic_istreamIcS2_EE
                0x00029d68       0x30 /usr/lib/crti.o
 .rel.data.rel.ro._ZTCNSt3__114basic_iostreamIcNS_11char_traitsIcEEEE8_NS_13basic_ostreamIcS2_EE
                0x00029d98       0x30 /usr/lib/crti.o
 .rel.data.rel.ro._ZTINSt3__114basic_iostreamIcNS_11char_traitsIcEEEE
                0x00029dc8       0x20 /usr/lib/crti.o
 *(.rel.data .rel.data.* .rel.gnu.linkonce.d.*)
 .rel.data.rel  0x00029de8       0x18 /usr/lib/crti.o
 .rel.data.DW.ref.__gxx_personality_v0
                0x00029e00        0x8 /usr/lib/crti.o
 *(.rel.tdata .rel.tdata.* .rel.gnu.linkonce.td.*)
 *(.rel.tbss .rel.tbss.* .rel.gnu.linkonce.tb.*)
 *(.rel.ctors)
 .rel.ctors     0x00029e08        0x8 /usr/lib/crti.o
 *(.rel.dtors)
 *(.rel.got)
 .rel.got       0x00029e10      0x638 /usr/lib/crti.o
 *(.rel.bss .rel.bss.* .rel.gnu.linkonce.b.*)
 *(.rel.ifunc)
 .rel.ifunc     0x00000000        0x0 /usr/lib/crti.o
 .rel.eh_frame  0x00000000        0x0 /usr/lib/crti.o

.rel.plt        0x0002a448      0xca0
 *(.rel.plt)
 .rel.plt       0x0002a448      0xca0 /usr/lib/crti.o
 *(.rel.iplt)

.init           0x0002b0f0        0xa
 *(SORT(.init))
 .init          0x0002b0f0        0x3 /usr/lib/crti.o
                0x0002b0f0                _init
 .init          0x0002b0f3        0x5 /usr/lib/crtbeginS.o
 .init          0x0002b0f8        0x2 /usr/lib/crtn.o

.plt            0x0002b100     0x1950
 *(.plt)
 .plt           0x0002b100     0x1950 /usr/lib/crti.o
 *(.iplt)

.text           0x0002ca50    0x6c4e8
                0x0002ca50                PROVIDE (__eprol, .)
 *(.text)
 .text          0x0002ca50        0x0 /usr/lib/crti.o
 .text          0x0002ca50       0xef /usr/lib/crtbeginS.o
 *fill*         0x0002cb3f        0x1 
 .text          0x0002cb40        0x0 libc++_pic.a(rt_terminate.pico)
 .text          0x0002cb40      0x21f libc++_pic.a(valarray.pico)
                0x0002cb40                std::__1::gslice::__init(unsigned int)
 *fill*         0x0002cd5f        0x1 
 .text          0x0002cd60        0x0 libc++_pic.a(utility.pico)
 .text          0x0002cd60        0x0 libc++_pic.a(thread.pico)
 .text          0x0002cd60     0x1091 libc++_pic.a(strstream.pico)
                0x0002cd60                std::__1::strstreambuf::strstreambuf(int)
                0x0002cd60                std::__1::strstreambuf::strstreambuf(int)
                0x0002cdb0                std::__1::strstreambuf::strstreambuf(void* (*)(unsigned int), void (*)(void*))
                0x0002cdb0                std::__1::strstreambuf::strstreambuf(void* (*)(unsigned int), void (*)(void*))
                0x0002ce00                std::__1::strstreambuf::__init(char*, int, char*)
                0x0002ce60                std::__1::strstreambuf::strstreambuf(char*, int, char*)
                0x0002ce60                std::__1::strstreambuf::strstreambuf(char*, int, char*)
                0x0002cf00                std::__1::strstreambuf::strstreambuf(char const*, int)
                0x0002cf00                std::__1::strstreambuf::strstreambuf(char const*, int)
                0x0002cf80                std::__1::strstreambuf::strstreambuf(signed char*, int, signed char*)
                0x0002cf80                std::__1::strstreambuf::strstreambuf(signed char*, int, signed char*)
                0x0002d020                std::__1::strstreambuf::strstreambuf(signed char const*, int)
                0x0002d020                std::__1::strstreambuf::strstreambuf(signed char const*, int)
                0x0002d0a0                std::__1::strstreambuf::strstreambuf(unsigned char*, int, unsigned char*)
                0x0002d0a0                std::__1::strstreambuf::strstreambuf(unsigned char*, int, unsigned char*)
                0x0002d140                std::__1::strstreambuf::strstreambuf(unsigned char const*, int)
                0x0002d140                std::__1::strstreambuf::strstreambuf(unsigned char const*, int)
                0x0002d1c0                std::__1::strstreambuf::~strstreambuf()
                0x0002d1c0                std::__1::strstreambuf::~strstreambuf()
                0x0002d230                std::__1::strstreambuf::~strstreambuf()
                0x0002d2b0                std::__1::strstreambuf::swap(std::__1::strstreambuf&)
                0x0002d310                std::__1::strstreambuf::freeze(bool)
                0x0002d340                std::__1::strstreambuf::str()
                0x0002d360                std::__1::strstreambuf::pcount() const
                0x0002d370                std::__1::strstreambuf::overflow(int)
                0x0002d4b0                std::__1::strstreambuf::pbackfail(int)
                0x0002d500                std::__1::strstreambuf::underflow()
                0x0002d530                std::__1::strstreambuf::seekoff(long long, std::__1::ios_base::seekdir, unsigned int)
                0x0002d6a0                std::__1::strstreambuf::seekpos(std::__1::fpos<__mbstate_t>, unsigned int)
                0x0002d7d0                std::__1::istrstream::~istrstream()
                0x0002d870                std::__1::istrstream::~istrstream()
                0x0002d8b0                virtual thunk to std::__1::istrstream::~istrstream()
                0x0002d900                std::__1::istrstream::~istrstream()
                0x0002d950                virtual thunk to std::__1::istrstream::~istrstream()
                0x0002d9b0                std::__1::ostrstream::~ostrstream()
                0x0002da50                std::__1::ostrstream::~ostrstream()
                0x0002da90                virtual thunk to std::__1::ostrstream::~ostrstream()
                0x0002dae0                std::__1::ostrstream::~ostrstream()
                0x0002db30                virtual thunk to std::__1::ostrstream::~ostrstream()
                0x0002db90                std::__1::strstream::~strstream()
                0x0002dc30                std::__1::strstream::~strstream()
                0x0002dc70                non-virtual thunk to std::__1::strstream::~strstream()
                0x0002dcb0                virtual thunk to std::__1::strstream::~strstream()
                0x0002dd00                std::__1::strstream::~strstream()
                0x0002dd50                non-virtual thunk to std::__1::strstream::~strstream()
                0x0002dda0                virtual thunk to std::__1::strstream::~strstream()
 *fill*         0x0002ddf1        0xf 
 .text          0x0002de00     0x3c85 libc++_pic.a(string.pico)
                0x0002de00                std::__1::stoi(std::__1::basic_string<char, std::__1::char_traits<char>, std::__1::allocator<char> > const&, unsigned int*, int)
                0x0002de70                std::__1::stoi(std::__1::basic_string<wchar_t, std::__1::char_traits<wchar_t>, std::__1::allocator<wchar_t> > const&, unsigned int*, int)
                0x0002dee0                std::__1::stol(std::__1::basic_string<char, std::__1::char_traits<char>, std::__1::allocator<char> > const&, unsigned int*, int)
                0x0002df50                std::__1::stol(std::__1::basic_string<wchar_t, std::__1::char_traits<wchar_t>, std::__1::allocator<wchar_t> > const&, unsigned int*, int)
                0x0002dfc0                std::__1::stoul(std::__1::basic_string<char, std::__1::char_traits<char>, std::__1::allocator<char> > const&, unsigned int*, int)
                0x0002e190                std::__1::stoul(std::__1::basic_string<wchar_t, std::__1::char_traits<wchar_t>, std::__1::allocator<wchar_t> > const&, unsigned int*, int)
                0x0002e370                std::__1::stoll(std::__1::basic_string<char, std::__1::char_traits<char>, std::__1::allocator<char> > const&, unsigned int*, int)
                0x0002e550                std::__1::stoll(std::__1::basic_string<wchar_t, std::__1::char_traits<wchar_t>, std::__1::allocator<wchar_t> > const&, unsigned int*, int)
                0x0002e730                std::__1::stoull(std::__1::basic_string<char, std::__1::char_traits<char>, std::__1::allocator<char> > const&, unsigned int*, int)
                0x0002e910                std::__1::stoull(std::__1::basic_string<wchar_t, std::__1::char_traits<wchar_t>, std::__1::allocator<wchar_t> > const&, unsigned int*, int)
                0x0002eaf0                std::__1::stof(std::__1::basic_string<char, std::__1::char_traits<char>, std::__1::allocator<char> > const&, unsigned int*)
                0x0002ecb0                std::__1::stof(std::__1::basic_string<wchar_t, std::__1::char_traits<wchar_t>, std::__1::allocator<wchar_t> > const&, unsigned int*)
                0x0002ee80                std::__1::stod(std::__1::basic_string<char, std::__1::char_traits<char>, std::__1::allocator<char> > const&, unsigned int*)
                0x0002f040                std::__1::stod(std::__1::basic_string<wchar_t, std::__1::char_traits<wchar_t>, std::__1::allocator<wchar_t> > const&, unsigned int*)
                0x0002f210                std::__1::stold(std::__1::basic_string<char, std::__1::char_traits<char>, std::__1::allocator<char> > const&, unsigned int*)
                0x0002f3e0                std::__1::stold(std::__1::basic_string<wchar_t, std::__1::char_traits<wchar_t>, std::__1::allocator<wchar_t> > const&, unsigned int*)
                0x0002f5b0                std::__1::to_string(int)
                0x0002f780                std::__1::to_string(unsigned int)
                0x0002f950                std::__1::to_string(long)
                0x0002fb20                std::__1::to_string(unsigned long)
                0x0002fcf0                std::__1::to_string(long long)
                0x0002fed0                std::__1::to_string(unsigned long long)
                0x000300b0                std::__1::to_string(float)
                0x00030280                std::__1::to_string(double)
                0x00030450                std::__1::to_string(long double)
                0x00030620                std::__1::to_wstring(int)
                0x00030800                std::__1::to_wstring(unsigned int)
                0x000309e0                std::__1::to_wstring(long)
                0x00030bc0                std::__1::to_wstring(unsigned long)
                0x00030da0                std::__1::to_wstring(long long)
                0x00030f80                std::__1::to_wstring(unsigned long long)
                0x00031160                std::__1::to_wstring(float)
                0x00031360                std::__1::to_wstring(double)
                0x00031550                std::__1::to_wstring(long double)
 *fill*         0x00031a85        0xb 
 .text          0x00031a90      0x2dd libc++_pic.a(regex.pico)
                0x00031a90                std::__1::regex_error::regex_error(std::__1::regex_constants::error_type)
                0x00031a90                std::__1::regex_error::regex_error(std::__1::regex_constants::error_type)
                0x00031af0                std::__1::regex_error::~regex_error()
                0x00031af0                std::__1::regex_error::~regex_error()
                0x00031b10                std::__1::regex_error::~regex_error()
                0x00031b40                std::__1::__get_collation_name(char const*)
                0x00031c10                std::__1::__get_classname(char const*, bool)
                0x00031ce0                std::__1::__match_any_but_newline<char>::__exec(std::__1::__state<char>&) const
                0x00031d20                std::__1::__match_any_but_newline<wchar_t>::__exec(std::__1::__state<wchar_t>&) const
 *fill*         0x00031d6d        0x3 
 .text          0x00031d70      0x177 libc++_pic.a(random.pico)
                0x00031d70                std::__1::random_device::random_device(std::__1::basic_string<char, std::__1::char_traits<char>, std::__1::allocator<char> > const&)
                0x00031d70                std::__1::random_device::random_device(std::__1::basic_string<char, std::__1::char_traits<char>, std::__1::allocator<char> > const&)
                0x00031e20                std::__1::random_device::~random_device()
                0x00031e20                std::__1::random_device::~random_device()
                0x00031e50                std::__1::random_device::operator()()
                0x00031ee0                std::__1::random_device::entropy() const
 *fill*         0x00031ee7        0x9 
 .text          0x00031ef0       0x49 libc++_pic.a(optional.pico)
                0x00031ef0                std::experimental::bad_optional_access::~bad_optional_access()
                0x00031ef0                std::experimental::bad_optional_access::~bad_optional_access()
                0x00031f10                std::experimental::bad_optional_access::~bad_optional_access()
 *fill*         0x00031f39        0x7 
 .text          0x00031f40      0x450 libc++_pic.a(iostream.pico)
                0x00031f40                std::__1::ios_base::Init::Init()
                0x00031f40                std::__1::ios_base::Init::Init()
                0x000322f0                std::__1::ios_base::Init::~Init()
                0x000322f0                std::__1::ios_base::Init::~Init()
 .text          0x00032390        0x0 libc++_pic.a(future.pico)
 .text          0x00032390      0x303 libc++_pic.a(exception.pico)
                0x00032390                std::bad_exception::~bad_exception()
                0x00032390                std::bad_exception::~bad_exception()
                0x000323b0                std::bad_exception::~bad_exception()
                0x000323e0                std::bad_exception::what() const
                0x00032400                std::exception_ptr::~exception_ptr()
                0x00032400                std::exception_ptr::~exception_ptr()
                0x00032430                std::exception_ptr::exception_ptr(std::exception_ptr const&)
                0x00032430                std::exception_ptr::exception_ptr(std::exception_ptr const&)
                0x00032470                std::exception_ptr::operator=(std::exception_ptr const&)
                0x000324c0                std::nested_exception::nested_exception()
                0x000324c0                std::nested_exception::nested_exception()
                0x00032520                std::current_exception()
                0x00032570                std::nested_exception::~nested_exception()
                0x00032570                std::nested_exception::~nested_exception()
                0x000325b0                std::nested_exception::~nested_exception()
                0x000325f0                std::nested_exception::rethrow_nested() const
                0x00032670                std::rethrow_exception(std::exception_ptr)
 *fill*         0x00032693        0xd 
 .text          0x000326a0     0x1509 libc++_pic.a(debug.pico)
                0x000326a0                std::__1::__get_db()
                0x00032750                std::__1::__get_const_db()
                0x00032800                std::__1::__i_node::~__i_node()
                0x00032800                std::__1::__i_node::~__i_node()
                0x00032840                std::__1::__c_node::~__c_node()
                0x00032840                std::__1::__c_node::~__c_node()
                0x00032890                std::__1::__c_node::~__c_node()
                0x000328f0                std::__1::__libcpp_db::__libcpp_db()
                0x000328f0                std::__1::__libcpp_db::__libcpp_db()
                0x00032930                std::__1::__libcpp_db::~__libcpp_db()
                0x00032930                std::__1::__libcpp_db::~__libcpp_db()
                0x000329e0                std::__1::__libcpp_db::__find_c_from_i(void*) const
                0x00032a90                std::__1::__libcpp_db::__find_iterator(void const*) const
                0x00032b10                std::__1::__libcpp_db::__insert_ic(void*, void const*)
                0x00032bc0                std::__1::__libcpp_db::__insert_iterator(void*)
                0x00032d70                std::__1::__c_node::__add(std::__1::__i_node*)
                0x00032e50                std::__1::__libcpp_db::__insert_c(void*)
                0x00033000                std::__1::__libcpp_db::__erase_i(void*)
                0x00033120                std::__1::__c_node::__remove(std::__1::__i_node*)
                0x000331c0                std::__1::__libcpp_db::__invalidate_all(void*)
                0x00033250                std::__1::__libcpp_db::__find_c_and_lock(void*) const
                0x000332d0                std::__1::__libcpp_db::__find_c(void*) const
                0x00033380                std::__1::__libcpp_db::unlock() const
                0x00033390                std::__1::__libcpp_db::__erase_c(void*)
                0x00033470                std::__1::__libcpp_db::__iterator_copy(void*, void const*)
                0x00033650                std::__1::__libcpp_db::__dereferenceable(void const*) const
                0x00033700                std::__1::__libcpp_db::__decrementable(void const*) const
                0x000337b0                std::__1::__libcpp_db::__addable(void const*, int) const
                0x00033860                std::__1::__libcpp_db::__subscriptable(void const*, int) const
                0x00033910                std::__1::__libcpp_db::__less_than_comparable(void const*, void const*) const
                0x00033a10                std::__1::__libcpp_db::swap(void*, void*)
                0x00033ba0                std::__1::__libcpp_db::__insert_i(void*)
 *fill*         0x00033ba9        0x3 
 .text          0x00033bac        0x0 libc++_pic.a(condition_variable.pico)
 *fill*         0x00033bac        0x4 
 .text          0x00033bb0      0x193 libc++_pic.a(chrono.pico)
                0x00033bb0                std::__1::chrono::system_clock::now()
                0x00033c50                std::__1::chrono::system_clock::to_time_t(std::__1::chrono::time_point<std::__1::chrono::system_clock, std::__1::chrono::duration<long long, std::__1::ratio<1ll, 1000000ll> > > const&)
                0x00033c90                std::__1::chrono::system_clock::from_time_t(long long)
                0x00033cc0                std::__1::chrono::steady_clock::now()
 *fill*         0x00033d43        0x1 
 .text          0x00033d44        0x0 libc++_pic.a(bind.pico)
 *fill*         0x00033d44        0xc 
 .text          0x00033d50      0x1cf libc++_pic.a(algorithm.pico)
                0x00033d50                std::__1::__rs_default::__rs_default()
                0x00033d50                std::__1::__rs_default::__rs_default()
                0x00033d70                std::__1::__rs_default::__rs_default(std::__1::__rs_default const&)
                0x00033d70                std::__1::__rs_default::__rs_default(std::__1::__rs_default const&)
                0x00033d90                std::__1::__rs_default::~__rs_default()
                0x00033d90                std::__1::__rs_default::~__rs_default()
                0x00033db0                std::__1::__rs_default::operator()()
                0x00033f00                std::__1::__rs_get()
 *fill*         0x00033f1f        0x1 
 .text          0x00033f20      0x83a libc++_pic.a(hash.pico)
                0x00033f20                std::__1::__next_prime(unsigned int)
 *fill*         0x0003475a        0x6 
 .text          0x00034760      0x318 libc++_pic.a(rt_typeinfo.pico)
                0x00034760                __cxxabiv1::__pbase_type_info::~__pbase_type_info()
                0x00034760                __cxxabiv1::__pbase_type_info::~__pbase_type_info()
                0x00034760                __cxxabiv1::__class_type_info::~__class_type_info()
                0x00034760                __cxxabiv1::__fundamental_type_info::~__fundamental_type_info()
                0x00034760                __cxxabiv1::__si_class_type_info::~__si_class_type_info()
                0x00034760                __cxxabiv1::__pointer_type_info::~__pointer_type_info()
                0x00034760                __cxxabiv1::__pointer_to_member_type_info::~__pointer_to_member_type_info()
                0x00034760                std::type_info::~type_info()
                0x00034760                __cxxabiv1::__array_type_info::~__array_type_info()
                0x00034760                __cxxabiv1::__function_type_info::~__function_type_info()
                0x00034760                __cxxabiv1::__vmi_class_type_info::~__vmi_class_type_info()
                0x00034760                __cxxabiv1::__enum_type_info::~__enum_type_info()
                0x00034760                __cxxabiv1::__fundamental_type_info::~__fundamental_type_info()
                0x00034760                __cxxabiv1::__pointer_type_info::~__pointer_type_info()
                0x00034760                __cxxabiv1::__pointer_to_member_type_info::~__pointer_to_member_type_info()
                0x00034760                __cxxabiv1::__si_class_type_info::~__si_class_type_info()
                0x00034760                __cxxabiv1::__array_type_info::~__array_type_info()
                0x00034760                __cxxabiv1::__class_type_info::~__class_type_info()
                0x00034760                std::type_info::~type_info()
                0x00034760                __cxxabiv1::__vmi_class_type_info::~__vmi_class_type_info()
                0x00034760                __cxxabiv1::__function_type_info::~__function_type_info()
                0x00034760                __cxxabiv1::__enum_type_info::~__enum_type_info()
                0x00034770                std::type_info::~type_info()
                0x00034790                std::type_info::operator==(std::type_info const&) const
                0x000347b0                std::type_info::operator!=(std::type_info const&) const
                0x000347d0                std::type_info::before(std::type_info const&) const
                0x000347f0                std::type_info::name() const
                0x00034800                std::type_info::type_info(std::type_info const&)
                0x00034800                std::type_info::type_info(std::type_info const&)
                0x00034830                std::type_info::operator=(std::type_info const&)
                0x00034870                __cxxabiv1::__fundamental_type_info::~__fundamental_type_info()
                0x00034890                __cxxabiv1::__array_type_info::~__array_type_info()
                0x000348b0                __cxxabiv1::__function_type_info::~__function_type_info()
                0x000348d0                __cxxabiv1::__enum_type_info::~__enum_type_info()
                0x000348f0                __cxxabiv1::__class_type_info::~__class_type_info()
                0x00034910                __cxxabiv1::__si_class_type_info::~__si_class_type_info()
                0x00034930                __cxxabiv1::__vmi_class_type_info::~__vmi_class_type_info()
                0x00034950                __cxxabiv1::__pbase_type_info::~__pbase_type_info()
                0x00034970                __cxxabiv1::__pointer_type_info::~__pointer_type_info()
                0x00034990                __cxxabiv1::__pointer_to_member_type_info::~__pointer_to_member_type_info()
                0x000349b0                __cxa_demangle
 *fill*         0x00034a78        0x8 
 .text          0x00034a80     0x957b libc++_pic.a(rt_libelftc_dem_gnu3.pico)
                0x00034a80                __cxa_demangle_gnu3
 *fill*         0x0003dffb        0x5 
 .text          0x0003e000    0x153ad libc++_pic.a(locale.pico)
                0x0003e000                std::__1::__narrow_to_utf8<16u>::~__narrow_to_utf8()
                0x0003e000                std::__1::codecvt<char16_t, char, __mbstate_t>::~codecvt()
                0x0003e000                std::__1::codecvt<char16_t, char, __mbstate_t>::~codecvt()
                0x0003e000                std::__1::__widen_from_utf8<16u>::~__widen_from_utf8()
                0x0003e000                std::__1::__narrow_to_utf8<16u>::~__narrow_to_utf8()
                0x0003e000                std::__1::__widen_from_utf8<32u>::~__widen_from_utf8()
                0x0003e000                std::__1::codecvt<char, char, __mbstate_t>::~codecvt()
                0x0003e000                std::__1::locale::facet::~facet()
                0x0003e000                std::__1::locale::facet::~facet()
                0x0003e000                std::__1::ctype<wchar_t>::~ctype()
                0x0003e000                std::__1::__widen_from_utf8<32u>::~__widen_from_utf8()
                0x0003e000                std::__1::codecvt<char32_t, char, __mbstate_t>::~codecvt()
                0x0003e000                std::__1::__narrow_to_utf8<32u>::~__narrow_to_utf8()
                0x0003e000                std::__1::codecvt<char32_t, char, __mbstate_t>::~codecvt()
                0x0003e000                std::__1::ctype<wchar_t>::~ctype()
                0x0003e000                std::__1::codecvt<char, char, __mbstate_t>::~codecvt()
                0x0003e000                std::__1::__narrow_to_utf8<32u>::~__narrow_to_utf8()
                0x0003e000                std::__1::__widen_from_utf8<16u>::~__widen_from_utf8()
                0x0003e020                std::__1::__num_put_base::__format_int(char*, char const*, bool, unsigned int)
                0x0003e090                std::__1::__num_put_base::__identify_padding(char*, char*, std::__1::ios_base const&)
                0x0003e0f0                std::__1::__num_put_base::__format_float(char*, char const*, unsigned int)
                0x0003e1b0                std::__1::__time_get_storage<char>::__time_get_storage(char const*)
                0x0003e1b0                std::__1::__time_get_storage<char>::__time_get_storage(char const*)
                0x0003e970                std::__1::__time_get_storage<char>::__time_get_storage(std::__1::basic_string<char, std::__1::char_traits<char>, std::__1::allocator<char> > const&)
                0x0003e970                std::__1::__time_get_storage<char>::__time_get_storage(std::__1::basic_string<char, std::__1::char_traits<char>, std::__1::allocator<char> > const&)
                0x0003f130                std::__1::__time_get_storage<char>::__do_date_order() const
                0x0003f4a0                std::__1::__time_get_storage<wchar_t>::__time_get_storage(char const*)
                0x0003f4a0                std::__1::__time_get_storage<wchar_t>::__time_get_storage(char const*)
                0x0003fca0                std::__1::__time_get_storage<wchar_t>::__time_get_storage(std::__1::basic_string<char, std::__1::char_traits<char>, std::__1::allocator<char> > const&)
                0x0003fca0                std::__1::__time_get_storage<wchar_t>::__time_get_storage(std::__1::basic_string<char, std::__1::char_traits<char>, std::__1::allocator<char> > const&)
                0x000404a0                std::__1::__time_get_storage<wchar_t>::__do_date_order() const
                0x00040780                std::__1::__time_put::~__time_put()
                0x00040780                std::__1::__time_put::~__time_put()
                0x000407c0                std::__1::__time_put::__do_put(char*, char*&, tm const*, char, char) const
                0x00040830                std::__1::__time_put::__time_put(char const*)
                0x00040830                std::__1::__time_put::__time_put(char const*)
                0x00040990                std::__1::__time_put::__time_put(std::__1::basic_string<char, std::__1::char_traits<char>, std::__1::allocator<char> > const&)
                0x00040990                std::__1::__time_put::__time_put(std::__1::basic_string<char, std::__1::char_traits<char>, std::__1::allocator<char> > const&)
                0x00040a80                std::__1::__time_put::__do_put(wchar_t*, wchar_t*&, tm const*, char, char) const
                0x00040b60                std::__1::moneypunct_byname<char, false>::init(char const*)
                0x00040e70                std::__1::moneypunct_byname<char, true>::init(char const*)
                0x00041180                std::__1::moneypunct_byname<wchar_t, false>::init(char const*)
                0x000416f0                std::__1::moneypunct_byname<wchar_t, true>::init(char const*)
                0x00041c60                std::__1::__do_nothing(void*)
                0x00041c70                std::__1::__throw_runtime_error(char const*)
                0x00041cd0                std::__1::__check_grouping(std::__1::basic_string<char, std::__1::char_traits<char>, std::__1::allocator<char> > const&, unsigned int*, unsigned int*, unsigned int&)
                0x00041dc0                std::__1::codecvt<wchar_t, char, __mbstate_t>::codecvt(char const*, unsigned int)
                0x00041dc0                std::__1::codecvt<wchar_t, char, __mbstate_t>::codecvt(char const*, unsigned int)
                0x00041f40                std::__1::locale::__imp::__imp(unsigned int)
                0x00041f40                std::__1::locale::__imp::__imp(unsigned int)
                0x00043110                std::__1::locale::__imp::__imp(std::__1::basic_string<char, std::__1::char_traits<char>, std::__1::allocator<char> > const&, unsigned int)
                0x00043110                std::__1::locale::__imp::__imp(std::__1::basic_string<char, std::__1::char_traits<char>, std::__1::allocator<char> > const&, unsigned int)
                0x00044370                std::__1::locale::classic()
                0x00044400                std::__1::locale::__imp::__imp(std::__1::locale::__imp const&)
                0x00044400                std::__1::locale::__imp::__imp(std::__1::locale::__imp const&)
                0x00044530                std::__1::locale::__imp::__imp(std::__1::locale::__imp const&, std::__1::basic_string<char, std::__1::char_traits<char>, std::__1::allocator<char> > const&, int)
                0x00044530                std::__1::locale::__imp::__imp(std::__1::locale::__imp const&, std::__1::basic_string<char, std::__1::char_traits<char>, std::__1::allocator<char> > const&, int)
                0x00045770                std::__1::locale::__imp::__imp(std::__1::locale::__imp const&, std::__1::locale::__imp const&, int)
                0x00045770                std::__1::locale::__imp::__imp(std::__1::locale::__imp const&, std::__1::locale::__imp const&, int)
                0x00046ef0                std::__1::locale::__imp::__imp(std::__1::locale::__imp const&, std::__1::locale::facet*, long)
                0x00046ef0                std::__1::locale::__imp::__imp(std::__1::locale::__imp const&, std::__1::locale::facet*, long)
                0x00047090                std::__1::locale::__imp::install(std::__1::locale::facet*, long)
                0x00047150                std::__1::locale::__imp::~__imp()
                0x00047150                std::__1::locale::__imp::~__imp()
                0x00047200                std::__1::locale::__imp::~__imp()
                0x00047230                std::__1::locale::__imp::use_facet(long) const
                0x000472a0                std::__1::locale::__imp::make_classic()
                0x000472e0                std::__1::locale::__imp::make_global()
                0x00047380                std::__1::locale::__global()
                0x000473f0                std::__1::locale::locale()
                0x000473f0                std::__1::locale::locale()
                0x00047470                std::__1::locale::locale(std::__1::locale const&)
                0x00047470                std::__1::locale::locale(std::__1::locale const&)
                0x000474a0                std::__1::locale::~locale()
                0x000474a0                std::__1::locale::~locale()
                0x000474d0                std::__1::locale::operator=(std::__1::locale const&)
                0x00047510                std::__1::locale::locale(char const*)
                0x00047510                std::__1::locale::locale(char const*)
                0x00047620                std::__1::locale::locale(std::__1::basic_string<char, std::__1::char_traits<char>, std::__1::allocator<char> > const&)
                0x00047620                std::__1::locale::locale(std::__1::basic_string<char, std::__1::char_traits<char>, std::__1::allocator<char> > const&)
                0x00047690                std::__1::locale::locale(std::__1::locale const&, char const*, int)
                0x00047690                std::__1::locale::locale(std::__1::locale const&, char const*, int)
                0x000477b0                std::__1::locale::locale(std::__1::locale const&, std::__1::basic_string<char, std::__1::char_traits<char>, std::__1::allocator<char> > const&, int)
                0x000477b0                std::__1::locale::locale(std::__1::locale const&, std::__1::basic_string<char, std::__1::char_traits<char>, std::__1::allocator<char> > const&, int)
                0x00047820                std::__1::locale::locale(std::__1::locale const&, std::__1::locale const&, int)
                0x00047820                std::__1::locale::locale(std::__1::locale const&, std::__1::locale const&, int)
                0x00047890                std::__1::locale::name() const
                0x000478d0                std::__1::locale::__install_ctor(std::__1::locale const&, std::__1::locale::facet*, long)
                0x00047950                std::__1::locale::global(std::__1::locale const&)
                0x00047a90                std::__1::locale::has_facet(std::__1::locale::id&) const
                0x00047b30                std::__1::locale::id::__get()
                0x00047ba0                std::__1::locale::use_facet(std::__1::locale::id&) const
                0x00047c60                std::__1::locale::operator==(std::__1::locale const&) const
                0x00047d70                std::__1::locale::facet::~facet()
                0x00047da0                std::__1::locale::facet::__on_zero_shared()
                0x00047dc0                std::__1::locale::id::__init()
                0x00047df0                std::__1::collate_byname<char>::collate_byname(char const*, unsigned int)
                0x00047df0                std::__1::collate_byname<char>::collate_byname(char const*, unsigned int)
                0x00047f70                std::__1::collate_byname<char>::collate_byname(std::__1::basic_string<char, std::__1::char_traits<char>, std::__1::allocator<char> > const&, unsigned int)
                0x00047f70                std::__1::collate_byname<char>::collate_byname(std::__1::basic_string<char, std::__1::char_traits<char>, std::__1::allocator<char> > const&, unsigned int)
                0x00048080                std::__1::collate_byname<char>::~collate_byname()
                0x00048080                std::__1::collate_byname<char>::~collate_byname()
                0x000480d0                std::__1::collate_byname<char>::~collate_byname()
                0x00048130                std::__1::collate_byname<char>::do_compare(char const*, char const*, char const*, char const*) const
                0x00048320                std::__1::collate_byname<char>::do_transform(char const*, char const*) const
                0x000484b0                std::__1::collate_byname<wchar_t>::collate_byname(char const*, unsigned int)
                0x000484b0                std::__1::collate_byname<wchar_t>::collate_byname(char const*, unsigned int)
                0x00048630                std::__1::collate_byname<wchar_t>::collate_byname(std::__1::basic_string<char, std::__1::char_traits<char>, std::__1::allocator<char> > const&, unsigned int)
                0x00048630                std::__1::collate_byname<wchar_t>::collate_byname(std::__1::basic_string<char, std::__1::char_traits<char>, std::__1::allocator<char> > const&, unsigned int)
                0x00048740                std::__1::collate_byname<wchar_t>::~collate_byname()
                0x00048740                std::__1::collate_byname<wchar_t>::~collate_byname()
                0x00048790                std::__1::collate_byname<wchar_t>::~collate_byname()
                0x000487f0                std::__1::collate_byname<wchar_t>::do_compare(wchar_t const*, wchar_t const*, wchar_t const*, wchar_t const*) const
                0x00048a40                std::__1::collate_byname<wchar_t>::do_transform(wchar_t const*, wchar_t const*) const
                0x00048c10                std::__1::ctype<wchar_t>::~ctype()
                0x00048c40                std::__1::ctype<wchar_t>::do_is(unsigned short, wchar_t) const
                0x00048c80                std::__1::ctype<char>::classic_table()
                0x00048ca0                std::__1::ctype<wchar_t>::do_is(wchar_t const*, wchar_t const*, unsigned short*) const
                0x00048d10                std::__1::ctype<wchar_t>::do_scan_is(unsigned short, wchar_t const*, wchar_t const*) const
                0x00048d60                std::__1::ctype<wchar_t>::do_scan_not(unsigned short, wchar_t const*, wchar_t const*) const
                0x00048db0                std::__1::ctype<wchar_t>::do_toupper(wchar_t) const
                0x00048de0                std::__1::ctype<char>::__classic_upper_table()
                0x00048e00                std::__1::ctype<wchar_t>::do_toupper(wchar_t*, wchar_t const*) const
                0x00048e50                std::__1::ctype<wchar_t>::do_tolower(wchar_t) const
                0x00048e80                std::__1::ctype<char>::__classic_lower_table()
                0x00048ea0                std::__1::ctype<wchar_t>::do_tolower(wchar_t*, wchar_t const*) const
                0x00048ef0                std::__1::ctype<wchar_t>::do_widen(char) const
                0x00048f00                std::__1::ctype<wchar_t>::do_widen(char const*, char const*, wchar_t*) const
                0x00048f40                std::__1::ctype<wchar_t>::do_narrow(wchar_t, char) const
                0x00048f60                std::__1::ctype<wchar_t>::do_narrow(wchar_t const*, wchar_t const*, char, char*) const
                0x00048fa0                std::__1::ctype<char>::ctype(unsigned short const*, bool, unsigned int)
                0x00048fa0                std::__1::ctype<char>::ctype(unsigned short const*, bool, unsigned int)
                0x00048ff0                std::__1::ctype<char>::~ctype()
                0x00048ff0                std::__1::ctype<char>::~ctype()
                0x00049040                std::__1::ctype<char>::~ctype()
                0x00049090                std::__1::ctype<char>::do_toupper(char) const
                0x000490b0                std::__1::ctype<char>::do_toupper(char*, char const*) const
                0x00049110                std::__1::ctype<char>::do_tolower(char) const
                0x00049130                std::__1::ctype<char>::do_tolower(char*, char const*) const
                0x00049180                std::__1::ctype<char>::do_widen(char) const
                0x00049190                std::__1::ctype<char>::do_widen(char const*, char const*, char*) const
                0x000491c0                std::__1::ctype<char>::do_narrow(char, char) const
                0x000491e0                std::__1::ctype<char>::do_narrow(char const*, char const*, char, char*) const
                0x00049220                std::__1::ctype_byname<char>::ctype_byname(char const*, unsigned int)
                0x00049220                std::__1::ctype_byname<char>::ctype_byname(char const*, unsigned int)
                0x000493d0                std::__1::ctype_byname<char>::ctype_byname(std::__1::basic_string<char, std::__1::char_traits<char>, std::__1::allocator<char> > const&, unsigned int)
                0x000493d0                std::__1::ctype_byname<char>::ctype_byname(std::__1::basic_string<char, std::__1::char_traits<char>, std::__1::allocator<char> > const&, unsigned int)
                0x00049510                std::__1::ctype_byname<char>::~ctype_byname()
                0x00049540                std::__1::ctype_byname<char>::do_toupper(char) const
                0x00049580                std::__1::ctype_byname<char>::do_toupper(char*, char const*) const
                0x000495d0                std::__1::ctype_byname<char>::do_tolower(char) const
                0x00049610                std::__1::ctype_byname<char>::do_tolower(char*, char const*) const
                0x00049660                std::__1::ctype_byname<wchar_t>::ctype_byname(char const*, unsigned int)
                0x00049660                std::__1::ctype_byname<wchar_t>::ctype_byname(char const*, unsigned int)
                0x000497e0                std::__1::ctype_byname<wchar_t>::ctype_byname(std::__1::basic_string<char, std::__1::char_traits<char>, std::__1::allocator<char> > const&, unsigned int)
                0x000497e0                std::__1::ctype_byname<wchar_t>::ctype_byname(std::__1::basic_string<char, std::__1::char_traits<char>, std::__1::allocator<char> > const&, unsigned int)
                0x000498f0                std::__1::ctype_byname<wchar_t>::~ctype_byname()
                0x00049950                std::__1::ctype_byname<wchar_t>::do_is(unsigned short, wchar_t) const
                0x00049b00                std::__1::ctype_byname<wchar_t>::do_is(wchar_t const*, wchar_t const*, unsigned short*) const
                0x00049c90                std::__1::ctype_byname<wchar_t>::do_scan_is(unsigned short, wchar_t const*, wchar_t const*) const
                0x00049e60                std::__1::ctype_byname<wchar_t>::do_scan_not(unsigned short, wchar_t const*, wchar_t const*) const
                0x0004a040                std::__1::ctype_byname<wchar_t>::do_toupper(wchar_t) const
                0x0004a070                std::__1::ctype_byname<wchar_t>::do_toupper(wchar_t*, wchar_t const*) const
                0x0004a0d0                std::__1::ctype_byname<wchar_t>::do_tolower(wchar_t) const
                0x0004a100                std::__1::ctype_byname<wchar_t>::do_tolower(wchar_t*, wchar_t const*) const
                0x0004a160                std::__1::ctype_byname<wchar_t>::do_widen(char) const
                0x0004a190                std::__1::ctype_byname<wchar_t>::do_widen(char const*, char const*, wchar_t*) const
                0x0004a1f0                std::__1::ctype_byname<wchar_t>::do_narrow(wchar_t, char) const
                0x0004a230                std::__1::ctype_byname<wchar_t>::do_narrow(wchar_t const*, wchar_t const*, char, char*) const
                0x0004a2a0                std::__1::codecvt<char, char, __mbstate_t>::~codecvt()
                0x0004a2d0                std::__1::codecvt<char, char, __mbstate_t>::do_out(__mbstate_t&, char const*, char const*, char const*&, char*, char*, char*&) const
                0x0004a2f0                std::__1::codecvt<char, char, __mbstate_t>::do_in(__mbstate_t&, char const*, char const*, char const*&, char*, char*, char*&) const
                0x0004a310                std::__1::codecvt<char, char, __mbstate_t>::do_unshift(__mbstate_t&, char*, char*, char*&) const
                0x0004a330                std::__1::codecvt<char, char, __mbstate_t>::do_encoding() const
                0x0004a340                std::__1::codecvt<char, char, __mbstate_t>::do_always_noconv() const
                0x0004a350                std::__1::codecvt<char, char, __mbstate_t>::do_length(__mbstate_t&, char const*, char const*, unsigned int) const
                0x0004a370                std::__1::codecvt<char, char, __mbstate_t>::do_max_length() const
                0x0004a380                std::__1::codecvt<wchar_t, char, __mbstate_t>::codecvt(unsigned int)
                0x0004a380                std::__1::codecvt<wchar_t, char, __mbstate_t>::codecvt(unsigned int)
                0x0004a3b0                std::__1::codecvt<wchar_t, char, __mbstate_t>::~codecvt()
                0x0004a410                std::__1::codecvt<wchar_t, char, __mbstate_t>::do_out(__mbstate_t&, wchar_t const*, wchar_t const*, wchar_t const*&, char*, char*, char*&) const
                0x0004a690                std::__1::codecvt<wchar_t, char, __mbstate_t>::do_in(__mbstate_t&, char const*, char const*, char const*&, wchar_t*, wchar_t*, wchar_t*&) const
                0x0004a8e0                std::__1::codecvt<wchar_t, char, __mbstate_t>::do_unshift(__mbstate_t&, char*, char*, char*&) const
                0x0004a980                std::__1::codecvt<wchar_t, char, __mbstate_t>::do_encoding() const
                0x0004aa00                std::__1::codecvt<wchar_t, char, __mbstate_t>::do_always_noconv() const
                0x0004aa10                std::__1::codecvt<wchar_t, char, __mbstate_t>::do_length(__mbstate_t&, char const*, char const*, unsigned int) const
                0x0004aab0                std::__1::codecvt<wchar_t, char, __mbstate_t>::do_max_length() const
                0x0004aaf0                std::__1::codecvt<char16_t, char, __mbstate_t>::~codecvt()
                0x0004ab20                std::__1::codecvt<char16_t, char, __mbstate_t>::do_out(__mbstate_t&, char16_t const*, char16_t const*, char16_t const*&, char*, char*, char*&) const
                0x0004ae00                std::__1::codecvt<char16_t, char, __mbstate_t>::do_in(__mbstate_t&, char const*, char const*, char const*&, char16_t*, char16_t*, char16_t*&) const
                0x0004b200                std::__1::codecvt<char16_t, char, __mbstate_t>::do_unshift(__mbstate_t&, char*, char*, char*&) const
                0x0004b220                std::__1::codecvt<char16_t, char, __mbstate_t>::do_encoding() const
                0x0004b230                std::__1::codecvt<char16_t, char, __mbstate_t>::do_always_noconv() const
                0x0004b240                std::__1::codecvt<char16_t, char, __mbstate_t>::do_length(__mbstate_t&, char const*, char const*, unsigned int) const
                0x0004b4f0                std::__1::codecvt<char16_t, char, __mbstate_t>::do_max_length() const
                0x0004b500                std::__1::codecvt<char32_t, char, __mbstate_t>::~codecvt()
                0x0004b530                std::__1::codecvt<char32_t, char, __mbstate_t>::do_out(__mbstate_t&, char32_t const*, char32_t const*, char32_t const*&, char*, char*, char*&) const
                0x0004b740                std::__1::codecvt<char32_t, char, __mbstate_t>::do_in(__mbstate_t&, char const*, char const*, char const*&, char32_t*, char32_t*, char32_t*&) const
                0x0004bac0                std::__1::codecvt<char32_t, char, __mbstate_t>::do_unshift(__mbstate_t&, char*, char*, char*&) const
                0x0004bae0                std::__1::codecvt<char32_t, char, __mbstate_t>::do_encoding() const
                0x0004baf0                std::__1::codecvt<char32_t, char, __mbstate_t>::do_always_noconv() const
                0x0004bb00                std::__1::codecvt<char32_t, char, __mbstate_t>::do_length(__mbstate_t&, char const*, char const*, unsigned int) const
                0x0004bda0                std::__1::codecvt<char32_t, char, __mbstate_t>::do_max_length() const
                0x0004bdb0                std::__1::__codecvt_utf8<wchar_t>::do_out(__mbstate_t&, wchar_t const*, wchar_t const*, wchar_t const*&, char*, char*, char*&) const
                0x0004be20                std::__1::__codecvt_utf8<wchar_t>::do_in(__mbstate_t&, char const*, char const*, char const*&, wchar_t*, wchar_t*, wchar_t*&) const
                0x0004be90                std::__1::__codecvt_utf8<wchar_t>::do_unshift(__mbstate_t&, char*, char*, char*&) const
                0x0004beb0                std::__1::__codecvt_utf8<wchar_t>::do_encoding() const
                0x0004bec0                std::__1::__codecvt_utf8<wchar_t>::do_always_noconv() const
                0x0004bed0                std::__1::__codecvt_utf8<wchar_t>::do_length(__mbstate_t&, char const*, char const*, unsigned int) const
                0x0004bf10                std::__1::__codecvt_utf8<wchar_t>::do_max_length() const
                0x0004bf30                std::__1::__codecvt_utf8<char16_t>::do_out(__mbstate_t&, char16_t const*, char16_t const*, char16_t const*&, char*, char*, char*&) const