Archive member included because of file (symbol)

libGBK2K_pic.a(citrus_gbk2k.pico)
                              (--whole-archive)

Discarded input sections

 .note.GNU-stack
                0x00000000        0x0 libGBK2K_pic.a(citrus_gbk2k.pico)

Memory Configuration

Name             Origin             Length             Attributes
*default*        0x00000000         0xffffffff

Linker script and memory map

LOAD /usr/lib/crti.o
LOAD /usr/lib/crtbeginS.o
LOAD libGBK2K_pic.a
LOAD /usr/lib/libc.so
LOAD /usr/lib/crtendS.o
LOAD /usr/lib/crtn.o
                0x000000f4                . = (0x0 + SIZEOF_HEADERS)

.note.gnu.build-id
 *(.note.gnu.build-id)

.hash           0x000000f4       0x98
 *(.hash)
 .hash          0x000000f4       0x98 /usr/lib/crti.o

.gnu.hash
 *(.gnu.hash)

.dynsym         0x0000018c      0x130
 *(.dynsym)
 .dynsym        0x0000018c      0x130 /usr/lib/crti.o

.dynstr         0x000002bc      0x138
 *(.dynstr)
 .dynstr        0x000002bc      0x138 /usr/lib/crti.o

.gnu.version    0x000003f4        0x0
 *(.gnu.version)
 .gnu.version   0x00000000        0x0 /usr/lib/crti.o

.gnu.version_d  0x000003f4        0x0
 *(.gnu.version_d)
 .gnu.version_d
                0x00000000        0x0 /usr/lib/crti.o

.gnu.version_r  0x000003f4        0x0
 *(.gnu.version_r)
 .gnu.version_r
                0x00000000        0x0 /usr/lib/crti.o

.rel.dyn        0x000003f4      0x118
 *(.rel.init)
 *(.rel.text .rel.text.* .rel.gnu.linkonce.t.*)
 *(.rel.fini)
 *(.rel.rodata .rel.rodata.* .rel.gnu.linkonce.r.*)
 *(.rel.data.rel.ro .rel.data.rel.ro.* .rel.gnu.linkonce.d.rel.ro.*)
 *(.rel.data .rel.data.* .rel.gnu.linkonce.d.*)
 .rel.data.rel  0x000003f4        0x8 /usr/lib/crti.o
 .rel.data.rel.local
                0x000003fc       0xd8 /usr/lib/crti.o
 *(.rel.tdata .rel.tdata.* .rel.gnu.linkonce.td.*)
 *(.rel.tbss .rel.tbss.* .rel.gnu.linkonce.tb.*)
 *(.rel.ctors)
 *(.rel.dtors)
 *(.rel.got)
 .rel.got       0x000004d4       0x38 /usr/lib/crti.o
 *(.rel.bss .rel.bss.* .rel.gnu.linkonce.b.*)
 *(.rel.ifunc)
 .rel.ifunc     0x00000000        0x0 /usr/lib/crti.o

.rel.plt        0x0000050c       0x48
 *(.rel.plt)
 .rel.plt       0x0000050c       0x48 /usr/lib/crti.o
 *(.rel.iplt)

.init           0x00000560        0xa
 *(SORT(.init))
 .init          0x00000560        0x3 /usr/lib/crti.o
                0x00000560                _init
 .init          0x00000563        0x5 /usr/lib/crtbeginS.o
 .init          0x00000568        0x2 /usr/lib/crtn.o

.plt            0x00000570       0xa0
 *(.plt)
 .plt           0x00000570       0xa0 /usr/lib/crti.o
 *(.iplt)

.text           0x00000610     0x1754
                0x00000610                PROVIDE (__eprol, .)
 *(.text)
 .text          0x00000610        0x0 /usr/lib/crti.o
 .text          0x00000610       0xef /usr/lib/crtbeginS.o
 *fill*         0x000006ff        0x1 
 .text          0x00000700     0x1664 libGBK2K_pic.a(citrus_gbk2k.pico)
                0x000015b0                _citrus_GBK2K_ctype_getops
                0x00001920                _citrus_GBK2K_stdenc_getops
 .text          0x00001d64        0x0 /usr/lib/crtendS.o
 .text          0x00001d64        0x0 /usr/lib/crtn.o
 *(.text.unlikely .text.*_unlikely)
 *(.text.exit .text.exit.*)
 *(.text.startup .text.startup.*)
 *(.text.hot .text.hot.*)
 *(.stub .text.* .gnu.linkonce.t.*)
 *(.gnu.warning)

.fini           0x00001d70        0xa
 *(SORT(.fini))
 .fini          0x00001d70        0x3 /usr/lib/crti.o
                0x00001d70                _fini
 .fini          0x00001d73        0x5 /usr/lib/crtbeginS.o
 .fini          0x00001d78        0x2 /usr/lib/crtn.o
                0x00001d7a                PROVIDE (__etext, .)
                0x00001d7a                PROVIDE (_etext, .)
                0x00001d7a                PROVIDE (etext, .)

.rodata         0x00001d7c       0x38
 *(.rodata .rodata.* .gnu.linkonce.r.*)
 .rodata        0x00001d7c       0x30 libGBK2K_pic.a(citrus_gbk2k.pico)
 .rodata.str1.1
                0x00001dac        0x8 libGBK2K_pic.a(citrus_gbk2k.pico)

.rodata1
 *(.rodata1)

.eh_frame_hdr   0x00001db4      0x10c
 *(.eh_frame_hdr)
 .eh_frame_hdr  0x00001db4      0x10c libGBK2K_pic.a(citrus_gbk2k.pico)

.eh_frame       0x00001ec0      0x41c
 *(.eh_frame)
 .eh_frame      0x00001ec0       0x3c /usr/lib/crti.o
                                 0x40 (size before relaxing)
 .eh_frame      0x00001efc        0x0 /usr/lib/crtbeginS.o
 .eh_frame      0x00001efc      0x3dc libGBK2K_pic.a(citrus_gbk2k.pico)
 .eh_frame      0x000022d8        0x4 /usr/lib/crtendS.o

.note.netbsd.ident
                0x000022dc       0x18
 .note.netbsd.ident
                0x000022dc       0x18 /usr/lib/crti.o

.note.netbsd.pax
                0x000022f4       0x14
 .note.netbsd.pax
                0x000022f4       0x14 /usr/lib/crti.o

.gcc_except_table
 *(.gcc_except_table .gcc_except_table.*)

.exception_ranges
 *(.exception_ranges .exception_ranges*)
                0x00002308                . = (ALIGN (0x1000) - ((0x1000 - .) & 0xfff))
                0x00003308                . = DATA_SEGMENT_ALIGN (0x1000, 0x1000)

.eh_frame
 *(.eh_frame)

.gcc_except_table
 *(.gcc_except_table .gcc_except_table.*)

.exception_ranges
 *(.exception_ranges .exception_ranges*)

.tdata
 *(.tdata .tdata.* .gnu.linkonce.td.*)

.tbss
 *(.tbss .tbss.* .gnu.linkonce.tb.*)
 *(.tcommon)

.preinit_array
 *(.preinit_array)

.init_array
 *(SORT(.init_array.*))
 *(.init_array)

.fini_array
 *(SORT(.fini_array.*))
 *(.fini_array)

.ctors          0x00003308        0x8
 *crtbegin.o(.ctors)
 *crtbegin?.o(.ctors)
 .ctors         0x00003308        0x4 /usr/lib/crtbeginS.o
 *(EXCLUDE_FILE(*crtend?.o *crtend.o) .ctors)
 *(SORT(.ctors.*))
 *(.ctors)
 .ctors         0x0000330c        0x4 /usr/lib/crtendS.o
                0x0000330c                __CTOR_LIST_END__

.dtors          0x00003310        0x8
 *crtbegin.o(.dtors)
 *crtbegin?.o(.dtors)
 .dtors         0x00003310        0x4 /usr/lib/crtbeginS.o
 *(EXCLUDE_FILE(*crtend?.o *crtend.o) .dtors)
 *(SORT(.dtors.*))
 *(.dtors)
 .dtors         0x00003314        0x4 /usr/lib/crtendS.o

.jcr            0x00003318        0x4
 *(.jcr)
 .jcr           0x00003318        0x0 /usr/lib/crtbeginS.o
 .jcr           0x00003318        0x4 /usr/lib/crtendS.o

.data.rel.ro
 *(.data.rel.ro.local* .gnu.linkonce.d.rel.ro.local.*)
 *(.data.rel.ro .data.rel.ro.* .gnu.linkonce.d.rel.ro.*)

.dynamic        0x0000331c       0xb8
 *(.dynamic)
 .dynamic       0x0000331c       0xb8 /usr/lib/crti.o
                0x0000331c                _DYNAMIC

.got            0x000033d4       0x1c
 *(.got)
 .got           0x000033d4       0x1c /usr/lib/crti.o
 *(.igot)
                0x000033f0                . = DATA_SEGMENT_RELRO_END (., (SIZEOF (.got.plt) >= 0xc)?0xc:0x0)

.got.plt        0x000033f0       0x30
 *(.got.plt)
 .got.plt       0x000033f0       0x30 /usr/lib/crti.o
                0x000033f0                _GLOBAL_OFFSET_TABLE_
 *(.igot.plt)

.data           0x00003420       0x9c
 *(.data .data.* .gnu.linkonce.d.*)
 .data          0x00003420        0x0 /usr/lib/crti.o
 .data          0x00003420        0x0 /usr/lib/crtbeginS.o
 .data.rel      0x00003420       0x26 /usr/lib/crtbeginS.o
                0x00003420                __dso_handle
 *fill*         0x00003446        0x2 
 .data          0x00003448        0x0 libGBK2K_pic.a(citrus_gbk2k.pico)
 .data.rel.local
                0x00003448       0x74 libGBK2K_pic.a(citrus_gbk2k.pico)
                0x00003448                _citrus_GBK2K_ctype_ops
                0x00003494                _citrus_GBK2K_stdenc_ops
 .data          0x000034bc        0x0 /usr/lib/crtendS.o
 .data          0x000034bc        0x0 /usr/lib/crtn.o

.data1
 *(.data1)
                0x000034bc                _edata = .
                0x000034bc                PROVIDE (edata, .)
                0x000034bc                . = .
                0x000034bc                __bss_start = .

.bss            0x000034bc        0x0
 *(.dynbss)
 .dynbss        0x00000000        0x0 /usr/lib/crti.o
 *(.bss .bss.* .gnu.linkonce.b.*)
 .bss           0x000034bc        0x0 /usr/lib/crti.o
 .bss           0x000034bc        0x0 /usr/lib/crtbeginS.o
 .bss           0x000034bc        0x0 libGBK2K_pic.a(citrus_gbk2k.pico)
 .bss           0x000034bc        0x0 /usr/lib/crtendS.o
 .bss           0x000034bc        0x0 /usr/lib/crtn.o
 *(COMMON)
                0x000034bc                . = ALIGN ((. != 0x0)?0x4:0x1)
                0x000034bc                . = ALIGN (0x4)
                0x000034bc                . = ALIGN (0x4)
                0x000034bc                _end = .
                0x000034bc                PROVIDE (end, .)
                0x000034bc                . = DATA_SEGMENT_END (.)

.stab
 *(.stab)

.stabstr
 *(.stabstr)

.stab.excl
 *(.stab.excl)

.stab.exclstr
 *(.stab.exclstr)

.stab.index
 *(.stab.index)

.stab.indexstr
 *(.stab.indexstr)

.comment        0x00000000       0x2f
 *(.comment)
 .comment       0x00000000       0x2f libGBK2K_pic.a(citrus_gbk2k.pico)
                                 0x30 (size before relaxing)

.ident          0x00000000      0x11c
 .ident         0x00000000       0x36 /usr/lib/crti.o
 .ident         0x00000036       0x3a /usr/lib/crtbeginS.o
 .ident         0x00000070       0x3e libGBK2K_pic.a(citrus_gbk2k.pico)
 .ident         0x000000ae       0x38 /usr/lib/crtendS.o
 .ident         0x000000e6       0x36 /usr/lib/crtn.o

.debug
 *(.debug)

.line
 *(.line)

.debug_srcinfo
 *(.debug_srcinfo)

.debug_sfnames
 *(.debug_sfnames)

.debug_aranges
 *(.debug_aranges)

.debug_pubnames
 *(.debug_pubnames)

.debug_info
 *(.debug_info .gnu.linkonce.wi.*)

.debug_abbrev
 *(.debug_abbrev)

.debug_line
 *(.debug_line)

.debug_frame
 *(.debug_frame)

.debug_str
 *(.debug_str)

.debug_loc
 *(.debug_loc)

.debug_macinfo
 *(.debug_macinfo)

.debug_weaknames
 *(.debug_weaknames)

.debug_funcnames
 *(.debug_funcnames)

.debug_typenames
 *(.debug_typenames)

.debug_varnames
 *(.debug_varnames)

.debug_pubtypes
 *(.debug_pubtypes)

.debug_ranges
 *(.debug_ranges)

.debug_macro
 *(.debug_macro)

.gnu.attributes
 *(.gnu.attributes)

/DISCARD/
 *(.note.GNU-stack)
 *(.gnu_debuglink)
 *(.gnu.lto_*)
OUTPUT(libGBK2K.so.5.0 elf32-i386-minix)
