Archive member included because of file (symbol)

/usr/src/sys/arch/i386/stand/bootxx/bootxx_ext2fs/lib/i386/libi386.a(putstr.o)
                              boot1.o (putstr)
/usr/src/sys/arch/i386/stand/bootxx/bootxx_ext2fs/lib/i386/libi386.a(biosdisk_ll.o)
                              boot1.o (readsects)
/usr/src/sys/arch/i386/stand/bootxx/bootxx_ext2fs/lib/i386/libi386.a(pvcopy.o)
                              /usr/src/sys/arch/i386/stand/bootxx/bootxx_ext2fs/lib/i386/libi386.a(biosdisk_ll.o) (pvbcopy)
/usr/src/sys/arch/i386/stand/bootxx/bootxx_ext2fs/lib/i386/libi386.a(bios_disk.o)
                              /usr/src/sys/arch/i386/stand/bootxx/bootxx_ext2fs/lib/i386/libi386.a(biosdisk_ll.o) (biosdisk_reset)
/usr/src/sys/arch/i386/stand/bootxx/bootxx_ext2fs/lib/i386/libi386.a(dump_eax.o)
                              /usr/src/sys/arch/i386/stand/bootxx/bootxx_ext2fs/lib/i386/libi386.a(putstr.o) (dump_eax)
/usr/src/sys/arch/i386/stand/bootxx/bootxx_ext2fs/lib/i386/libi386.a(realprot.o)
                              /usr/src/sys/arch/i386/stand/bootxx/bootxx_ext2fs/lib/i386/libi386.a(pvcopy.o) (flatdataseg)
/usr/src/sys/arch/i386/stand/bootxx/bootxx_ext2fs/lib/sa/libsa.a(ext2fs.o)
                              bootxx.o (ext2fs_close)
/usr/src/sys/arch/i386/stand/bootxx/bootxx_ext2fs/lib/sa/libsa.a(globals.o)
                              /usr/src/sys/arch/i386/stand/bootxx/bootxx_ext2fs/lib/sa/libsa.a(ext2fs.o) (fsmod)
/usr/src/sys/arch/i386/stand/bootxx/bootxx_ext2fs/lib/sa/libsa.a(errno.o)
                              bootxx.o (errno)
/usr/src/sys/arch/i386/stand/bootxx/bootxx_ext2fs/lib/sa/libsa.a(read.o)
                              boot1.o (read)
/usr/src/sys/arch/i386/stand/bootxx/bootxx_ext2fs/lib/sa/libsa.a(open.o)
                              boot1.o (open)
/usr/src/sys/arch/i386/stand/bootxx/bootxx_ext2fs/lib/sa/libsa.a(fstat.o)
                              boot1.o (fstat)
/usr/src/sys/arch/i386/stand/bootxx/bootxx_ext2fs/lib/sa/libsa.a(alloc.o)
                              /usr/src/sys/arch/i386/stand/bootxx/bootxx_ext2fs/lib/sa/libsa.a(ext2fs.o) (alloc)
/usr/src/sys/arch/i386/stand/bootxx/bootxx_ext2fs/lib/sa/libsa.a(files.o)
                              /usr/src/sys/arch/i386/stand/bootxx/bootxx_ext2fs/lib/sa/libsa.a(read.o) (files)
/usr/lib/libminc.a(memmove.o)
                              /usr/src/sys/arch/i386/stand/bootxx/bootxx_ext2fs/lib/sa/libsa.a(ext2fs.o) (memmove)
/usr/lib/libminc.a(memcmp.o)  /usr/src/sys/arch/i386/stand/bootxx/bootxx_ext2fs/lib/sa/libsa.a(ext2fs.o) (memcmp)
/usr/lib/libminc.a(strlen.o)  /usr/src/sys/arch/i386/stand/bootxx/bootxx_ext2fs/lib/sa/libsa.a(ext2fs.o) (strlen)
/usr/lib/libminc.a(memcpy.o)  /usr/src/sys/arch/i386/stand/bootxx/bootxx_ext2fs/lib/sa/libsa.a(ext2fs.o) (memcpy)
/usr/lib/libminc.a(memset.o)  /usr/src/sys/arch/i386/stand/bootxx/bootxx_ext2fs/lib/sa/libsa.a(ext2fs.o) (memset)

Allocating common symbols
Common symbol       size              file

errno               0x4               /usr/src/sys/arch/i386/stand/bootxx/bootxx_ext2fs/lib/sa/libsa.a(errno.o)
rootip              0x4               /usr/src/sys/arch/i386/stand/bootxx/bootxx_ext2fs/lib/sa/libsa.a(globals.o)
myip                0x4               /usr/src/sys/arch/i386/stand/bootxx/bootxx_ext2fs/lib/sa/libsa.a(globals.o)
hostname            0x80              /usr/src/sys/arch/i386/stand/bootxx/bootxx_ext2fs/lib/sa/libsa.a(globals.o)
rootpath            0x80              /usr/src/sys/arch/i386/stand/bootxx/bootxx_ext2fs/lib/sa/libsa.a(globals.o)
bootfile            0x80              /usr/src/sys/arch/i386/stand/bootxx/bootxx_ext2fs/lib/sa/libsa.a(globals.o)
gateip              0x4               /usr/src/sys/arch/i386/stand/bootxx/bootxx_ext2fs/lib/sa/libsa.a(globals.o)
files               0x30              /usr/src/sys/arch/i386/stand/bootxx/bootxx_ext2fs/lib/sa/libsa.a(files.o)
freelist            0x4               /usr/src/sys/arch/i386/stand/bootxx/bootxx_ext2fs/lib/sa/libsa.a(alloc.o)

Memory Configuration

Name             Origin             Length             Attributes
*default*        0x00000000         0xffffffff

Linker script and memory map


.text           0x00001000     0x1bb7
 *(.text)
 .text          0x00001000      0x200 pbr.o
                0x00001000                start
                0x00001198                message
                0x00001199                message_1
 .text          0x00001200      0x200 label.o
                0x00001200                ptn_disklabel
 .text          0x00001400      0x131 bootxx.o
                0x00001400                bootxx
                0x00001404                bootxx_magic
                0x00001509                _rtt
                0x0000151d                xxfs_open
                0x00001522                xxfs_close
                0x00001527                xxfs_read
                0x0000152c                xxfs_stat
 *fill*         0x00001531        0x3 00000000
 .text          0x00001534      0x1ff boot1.o
                0x00001534                boot1
                0x000016b4                blkdevstrategy
 *fill*         0x00001733        0x1 00000000
 .text          0x00001734       0x2f /usr/src/sys/arch/i386/stand/bootxx/bootxx_ext2fs/lib/i386/libi386.a(putstr.o)
                0x00001734                putstr
                0x0000174e                putint
 *fill*         0x00001763        0x1 00000000
 .text          0x00001764      0x2fd /usr/src/sys/arch/i386/stand/bootxx/bootxx_ext2fs/lib/i386/libi386.a(biosdisk_ll.o)
                0x00001764                set_geometry
                0x000018a0                get_harddrives
                0x000018cf                readsects
 *fill*         0x00001a61        0x3 00000000
 .text          0x00001a64       0x54 /usr/src/sys/arch/i386/stand/bootxx/bootxx_ext2fs/lib/i386/libi386.a(pvcopy.o)
                0x00001a64                pbzero
                0x00001a7c                vpbcopy
                0x00001a9a                pvbcopy
 .text          0x00001ab8      0x13e /usr/src/sys/arch/i386/stand/bootxx/bootxx_ext2fs/lib/i386/libi386.a(bios_disk.o)
                0x00001ab8                biosdisk_reset
                0x00001ad8                biosdisk_read
                0x00001b27                biosdisk_getinfo
                0x00001b62                biosdisk_int13ext
                0x00001b90                biosdisk_extread
                0x00001bc4                biosdisk_getextinfo
 *fill*         0x00001bf6        0x2 00000000
 .text          0x00001bf8       0x24 /usr/src/sys/arch/i386/stand/bootxx/bootxx_ext2fs/lib/i386/libi386.a(dump_eax.o)
                0x00001bf8                dump_eax
 *fill*         0x00001c1c        0x4 00000000
 .text          0x00001c20      0x169 /usr/src/sys/arch/i386/stand/bootxx/bootxx_ext2fs/lib/i386/libi386.a(realprot.o)
                0x00001c70                gdt_fixup
                0x00001cbe                real_to_prot
                0x00001ce8                prot_to_real
                0x00001d66                dump_eax_buff
                0x00001d79                vtophys
 *fill*         0x00001d89        0x3 00000000
 .text          0x00001d8c      0xb4a /usr/src/sys/arch/i386/stand/bootxx/bootxx_ext2fs/lib/sa/libsa.a(ext2fs.o)
                0x00001d8c                ext2fs_open
                0x0000263c                ext2fs_close
                0x0000269b                ext2fs_read
                0x0000288a                ext2fs_stat
 *fill*         0x000028d6        0x2 00000000
 .text          0x000028d8        0x0 /usr/src/sys/arch/i386/stand/bootxx/bootxx_ext2fs/lib/sa/libsa.a(globals.o)
 .text          0x000028d8        0x0 /usr/src/sys/arch/i386/stand/bootxx/bootxx_ext2fs/lib/sa/libsa.a(errno.o)
 .text          0x000028d8       0x45 /usr/src/sys/arch/i386/stand/bootxx/bootxx_ext2fs/lib/sa/libsa.a(read.o)
                0x000028d8                read
 *fill*         0x0000291d        0x3 00000000
 .text          0x00002920       0x5a /usr/src/sys/arch/i386/stand/bootxx/bootxx_ext2fs/lib/sa/libsa.a(open.o)
                0x00002920                open
 *fill*         0x0000297a        0x2 00000000
 .text          0x0000297c       0x1c /usr/src/sys/arch/i386/stand/bootxx/bootxx_ext2fs/lib/sa/libsa.a(fstat.o)
                0x0000297c                fstat
 .text          0x00002998       0x88 /usr/src/sys/arch/i386/stand/bootxx/bootxx_ext2fs/lib/sa/libsa.a(alloc.o)
                0x00002998                alloc
                0x00002a0f                dealloc
 .text          0x00002a20        0x0 /usr/src/sys/arch/i386/stand/bootxx/bootxx_ext2fs/lib/sa/libsa.a(files.o)
 .text          0x00002a20       0x7d /usr/lib/libminc.a(memmove.o)
                0x00002a20                memmove
 *fill*         0x00002a9d        0x3 00000000
 .text          0x00002aa0       0x3f /usr/lib/libminc.a(memcmp.o)
                0x00002aa0                memcmp
 *fill*         0x00002adf        0x1 00000000
 .text          0x00002ae0       0x4b /usr/lib/libminc.a(strlen.o)
                0x00002ae0                strlen
 *fill*         0x00002b2b        0x5 00000000
 .text          0x00002b30       0x3e /usr/lib/libminc.a(memcpy.o)
                0x00002b30                memcpy
 *fill*         0x00002b6e        0x2 00000000
 .text          0x00002b70       0x47 /usr/lib/libminc.a(memset.o)
                0x00002b70                memset
 *(.text.*)
 *(.stub)
 *(.text)
                0x00002bb7                _etext = .
                0x00002bb7                PROVIDE (etext, .)

.iplt           0x00002bc0        0x0
 .iplt          0x00000000        0x0 bootxx.o

.rodata         0x00002bb7       0xa5
 *(.rodata)
 *(.rodata.*)
 .rodata.str1.1
                0x00002bb7       0x9e boot1.o
 .rodata.str1.1
                0x00002c55        0x7 /usr/src/sys/arch/i386/stand/bootxx/bootxx_ext2fs/lib/sa/libsa.a(ext2fs.o)
                0x00002c5c                __data_start = .

.rel.dyn        0x00002c5c        0x0
 .rel.iplt      0x00000000        0x0 bootxx.o
 .rel.text      0x00000000        0x0 bootxx.o
 .rel.data      0x00000000        0x0 bootxx.o

.data           0x00002c5c       0x10
 *(.data)
 .data          0x00002c5c        0x0 pbr.o
 .data          0x00002c5c        0x0 label.o
 .data          0x00002c5c        0x0 bootxx.o
 .data          0x00002c5c        0x0 boot1.o
 .data          0x00002c5c        0x0 /usr/src/sys/arch/i386/stand/bootxx/bootxx_ext2fs/lib/i386/libi386.a(putstr.o)
 .data          0x00002c5c        0x0 /usr/src/sys/arch/i386/stand/bootxx/bootxx_ext2fs/lib/i386/libi386.a(biosdisk_ll.o)
 .data          0x00002c5c        0x0 /usr/src/sys/arch/i386/stand/bootxx/bootxx_ext2fs/lib/i386/libi386.a(pvcopy.o)
 .data          0x00002c5c        0x0 /usr/src/sys/arch/i386/stand/bootxx/bootxx_ext2fs/lib/i386/libi386.a(bios_disk.o)
 .data          0x00002c5c        0x0 /usr/src/sys/arch/i386/stand/bootxx/bootxx_ext2fs/lib/i386/libi386.a(dump_eax.o)
 .data          0x00002c5c        0x0 /usr/src/sys/arch/i386/stand/bootxx/bootxx_ext2fs/lib/i386/libi386.a(realprot.o)
 .data          0x00002c5c        0x0 /usr/src/sys/arch/i386/stand/bootxx/bootxx_ext2fs/lib/sa/libsa.a(ext2fs.o)
 .data          0x00002c5c        0xc /usr/src/sys/arch/i386/stand/bootxx/bootxx_ext2fs/lib/sa/libsa.a(globals.o)
                0x00002c5c                bcea
                0x00002c64                netmask
 .data          0x00002c68        0x0 /usr/src/sys/arch/i386/stand/bootxx/bootxx_ext2fs/lib/sa/libsa.a(errno.o)
 .data          0x00002c68        0x0 /usr/src/sys/arch/i386/stand/bootxx/bootxx_ext2fs/lib/sa/libsa.a(read.o)
 .data          0x00002c68        0x0 /usr/src/sys/arch/i386/stand/bootxx/bootxx_ext2fs/lib/sa/libsa.a(open.o)
 .data          0x00002c68        0x0 /usr/src/sys/arch/i386/stand/bootxx/bootxx_ext2fs/lib/sa/libsa.a(fstat.o)
 .data          0x00002c68        0x4 /usr/src/sys/arch/i386/stand/bootxx/bootxx_ext2fs/lib/sa/libsa.a(alloc.o)
 .data          0x00002c6c        0x0 /usr/src/sys/arch/i386/stand/bootxx/bootxx_ext2fs/lib/sa/libsa.a(files.o)
 .data          0x00002c6c        0x0 /usr/lib/libminc.a(memmove.o)
 .data          0x00002c6c        0x0 /usr/lib/libminc.a(memcmp.o)
 .data          0x00002c6c        0x0 /usr/lib/libminc.a(strlen.o)
 .data          0x00002c6c        0x0 /usr/lib/libminc.a(memcpy.o)
 .data          0x00002c6c        0x0 /usr/lib/libminc.a(memset.o)

.igot.plt       0x00002c6c        0x0
 .igot.plt      0x00000000        0x0 bootxx.o

.data.cacheline_aligned
 *(.data.cacheline_aligned)

.data.read_mostly
 *(.data.read_mostly)
                0x00002c6c                _edata = .
                0x00002c6c                PROVIDE (edata, .)
                0x00002c6c                __bss_start = .

.bss            0x00002c70      0x5f0
 *(.bss)
 .bss           0x00002c70        0x0 pbr.o
 .bss           0x00002c70        0x0 label.o
 .bss           0x00002c70        0x0 bootxx.o
 .bss           0x00002c70       0x28 boot1.o
 .bss           0x00002c98        0x0 /usr/src/sys/arch/i386/stand/bootxx/bootxx_ext2fs/lib/i386/libi386.a(putstr.o)
 .bss           0x00002c98        0x0 /usr/src/sys/arch/i386/stand/bootxx/bootxx_ext2fs/lib/i386/libi386.a(biosdisk_ll.o)
 .bss           0x00002c98        0x0 /usr/src/sys/arch/i386/stand/bootxx/bootxx_ext2fs/lib/i386/libi386.a(pvcopy.o)
 .bss           0x00002c98        0x0 /usr/src/sys/arch/i386/stand/bootxx/bootxx_ext2fs/lib/i386/libi386.a(bios_disk.o)
 .bss           0x00002c98        0x0 /usr/src/sys/arch/i386/stand/bootxx/bootxx_ext2fs/lib/i386/libi386.a(dump_eax.o)
 .bss           0x00002c98        0x0 /usr/src/sys/arch/i386/stand/bootxx/bootxx_ext2fs/lib/i386/libi386.a(realprot.o)
 .bss           0x00002c98      0x400 /usr/src/sys/arch/i386/stand/bootxx/bootxx_ext2fs/lib/sa/libsa.a(ext2fs.o)
 .bss           0x00003098        0x4 /usr/src/sys/arch/i386/stand/bootxx/bootxx_ext2fs/lib/sa/libsa.a(globals.o)
                0x00003098                fsmod
 .bss           0x0000309c        0x0 /usr/src/sys/arch/i386/stand/bootxx/bootxx_ext2fs/lib/sa/libsa.a(errno.o)
 .bss           0x0000309c        0x0 /usr/src/sys/arch/i386/stand/bootxx/bootxx_ext2fs/lib/sa/libsa.a(read.o)
 .bss           0x0000309c        0x0 /usr/src/sys/arch/i386/stand/bootxx/bootxx_ext2fs/lib/sa/libsa.a(open.o)
 .bss           0x0000309c        0x0 /usr/src/sys/arch/i386/stand/bootxx/bootxx_ext2fs/lib/sa/libsa.a(fstat.o)
 .bss           0x0000309c        0x0 /usr/src/sys/arch/i386/stand/bootxx/bootxx_ext2fs/lib/sa/libsa.a(alloc.o)
 .bss           0x0000309c        0x0 /usr/src/sys/arch/i386/stand/bootxx/bootxx_ext2fs/lib/sa/libsa.a(files.o)
 .bss           0x0000309c        0x0 /usr/lib/libminc.a(memmove.o)
 .bss           0x0000309c        0x0 /usr/lib/libminc.a(memcmp.o)
 .bss           0x0000309c        0x0 /usr/lib/libminc.a(strlen.o)
 .bss           0x0000309c        0x0 /usr/lib/libminc.a(memcpy.o)
 .bss           0x0000309c        0x0 /usr/lib/libminc.a(memset.o)
 *(.bss.*)
 *(COMMON)
 COMMON         0x0000309c      0x18c /usr/src/sys/arch/i386/stand/bootxx/bootxx_ext2fs/lib/sa/libsa.a(globals.o)
                0x0000309c                rootip
                0x000030a0                myip
                0x000030a4                hostname
                0x00003124                rootpath
                0x000031a4                bootfile
                0x00003224                gateip
 COMMON         0x00003228        0x4 /usr/src/sys/arch/i386/stand/bootxx/bootxx_ext2fs/lib/sa/libsa.a(errno.o)
                0x00003228                errno
 COMMON         0x0000322c        0x4 /usr/src/sys/arch/i386/stand/bootxx/bootxx_ext2fs/lib/sa/libsa.a(alloc.o)
                0x0000322c                freelist
 COMMON         0x00003230       0x30 /usr/src/sys/arch/i386/stand/bootxx/bootxx_ext2fs/lib/sa/libsa.a(files.o)
                0x00003230                files
                0x00003260                . = ALIGN (0x4)
                0x00003260                . = ALIGN (0x4)
                0x00003260                _end = .
                0x00003260                PROVIDE (end, .)

/DISCARD/
 *(.eh_frame_hdr)
 *(.eh_frame)
 *(.note.netbsd.ident)
Address of section .text set to 0x1000
LOAD pbr.o
LOAD label.o
LOAD bootxx.o
LOAD boot1.o
LOAD /usr/src/sys/arch/i386/stand/bootxx/bootxx_ext2fs/lib/i386/libi386.a
LOAD /usr/src/sys/arch/i386/stand/bootxx/bootxx_ext2fs/lib/sa/libsa.a
LOAD /usr/lib/libminc.a
LOAD /usr/src/sys/arch/i386/stand/bootxx/bootxx_ext2fs/lib/i386/libi386.a
LOAD /usr/src/sys/arch/i386/stand/bootxx/bootxx_ext2fs/lib/sa/libsa.a
OUTPUT(bootxx_ext2fs.sym elf32-i386-minix)

.ident          0x00000000       0x3b
 .ident         0x00000000       0x3b boot1.o

.comment        0x00000000       0x2f
 .comment       0x00000000       0x2f boot1.o
                                 0x30 (size before relaxing)
 .comment       0x00000000       0x30 /usr/src/sys/arch/i386/stand/bootxx/bootxx_ext2fs/lib/i386/libi386.a(biosdisk_ll.o)
 .comment       0x00000000       0x30 /usr/src/sys/arch/i386/stand/bootxx/bootxx_ext2fs/lib/sa/libsa.a(ext2fs.o)
 .comment       0x00000000       0x30 /usr/src/sys/arch/i386/stand/bootxx/bootxx_ext2fs/lib/sa/libsa.a(globals.o)
 .comment       0x00000000       0x30 /usr/src/sys/arch/i386/stand/bootxx/bootxx_ext2fs/lib/sa/libsa.a(errno.o)
 .comment       0x00000000       0x30 /usr/src/sys/arch/i386/stand/bootxx/bootxx_ext2fs/lib/sa/libsa.a(read.o)
 .comment       0x00000000       0x30 /usr/src/sys/arch/i386/stand/bootxx/bootxx_ext2fs/lib/sa/libsa.a(open.o)
 .comment       0x00000000       0x30 /usr/src/sys/arch/i386/stand/bootxx/bootxx_ext2fs/lib/sa/libsa.a(fstat.o)
 .comment       0x00000000       0x30 /usr/src/sys/arch/i386/stand/bootxx/bootxx_ext2fs/lib/sa/libsa.a(alloc.o)
 .comment       0x00000000       0x30 /usr/src/sys/arch/i386/stand/bootxx/bootxx_ext2fs/lib/sa/libsa.a(files.o)

.note.GNU-stack
                0x00000000        0x0
 .note.GNU-stack
                0x00000000        0x0 boot1.o
 .note.GNU-stack
                0x00000000        0x0 /usr/src/sys/arch/i386/stand/bootxx/bootxx_ext2fs/lib/i386/libi386.a(biosdisk_ll.o)
 .note.GNU-stack
                0x00000000        0x0 /usr/src/sys/arch/i386/stand/bootxx/bootxx_ext2fs/lib/sa/libsa.a(ext2fs.o)
 .note.GNU-stack
                0x00000000        0x0 /usr/src/sys/arch/i386/stand/bootxx/bootxx_ext2fs/lib/sa/libsa.a(globals.o)
 .note.GNU-stack
                0x00000000        0x0 /usr/src/sys/arch/i386/stand/bootxx/bootxx_ext2fs/lib/sa/libsa.a(errno.o)
 .note.GNU-stack
                0x00000000        0x0 /usr/src/sys/arch/i386/stand/bootxx/bootxx_ext2fs/lib/sa/libsa.a(read.o)
 .note.GNU-stack
                0x00000000        0x0 /usr/src/sys/arch/i386/stand/bootxx/bootxx_ext2fs/lib/sa/libsa.a(open.o)
 .note.GNU-stack
                0x00000000        0x0 /usr/src/sys/arch/i386/stand/bootxx/bootxx_ext2fs/lib/sa/libsa.a(fstat.o)
 .note.GNU-stack
                0x00000000        0x0 /usr/src/sys/arch/i386/stand/bootxx/bootxx_ext2fs/lib/sa/libsa.a(alloc.o)
 .note.GNU-stack
                0x00000000        0x0 /usr/src/sys/arch/i386/stand/bootxx/bootxx_ext2fs/lib/sa/libsa.a(files.o)

Cross Reference Table

Symbol                                            File
__bss_start                                       bootxx.o
_end                                              bootxx.o
_rtt                                              bootxx.o
alloc                                             /usr/src/sys/arch/i386/stand/bootxx/bootxx_ext2fs/lib/sa/libsa.a(alloc.o)
                                                  /usr/src/sys/arch/i386/stand/bootxx/bootxx_ext2fs/lib/sa/libsa.a(ext2fs.o)
bcea                                              /usr/src/sys/arch/i386/stand/bootxx/bootxx_ext2fs/lib/sa/libsa.a(globals.o)
biosdisk_extread                                  /usr/src/sys/arch/i386/stand/bootxx/bootxx_ext2fs/lib/i386/libi386.a(bios_disk.o)
                                                  /usr/src/sys/arch/i386/stand/bootxx/bootxx_ext2fs/lib/i386/libi386.a(biosdisk_ll.o)
biosdisk_getextinfo                               /usr/src/sys/arch/i386/stand/bootxx/bootxx_ext2fs/lib/i386/libi386.a(bios_disk.o)
                                                  /usr/src/sys/arch/i386/stand/bootxx/bootxx_ext2fs/lib/i386/libi386.a(biosdisk_ll.o)
biosdisk_getinfo                                  /usr/src/sys/arch/i386/stand/bootxx/bootxx_ext2fs/lib/i386/libi386.a(bios_disk.o)
                                                  /usr/src/sys/arch/i386/stand/bootxx/bootxx_ext2fs/lib/i386/libi386.a(biosdisk_ll.o)
biosdisk_int13ext                                 /usr/src/sys/arch/i386/stand/bootxx/bootxx_ext2fs/lib/i386/libi386.a(bios_disk.o)
                                                  /usr/src/sys/arch/i386/stand/bootxx/bootxx_ext2fs/lib/i386/libi386.a(biosdisk_ll.o)
biosdisk_read                                     /usr/src/sys/arch/i386/stand/bootxx/bootxx_ext2fs/lib/i386/libi386.a(bios_disk.o)
                                                  /usr/src/sys/arch/i386/stand/bootxx/bootxx_ext2fs/lib/i386/libi386.a(biosdisk_ll.o)
biosdisk_reset                                    /usr/src/sys/arch/i386/stand/bootxx/bootxx_ext2fs/lib/i386/libi386.a(bios_disk.o)
                                                  /usr/src/sys/arch/i386/stand/bootxx/bootxx_ext2fs/lib/i386/libi386.a(biosdisk_ll.o)
blkdevstrategy                                    boot1.o
                                                  /usr/src/sys/arch/i386/stand/bootxx/bootxx_ext2fs/lib/sa/libsa.a(ext2fs.o)
boot1                                             boot1.o
                                                  bootxx.o
bootfile                                          /usr/src/sys/arch/i386/stand/bootxx/bootxx_ext2fs/lib/sa/libsa.a(globals.o)
bootxx                                            bootxx.o
                                                  pbr.o
bootxx_magic                                      bootxx.o
                                                  pbr.o
dealloc                                           /usr/src/sys/arch/i386/stand/bootxx/bootxx_ext2fs/lib/sa/libsa.a(alloc.o)
                                                  /usr/src/sys/arch/i386/stand/bootxx/bootxx_ext2fs/lib/sa/libsa.a(ext2fs.o)
dump_eax                                          /usr/src/sys/arch/i386/stand/bootxx/bootxx_ext2fs/lib/i386/libi386.a(dump_eax.o)
                                                  /usr/src/sys/arch/i386/stand/bootxx/bootxx_ext2fs/lib/i386/libi386.a(realprot.o)
                                                  /usr/src/sys/arch/i386/stand/bootxx/bootxx_ext2fs/lib/i386/libi386.a(putstr.o)
dump_eax_buff                                     /usr/src/sys/arch/i386/stand/bootxx/bootxx_ext2fs/lib/i386/libi386.a(realprot.o)
                                                  /usr/src/sys/arch/i386/stand/bootxx/bootxx_ext2fs/lib/i386/libi386.a(dump_eax.o)
end                                               /usr/src/sys/arch/i386/stand/bootxx/bootxx_ext2fs/lib/sa/libsa.a(alloc.o)
errno                                             /usr/src/sys/arch/i386/stand/bootxx/bootxx_ext2fs/lib/sa/libsa.a(fstat.o)
                                                  /usr/src/sys/arch/i386/stand/bootxx/bootxx_ext2fs/lib/sa/libsa.a(open.o)
                                                  /usr/src/sys/arch/i386/stand/bootxx/bootxx_ext2fs/lib/sa/libsa.a(read.o)
                                                  /usr/src/sys/arch/i386/stand/bootxx/bootxx_ext2fs/lib/sa/libsa.a(errno.o)
                                                  bootxx.o
ext2fs_close                                      /usr/src/sys/arch/i386/stand/bootxx/bootxx_ext2fs/lib/sa/libsa.a(ext2fs.o)
                                                  bootxx.o
ext2fs_open                                       /usr/src/sys/arch/i386/stand/bootxx/bootxx_ext2fs/lib/sa/libsa.a(ext2fs.o)
                                                  bootxx.o
ext2fs_read                                       /usr/src/sys/arch/i386/stand/bootxx/bootxx_ext2fs/lib/sa/libsa.a(ext2fs.o)
                                                  bootxx.o
ext2fs_stat                                       /usr/src/sys/arch/i386/stand/bootxx/bootxx_ext2fs/lib/sa/libsa.a(ext2fs.o)
                                                  bootxx.o
files                                             /usr/src/sys/arch/i386/stand/bootxx/bootxx_ext2fs/lib/sa/libsa.a(files.o)
                                                  /usr/src/sys/arch/i386/stand/bootxx/bootxx_ext2fs/lib/sa/libsa.a(fstat.o)
                                                  /usr/src/sys/arch/i386/stand/bootxx/bootxx_ext2fs/lib/sa/libsa.a(open.o)
                                                  /usr/src/sys/arch/i386/stand/bootxx/bootxx_ext2fs/lib/sa/libsa.a(read.o)
flatcodeseg                                       /usr/src/sys/arch/i386/stand/bootxx/bootxx_ext2fs/lib/i386/libi386.a(realprot.o)
flatdataseg                                       /usr/src/sys/arch/i386/stand/bootxx/bootxx_ext2fs/lib/i386/libi386.a(realprot.o)
                                                  /usr/src/sys/arch/i386/stand/bootxx/bootxx_ext2fs/lib/i386/libi386.a(pvcopy.o)
freelist                                          /usr/src/sys/arch/i386/stand/bootxx/bootxx_ext2fs/lib/sa/libsa.a(alloc.o)
fsmod                                             /usr/src/sys/arch/i386/stand/bootxx/bootxx_ext2fs/lib/sa/libsa.a(globals.o)
                                                  /usr/src/sys/arch/i386/stand/bootxx/bootxx_ext2fs/lib/sa/libsa.a(ext2fs.o)
fstat                                             /usr/src/sys/arch/i386/stand/bootxx/bootxx_ext2fs/lib/sa/libsa.a(fstat.o)
                                                  boot1.o
gateip                                            /usr/src/sys/arch/i386/stand/bootxx/bootxx_ext2fs/lib/sa/libsa.a(globals.o)
gdt_fixup                                         /usr/src/sys/arch/i386/stand/bootxx/bootxx_ext2fs/lib/i386/libi386.a(realprot.o)
                                                  bootxx.o
get_harddrives                                    /usr/src/sys/arch/i386/stand/bootxx/bootxx_ext2fs/lib/i386/libi386.a(biosdisk_ll.o)
hostname                                          /usr/src/sys/arch/i386/stand/bootxx/bootxx_ext2fs/lib/sa/libsa.a(globals.o)
memcmp                                            /usr/lib/libminc.a(memcmp.o)
                                                  /usr/src/sys/arch/i386/stand/bootxx/bootxx_ext2fs/lib/sa/libsa.a(ext2fs.o)
memcpy                                            /usr/lib/libminc.a(memcpy.o)
                                                  /usr/src/sys/arch/i386/stand/bootxx/bootxx_ext2fs/lib/sa/libsa.a(ext2fs.o)
memmove                                           /usr/lib/libminc.a(memmove.o)
                                                  /usr/src/sys/arch/i386/stand/bootxx/bootxx_ext2fs/lib/sa/libsa.a(ext2fs.o)
memset                                            /usr/lib/libminc.a(memset.o)
                                                  /usr/src/sys/arch/i386/stand/bootxx/bootxx_ext2fs/lib/sa/libsa.a(ext2fs.o)
message                                           pbr.o
                                                  /usr/src/sys/arch/i386/stand/bootxx/bootxx_ext2fs/lib/i386/libi386.a(realprot.o)
                                                  /usr/src/sys/arch/i386/stand/bootxx/bootxx_ext2fs/lib/i386/libi386.a(putstr.o)
                                                  bootxx.o
message_1                                         pbr.o
                                                  /usr/src/sys/arch/i386/stand/bootxx/bootxx_ext2fs/lib/i386/libi386.a(dump_eax.o)
myip                                              /usr/src/sys/arch/i386/stand/bootxx/bootxx_ext2fs/lib/sa/libsa.a(globals.o)
netmask                                           /usr/src/sys/arch/i386/stand/bootxx/bootxx_ext2fs/lib/sa/libsa.a(globals.o)
open                                              /usr/src/sys/arch/i386/stand/bootxx/bootxx_ext2fs/lib/sa/libsa.a(open.o)
                                                  boot1.o
pbzero                                            /usr/src/sys/arch/i386/stand/bootxx/bootxx_ext2fs/lib/i386/libi386.a(pvcopy.o)
prot_to_real                                      /usr/src/sys/arch/i386/stand/bootxx/bootxx_ext2fs/lib/i386/libi386.a(realprot.o)
                                                  /usr/src/sys/arch/i386/stand/bootxx/bootxx_ext2fs/lib/i386/libi386.a(bios_disk.o)
                                                  /usr/src/sys/arch/i386/stand/bootxx/bootxx_ext2fs/lib/i386/libi386.a(putstr.o)
                                                  bootxx.o
ptn_disklabel                                     label.o
                                                  boot1.o
putint                                            /usr/src/sys/arch/i386/stand/bootxx/bootxx_ext2fs/lib/i386/libi386.a(putstr.o)
putstr                                            /usr/src/sys/arch/i386/stand/bootxx/bootxx_ext2fs/lib/i386/libi386.a(putstr.o)
                                                  boot1.o
pvbcopy                                           /usr/src/sys/arch/i386/stand/bootxx/bootxx_ext2fs/lib/i386/libi386.a(pvcopy.o)
                                                  /usr/src/sys/arch/i386/stand/bootxx/bootxx_ext2fs/lib/i386/libi386.a(biosdisk_ll.o)
read                                              /usr/src/sys/arch/i386/stand/bootxx/bootxx_ext2fs/lib/sa/libsa.a(read.o)
                                                  boot1.o
readsects                                         /usr/src/sys/arch/i386/stand/bootxx/bootxx_ext2fs/lib/i386/libi386.a(biosdisk_ll.o)
                                                  boot1.o
real_to_prot                                      /usr/src/sys/arch/i386/stand/bootxx/bootxx_ext2fs/lib/i386/libi386.a(realprot.o)
                                                  /usr/src/sys/arch/i386/stand/bootxx/bootxx_ext2fs/lib/i386/libi386.a(bios_disk.o)
                                                  /usr/src/sys/arch/i386/stand/bootxx/bootxx_ext2fs/lib/i386/libi386.a(putstr.o)
                                                  bootxx.o
rootip                                            /usr/src/sys/arch/i386/stand/bootxx/bootxx_ext2fs/lib/sa/libsa.a(globals.o)
rootpath                                          /usr/src/sys/arch/i386/stand/bootxx/bootxx_ext2fs/lib/sa/libsa.a(globals.o)
set_geometry                                      /usr/src/sys/arch/i386/stand/bootxx/bootxx_ext2fs/lib/i386/libi386.a(biosdisk_ll.o)
                                                  boot1.o
start                                             pbr.o
strlen                                            /usr/lib/libminc.a(strlen.o)
                                                  /usr/src/sys/arch/i386/stand/bootxx/bootxx_ext2fs/lib/sa/libsa.a(ext2fs.o)
vpbcopy                                           /usr/src/sys/arch/i386/stand/bootxx/bootxx_ext2fs/lib/i386/libi386.a(pvcopy.o)
vtophys                                           /usr/src/sys/arch/i386/stand/bootxx/bootxx_ext2fs/lib/i386/libi386.a(realprot.o)
                                                  /usr/src/sys/arch/i386/stand/bootxx/bootxx_ext2fs/lib/i386/libi386.a(biosdisk_ll.o)
xxfs_close                                        bootxx.o
xxfs_open                                         bootxx.o
                                                  /usr/src/sys/arch/i386/stand/bootxx/bootxx_ext2fs/lib/sa/libsa.a(open.o)
xxfs_read                                         bootxx.o
                                                  /usr/src/sys/arch/i386/stand/bootxx/bootxx_ext2fs/lib/sa/libsa.a(read.o)
xxfs_stat                                         bootxx.o
                                                  /usr/src/sys/arch/i386/stand/bootxx/bootxx_ext2fs/lib/sa/libsa.a(fstat.o)
